Component: Arm Compiler for Embedded 6.19 Tool: armlink [5e73cb00]

==============================================================================

Section Cross References

    empty.o(.text.send_packet) refers to ffixi.o(.text) for __aeabi_f2iz
    empty.o(.ARM.exidx.text.send_packet) refers to empty.o(.text.send_packet) for [Anonymous Symbol]
    empty.o(.text.main) refers to ti_msp_dl_config.o(.text.SYSCFG_DL_init) for SYSCFG_DL_init
    empty.o(.text.main) refers to im948_cmd.o(.text.Cmd_03) for Cmd_03
    empty.o(.text.main) refers to im948_cmd.o(.text.Cmd_12) for Cmd_12
    empty.o(.text.main) refers to im948_cmd.o(.text.Cmd_18) for Cmd_18
    empty.o(.text.main) refers to board.o(.text.delay_ms) for delay_ms
    empty.o(.text.main) refers to im948_cmd.o(.text.Cmd_05) for Cmd_05
    empty.o(.text.main) refers to im948_cmd.o(.text.Cmd_06) for Cmd_06
    empty.o(.text.main) refers to im948_cmd.o(.text.Cmd_11) for Cmd_11
    empty.o(.text.main) refers to faddsub.o(x$fpl$fadd) for __aeabi_fadd
    empty.o(.text.main) refers to ffixi.o(.text) for __aeabi_f2iz
    empty.o(.text.main) refers to fcmp.o(i._feq) for __aeabi_fcmpeq
    empty.o(.text.main) refers to im948_cmd.o(.bss.AngleZ) for AngleZ
    empty.o(.text.main) refers to empty.o(.bss.f_sendcmd) for f_sendcmd
    empty.o(.ARM.exidx.text.main) refers to empty.o(.text.main) for [Anonymous Symbol]
    empty.o(.ARM.exidx.text.SysTick_Handler) refers to empty.o(.text.SysTick_Handler) for [Anonymous Symbol]
    startup_mspm0g350x_uvision.o(STACK) refers (Special) to heapauxi.o(.text) for __use_two_region_memory
    startup_mspm0g350x_uvision.o(HEAP) refers (Special) to heapauxi.o(.text) for __use_two_region_memory
    startup_mspm0g350x_uvision.o(RESET) refers (Special) to heapauxi.o(.text) for __use_two_region_memory
    startup_mspm0g350x_uvision.o(RESET) refers to startup_mspm0g350x_uvision.o(STACK) for __initial_sp
    startup_mspm0g350x_uvision.o(RESET) refers to startup_mspm0g350x_uvision.o(.text) for Reset_Handler
    startup_mspm0g350x_uvision.o(RESET) refers to board.o(.text.HardFault_Handler) for HardFault_Handler
    startup_mspm0g350x_uvision.o(RESET) refers to empty.o(.text.SysTick_Handler) for SysTick_Handler
    startup_mspm0g350x_uvision.o(RESET) refers to board.o(.text.UART1_IRQHandler) for UART1_IRQHandler
    startup_mspm0g350x_uvision.o(RESET) refers to board.o(.text.UART0_IRQHandler) for UART0_IRQHandler
    startup_mspm0g350x_uvision.o(.text) refers (Special) to heapauxi.o(.text) for __use_two_region_memory
    startup_mspm0g350x_uvision.o(.text) refers to __main.o(!!!main) for __main
    startup_mspm0g350x_uvision.o(.text) refers to startup_mspm0g350x_uvision.o(HEAP) for Heap_Mem
    startup_mspm0g350x_uvision.o(.text) refers to startup_mspm0g350x_uvision.o(STACK) for Stack_Mem
    ti_msp_dl_config.o(.text.SYSCFG_DL_init) refers to ti_msp_dl_config.o(.text.SYSCFG_DL_initPower) for SYSCFG_DL_initPower
    ti_msp_dl_config.o(.text.SYSCFG_DL_init) refers to ti_msp_dl_config.o(.text.SYSCFG_DL_GPIO_init) for SYSCFG_DL_GPIO_init
    ti_msp_dl_config.o(.text.SYSCFG_DL_init) refers to ti_msp_dl_config.o(.text.SYSCFG_DL_SYSCTL_init) for SYSCFG_DL_SYSCTL_init
    ti_msp_dl_config.o(.text.SYSCFG_DL_init) refers to ti_msp_dl_config.o(.text.SYSCFG_DL_UART_0_init) for SYSCFG_DL_UART_0_init
    ti_msp_dl_config.o(.text.SYSCFG_DL_init) refers to ti_msp_dl_config.o(.text.SYSCFG_DL_UART_1_init) for SYSCFG_DL_UART_1_init
    ti_msp_dl_config.o(.text.SYSCFG_DL_init) refers to ti_msp_dl_config.o(.text.SYSCFG_DL_SYSTICK_init) for SYSCFG_DL_SYSTICK_init
    ti_msp_dl_config.o(.text.SYSCFG_DL_init) refers to ti_msp_dl_config.o(.text.SYSCFG_DL_WWDT0_init) for SYSCFG_DL_WWDT0_init
    ti_msp_dl_config.o(.ARM.exidx.text.SYSCFG_DL_init) refers to ti_msp_dl_config.o(.text.SYSCFG_DL_init) for [Anonymous Symbol]
    ti_msp_dl_config.o(.text.SYSCFG_DL_initPower) refers to dl_common.o(.text.DL_Common_delayCycles) for DL_Common_delayCycles
    ti_msp_dl_config.o(.ARM.exidx.text.SYSCFG_DL_initPower) refers to ti_msp_dl_config.o(.text.SYSCFG_DL_initPower) for [Anonymous Symbol]
    ti_msp_dl_config.o(.ARM.exidx.text.SYSCFG_DL_GPIO_init) refers to ti_msp_dl_config.o(.text.SYSCFG_DL_GPIO_init) for [Anonymous Symbol]
    ti_msp_dl_config.o(.ARM.exidx.text.SYSCFG_DL_SYSCTL_init) refers to ti_msp_dl_config.o(.text.SYSCFG_DL_SYSCTL_init) for [Anonymous Symbol]
    ti_msp_dl_config.o(.text.SYSCFG_DL_UART_0_init) refers to dl_uart.o(.text.DL_UART_setClockConfig) for DL_UART_setClockConfig
    ti_msp_dl_config.o(.text.SYSCFG_DL_UART_0_init) refers to dl_uart.o(.text.DL_UART_init) for DL_UART_init
    ti_msp_dl_config.o(.text.SYSCFG_DL_UART_0_init) refers to ti_msp_dl_config.o(.rodata.gUART_0ClockConfig) for [Anonymous Symbol]
    ti_msp_dl_config.o(.text.SYSCFG_DL_UART_0_init) refers to ti_msp_dl_config.o(.rodata.gUART_0Config) for [Anonymous Symbol]
[...]
    Removing dl_keystorectl.o(.text), (0 bytes).
    Removing dl_i2c.o(.text), (0 bytes).
    Removing dl_i2c.o(.text.DL_I2C_setClockConfig), (38 bytes).
    Removing dl_i2c.o(.ARM.exidx.text.DL_I2C_setClockConfig), (8 bytes).
    Removing dl_i2c.o(.text.DL_I2C_getClockConfig), (26 bytes).
    Removing dl_i2c.o(.ARM.exidx.text.DL_I2C_getClockConfig), (8 bytes).
    Removing dl_i2c.o(.text.DL_I2C_fillControllerTXFIFO), (140 bytes).
    Removing dl_i2c.o(.ARM.exidx.text.DL_I2C_fillControllerTXFIFO), (8 bytes).
    Removing dl_i2c.o(.text.DL_I2C_flushControllerTXFIFO), (68 bytes).
    Removing dl_i2c.o(.ARM.exidx.text.DL_I2C_flushControllerTXFIFO), (8 bytes).
    Removing dl_i2c.o(.text.DL_I2C_flushControllerRXFIFO), (52 bytes).
    Removing dl_i2c.o(.ARM.exidx.text.DL_I2C_flushControllerRXFIFO), (8 bytes).
    Removing dl_i2c.o(.text.DL_I2C_fillTargetTXFIFO), (144 bytes).
    Removing dl_i2c.o(.ARM.exidx.text.DL_I2C_fillTargetTXFIFO), (8 bytes).
    Removing dl_i2c.o(.text.DL_I2C_flushTargetTXFIFO), (68 bytes).
    Removing dl_i2c.o(.ARM.exidx.text.DL_I2C_flushTargetTXFIFO), (8 bytes).
    Removing dl_i2c.o(.text.DL_I2C_flushTargetRXFIFO), (52 bytes).
    Removing dl_i2c.o(.ARM.exidx.text.DL_I2C_flushTargetRXFIFO), (8 bytes).
    Removing dl_i2c.o(.text.DL_I2C_transmitTargetDataBlocking), (36 bytes).
    Removing dl_i2c.o(.ARM.exidx.text.DL_I2C_transmitTargetDataBlocking), (8 bytes).
    Removing dl_i2c.o(.text.DL_I2C_transmitTargetDataCheck), (28 bytes).
    Removing dl_i2c.o(.ARM.exidx.text.DL_I2C_transmitTargetDataCheck), (8 bytes).
    Removing dl_i2c.o(.text.DL_I2C_receiveTargetDataBlocking), (40 bytes).
    Removing dl_i2c.o(.ARM.exidx.text.DL_I2C_receiveTargetDataBlocking), (8 bytes).
    Removing dl_i2c.o(.text.DL_I2C_receiveTargetDataCheck), (24 bytes).
    Removing dl_i2c.o(.ARM.exidx.text.DL_I2C_receiveTargetDataCheck), (8 bytes).
    Removing dl_flashctl.o(.text), (0 bytes).
    Removing dl_flashctl.o(.text.DL_FlashCTL_eraseMemory), (22 bytes).
    Removing dl_flashctl.o(.ARM.exidx.text.DL_FlashCTL_eraseMemory), (8 bytes).
    Removing dl_flashctl.o(.text.DL_FlashCTL_eraseMemoryFromRAM), (24 bytes).
    Removing dl_flashctl.o(.ARM.exidx.text.DL_FlashCTL_eraseMemoryFromRAM), (8 bytes).
    Removing dl_flashctl.o(.ramfunc), (52 bytes).
    Removing dl_flashctl.o(.ARM.exidx.ramfunc), (8 bytes).
    Removing dl_flashctl.o(.text.DL_FlashCTL_massErase), (176 bytes).
    Removing dl_flashctl.o(.ARM.exidx.text.DL_FlashCTL_massErase), (8 bytes).
    Removing dl_flashctl.o(.text.DL_FlashCTL_unprotectMainMemory), (20 bytes).
    Removing dl_flashctl.o(.ARM.exidx.text.DL_FlashCTL_unprotectMainMemory), (8 bytes).
    Removing dl_flashctl.o(.text.DL_FlashCTL_protectNonMainMemory), (16 bytes).
    Removing dl_flashctl.o(.ARM.exidx.text.DL_FlashCTL_protectNonMainMemory), (8 bytes).
    Removing dl_flashctl.o(.text.DL_FlashCTL_eraseDataBank), (80 bytes).
    Removing dl_flashctl.o(.ARM.exidx.text.DL_FlashCTL_eraseDataBank), (8 bytes).
    Removing dl_flashctl.o(.text.DL_FlashCTL_massEraseFromRAM), (112 bytes).
    Removing dl_flashctl.o(.ARM.exidx.text.DL_FlashCTL_massEraseFromRAM), (8 bytes).
    Removing dl_flashctl.o(.text.DL_FlashCTL_eraseDataBankFromRAM), (44 bytes).
    Removing dl_flashctl.o(.ARM.exidx.text.DL_FlashCTL_eraseDataBankFromRAM), (8 bytes).
    Removing dl_flashctl.o(.text.DL_FlashCTL_massEraseMultiBank), (340 bytes).
    Removing dl_flashctl.o(.ARM.exidx.text.DL_FlashCTL_massEraseMultiBank), (8 bytes).
    Removing dl_flashctl.o(.text.DL_FlashCTL_factoryReset), (232 bytes).
    Removing dl_flashctl.o(.ARM.exidx.text.DL_FlashCTL_factoryReset), (8 bytes).
    Removing dl_flashctl.o(.text.DL_FlashCTL_unprotectNonMainMemory), (12 bytes).
    Removing dl_flashctl.o(.ARM.exidx.text.DL_FlashCTL_unprotectNonMainMemory), (8 bytes).
    Removing dl_flashctl.o(.text.DL_FlashCTL_factoryResetFromRAM), (136 bytes).
    Removing dl_flashctl.o(.ARM.exidx.text.DL_FlashCTL_factoryResetFromRAM), (8 bytes).
    Removing dl_flashctl.o(.text.DL_FlashCTL_factoryResetMultiBank), (92 bytes).
    Removing dl_flashctl.o(.ARM.exidx.text.DL_FlashCTL_factoryResetMultiBank), (8 bytes).
    Removing dl_flashctl.o(.text.DL_FlashCTL_programMemory8), (24 bytes).
    Removing dl_flashctl.o(.ARM.exidx.text.DL_FlashCTL_programMemory8), (8 bytes).
    Removing dl_flashctl.o(.text.DL_FlashCTL_programMemoryFromRAM8), (28 bytes).
    Removing dl_flashctl.o(.ARM.exidx.text.DL_FlashCTL_programMemoryFromRAM8), (8 bytes).
    Removing dl_flashctl.o(.text.DL_FlashCTL_programMemory16), (26 bytes).
    Removing dl_flashctl.o(.ARM.exidx.text.DL_FlashCTL_programMemory16), (8 bytes).
    Removing dl_flashctl.o(.text.DL_FlashCTL_programMemoryFromRAM16), (32 bytes).
    Removing dl_flashctl.o(.ARM.exidx.text.DL_FlashCTL_programMemoryFromRAM16), (8 bytes).
    Removing dl_flashctl.o(.text.DL_FlashCTL_programMemory32), (26 bytes).
    Removing dl_flashctl.o(.ARM.exidx.text.DL_FlashCTL_programMemory32), (8 bytes).
    Removing dl_flashctl.o(.text.DL_FlashCTL_programMemoryFromRAM32), (32 bytes).
    Removing dl_flashctl.o(.ARM.exidx.text.DL_FlashCTL_programMemoryFromRAM32), (8 bytes).
    Removing dl_flashctl.o(.text.DL_FlashCTL_programMemory64), (30 bytes).
    Removing dl_flashctl.o(.ARM.exidx.text.DL_FlashCTL_programMemory64), (8 bytes).
    Removing dl_flashctl.o(.text.DL_FlashCTL_programMemoryFromRAM64), (36 bytes).
    Removing dl_flashctl.o(.ARM.exidx.text.DL_FlashCTL_programMemoryFromRAM64), (8 bytes).
    Removing dl_flashctl.o(.text.DL_FlashCTL_programMemory8WithECCGenerated), (28 bytes).
    Removing dl_flashctl.o(.ARM.exidx.text.DL_FlashCTL_programMemory8WithECCGenerated), (8 bytes).
    Removing dl_flashctl.o(.text.DL_FlashCTL_programMemoryFromRAM8WithECCGenerated), (32 bytes).
    Removing dl_flashctl.o(.ARM.exidx.text.DL_FlashCTL_programMemoryFromRAM8WithECCGenerated), (8 bytes).
    Removing dl_flashctl.o(.text.DL_FlashCTL_programMemory16WithECCGenerated), (28 bytes).
    Removing dl_flashctl.o(.ARM.exidx.text.DL_FlashCTL_programMemory16WithECCGenerated), (8 bytes).
    Removing dl_flashctl.o(.text.DL_FlashCTL_programMemoryFromRAM16WithECCGenerated), (32 bytes).
    Removing dl_flashctl.o(.ARM.exidx.text.DL_FlashCTL_programMemoryFromRAM16WithECCGenerated), (8 bytes).
    Removing dl_flashctl.o(.text.DL_FlashCTL_programMemory32WithECCGenerated), (28 bytes).
    Removing dl_flashctl.o(.ARM.exidx.text.DL_FlashCTL_programMemory32WithECCGenerated), (8 bytes).
    Removing dl_flashctl.o(.text.DL_FlashCTL_programMemoryFromRAM32WithECCGenerated), (32 bytes).
    Removing dl_flashctl.o(.ARM.exidx.text.DL_FlashCTL_programMemoryFromRAM32WithECCGenerated), (8 bytes).
    Removing dl_flashctl.o(.text.DL_FlashCTL_programMemory64WithECCGenerated), (36 bytes).
    Removing dl_flashctl.o(.ARM.exidx.text.DL_FlashCTL_programMemory64WithECCGenerated), (8 bytes).
    Removing dl_flashctl.o(.text.DL_FlashCTL_programMemoryFromRAM64WithECCGenerated), (40 bytes).
    Removing dl_flashctl.o(.ARM.exidx.text.DL_FlashCTL_programMemoryFromRAM64WithECCGenerated), (8 bytes).
    Removing dl_flashctl.o(.text.DL_FlashCTL_programMemory8WithECCManual), (40 bytes).
    Removing dl_flashctl.o(.ARM.exidx.text.DL_FlashCTL_programMemory8WithECCManual), (8 bytes).
    Removing dl_flashctl.o(.text.DL_FlashCTL_programMemoryFromRAM8WithECCManual), (44 bytes).
    Removing dl_flashctl.o(.ARM.exidx.text.DL_FlashCTL_programMemoryFromRAM8WithECCManual), (8 bytes).
    Removing dl_flashctl.o(.text.DL_FlashCTL_programMemory16WithECCManual), (40 bytes).
    Removing dl_flashctl.o(.ARM.exidx.text.DL_FlashCTL_programMemory16WithECCManual), (8 bytes).
    Removing dl_flashctl.o(.text.DL_FlashCTL_programMemoryFromRAM16WithECCManual), (44 bytes).
    Removing dl_flashctl.o(.ARM.exidx.text.DL_FlashCTL_programMemoryFromRAM16WithECCManual), (8 bytes).
    Removing dl_flashctl.o(.text.DL_FlashCTL_programMemory32WithECCManual), (40 bytes).
    Removing dl_flashctl.o(.ARM.exidx.text.DL_FlashCTL_programMemory32WithECCManual), (8 bytes).
    Removing dl_flashctl.o(.text.DL_FlashCTL_programMemoryFromRAM32WithECCManual), (44 bytes).
    Removing dl_flashctl.o(.ARM.exidx.text.DL_FlashCTL_programMemoryFromRAM32WithECCManual), (8 bytes).
    Removing dl_flashctl.o(.text.DL_FlashCTL_programMemory64WithECCManual), (44 bytes).
    Removing dl_flashctl.o(.ARM.exidx.text.DL_FlashCTL_programMemory64WithECCManual), (8 bytes).
    Removing dl_flashctl.o(.text.DL_FlashCTL_programMemoryFromRAM64WithECCManual), (48 bytes).
    Removing dl_flashctl.o(.ARM.exidx.text.DL_FlashCTL_programMemoryFromRAM64WithECCManual), (8 bytes).
    Removing dl_flashctl.o(.text.DL_FlashCTL_programMemoryBlocking64WithECCGenerated), (136 bytes).
    Removing dl_flashctl.o(.ARM.exidx.text.DL_FlashCTL_programMemoryBlocking64WithECCGenerated), (8 bytes).
    Removing dl_flashctl.o(.text.DL_FlashCTL_unprotectSector), (224 bytes).
    Removing dl_flashctl.o(.ARM.exidx.text.DL_FlashCTL_unprotectSector), (8 bytes).
    Removing dl_flashctl.o(.text.DL_FlashCTL_programMemoryBlockingFromRAM64WithECCGenerated), (100 bytes).
    Removing dl_flashctl.o(.ARM.exidx.text.DL_FlashCTL_programMemoryBlockingFromRAM64WithECCGenerated), (8 bytes).
    Removing dl_flashctl.o(.text.DL_FlashCTL_programMemoryBlocking64WithECCManual), (168 bytes).
    Removing dl_flashctl.o(.ARM.exidx.text.DL_FlashCTL_programMemoryBlocking64WithECCManual), (8 bytes).
    Removing dl_flashctl.o(.text.DL_FlashCTL_programMemoryBlockingFromRAM64WithECCManual), (120 bytes).
    Removing dl_flashctl.o(.ARM.exidx.text.DL_FlashCTL_programMemoryBlockingFromRAM64WithECCManual), (8 bytes).
    Removing dl_flashctl.o(.text.DL_FlashCTL_programMemoryBlocking), (160 bytes).
    Removing dl_flashctl.o(.ARM.exidx.text.DL_FlashCTL_programMemoryBlocking), (8 bytes).
    Removing dl_flashctl.o(.text.DL_FlashCTL_programMemoryFromRAM), (120 bytes).
    Removing dl_flashctl.o(.ARM.exidx.text.DL_FlashCTL_programMemoryFromRAM), (8 bytes).
    Removing dl_flashctl.o(.text.DL_FlashCTL_unprotectDataMemory), (20 bytes).
    Removing dl_flashctl.o(.ARM.exidx.text.DL_FlashCTL_unprotectDataMemory), (8 bytes).
    Removing dl_flashctl.o(.text.DL_FlashCTL_protectMainMemory), (20 bytes).
    Removing dl_flashctl.o(.ARM.exidx.text.DL_FlashCTL_protectMainMemory), (8 bytes).
    Removing dl_flashctl.o(.text.DL_FlashCTL_unprotectAllMemory), (24 bytes).
    Removing dl_flashctl.o(.ARM.exidx.text.DL_FlashCTL_unprotectAllMemory), (8 bytes).
    Removing dl_flashctl.o(.text.DL_FlashCTL_protectAllMemory), (28 bytes).
    Removing dl_flashctl.o(.ARM.exidx.text.DL_FlashCTL_protectAllMemory), (8 bytes).
    Removing dl_flashctl.o(.text.DL_FlashCTL_protectSector), (240 bytes).
    Removing dl_flashctl.o(.ARM.exidx.text.DL_FlashCTL_protectSector), (8 bytes).
    Removing dl_flashctl.o(.text.DL_FlashCTL_readVerify8), (26 bytes).
    Removing dl_flashctl.o(.ARM.exidx.text.DL_FlashCTL_readVerify8), (8 bytes).
    Removing dl_flashctl.o(.text.DL_FlashCTL_readVerify16), (26 bytes).
    Removing dl_flashctl.o(.ARM.exidx.text.DL_FlashCTL_readVerify16), (8 bytes).
    Removing dl_flashctl.o(.text.DL_FlashCTL_readVerify32), (28 bytes).
    Removing dl_flashctl.o(.ARM.exidx.text.DL_FlashCTL_readVerify32), (8 bytes).
    Removing dl_flashctl.o(.text.DL_FlashCTL_readVerify64), (32 bytes).
    Removing dl_flashctl.o(.ARM.exidx.text.DL_FlashCTL_readVerify64), (8 bytes).
    Removing dl_flashctl.o(.text.DL_FlashCTL_readVerifyFromRAM8), (32 bytes).
    Removing dl_flashctl.o(.ARM.exidx.text.DL_FlashCTL_readVerifyFromRAM8), (8 bytes).
    Removing dl_flashctl.o(.text.DL_FlashCTL_readVerifyFromRAM16), (28 bytes).
    Removing dl_flashctl.o(.ARM.exidx.text.DL_FlashCTL_readVerifyFromRAM16), (8 bytes).
    Removing dl_flashctl.o(.text.DL_FlashCTL_readVerifyFromRAM32), (32 bytes).
    Removing dl_flashctl.o(.ARM.exidx.text.DL_FlashCTL_readVerifyFromRAM32), (8 bytes).
    Removing dl_flashctl.o(.text.DL_FlashCTL_readVerifyFromRAM64), (36 bytes).
    Removing dl_flashctl.o(.ARM.exidx.text.DL_FlashCTL_readVerifyFromRAM64), (8 bytes).
    Removing dl_flashctl.o(.text.DL_FlashCTL_readVerifyFromRAM8WithECCGenerated), (32 bytes).
    Removing dl_flashctl.o(.ARM.exidx.text.DL_FlashCTL_readVerifyFromRAM8WithECCGenerated), (8 bytes).
    Removing dl_flashctl.o(.text.DL_FlashCTL_readVerifyFromRAM16WithECCGenerated), (32 bytes).
    Removing dl_flashctl.o(.ARM.exidx.text.DL_FlashCTL_readVerifyFromRAM16WithECCGenerated), (8 bytes).
    Removing dl_flashctl.o(.text.DL_FlashCTL_readVerifyFromRAM32WithECCGenerated), (32 bytes).
    Removing dl_flashctl.o(.ARM.exidx.text.DL_FlashCTL_readVerifyFromRAM32WithECCGenerated), (8 bytes).
    Removing dl_flashctl.o(.text.DL_FlashCTL_readVerifyFromRAM64WithECCGenerated), (40 bytes).
    Removing dl_flashctl.o(.ARM.exidx.text.DL_FlashCTL_readVerifyFromRAM64WithECCGenerated), (8 bytes).
    Removing dl_flashctl.o(.text.DL_FlashCTL_readVerifyFromRAM8WithECCManual), (44 bytes).
    Removing dl_flashctl.o(.ARM.exidx.text.DL_FlashCTL_readVerifyFromRAM8WithECCManual), (8 bytes).
    Removing dl_flashctl.o(.text.DL_FlashCTL_readVerifyFromRAM16WithECCManual), (44 bytes).
    Removing dl_flashctl.o(.ARM.exidx.text.DL_FlashCTL_readVerifyFromRAM16WithECCManual), (8 bytes).
    Removing dl_flashctl.o(.text.DL_FlashCTL_readVerifyFromRAM32WithECCManual), (44 bytes).
    Removing dl_flashctl.o(.ARM.exidx.text.DL_FlashCTL_readVerifyFromRAM32WithECCManual), (8 bytes).
    Removing dl_flashctl.o(.text.DL_FlashCTL_readVerifyFromRAM64WithECCManual), (48 bytes).
    Removing dl_flashctl.o(.ARM.exidx.text.DL_FlashCTL_readVerifyFromRAM64WithECCManual), (8 bytes).
    Removing dl_flashctl.o(.text.DL_FlashCTL_readVerify8WithECCGenerated), (30 bytes).
    Removing dl_flashctl.o(.ARM.exidx.text.DL_FlashCTL_readVerify8WithECCGenerated), (8 bytes).
    Removing dl_flashctl.o(.text.DL_FlashCTL_readVerify16WithECCGenerated), (30 bytes).
    Removing dl_flashctl.o(.ARM.exidx.text.DL_FlashCTL_readVerify16WithECCGenerated), (8 bytes).
    Removing dl_flashctl.o(.text.DL_FlashCTL_readVerify32WithECCGenerated), (30 bytes).
    Removing dl_flashctl.o(.ARM.exidx.text.DL_FlashCTL_readVerify32WithECCGenerated), (8 bytes).
    Removing dl_flashctl.o(.text.DL_FlashCTL_readVerify64WithECCGenerated), (36 bytes).
    Removing dl_flashctl.o(.ARM.exidx.text.DL_FlashCTL_readVerify64WithECCGenerated), (8 bytes).
    Removing dl_flashctl.o(.text.DL_FlashCTL_readVerify8WithECCManual), (40 bytes).
    Removing dl_flashctl.o(.ARM.exidx.text.DL_FlashCTL_readVerify8WithECCManual), (8 bytes).
    Removing dl_flashctl.o(.text.DL_FlashCTL_readVerify16WithECCManual), (40 bytes).
    Removing dl_flashctl.o(.ARM.exidx.text.DL_FlashCTL_readVerify16WithECCManual), (8 bytes).
    Removing dl_flashctl.o(.text.DL_FlashCTL_readVerify32WithECCManual), (40 bytes).
    Removing dl_flashctl.o(.ARM.exidx.text.DL_FlashCTL_readVerify32WithECCManual), (8 bytes).
    Removing dl_flashctl.o(.text.DL_FlashCTL_readVerify64WithECCManual), (48 bytes).
    Removing dl_flashctl.o(.ARM.exidx.text.DL_FlashCTL_readVerify64WithECCManual), (8 bytes).
    Removing dl_flashctl.o(.text.DL_FlashCTL_blankVerify), (20 bytes).
    Removing dl_flashctl.o(.ARM.exidx.text.DL_FlashCTL_blankVerify), (8 bytes).
    Removing dl_flashctl.o(.text.DL_FlashCTL_blankVerifyFromRAM), (24 bytes).
    Removing dl_flashctl.o(.ARM.exidx.text.DL_FlashCTL_blankVerifyFromRAM), (8 bytes).
    Removing dl_dma.o(.text), (0 bytes).
    Removing dl_dma.o(.text.DL_DMA_initChannel), (68 bytes).
    Removing dl_dma.o(.ARM.exidx.text.DL_DMA_initChannel), (8 bytes).
    Removing dl_dac12.o(.text), (0 bytes).
    Removing dl_dac12.o(.text.DL_DAC12_init), (136 bytes).
    Removing dl_dac12.o(.ARM.exidx.text.DL_DAC12_init), (8 bytes).
    Removing dl_dac12.o(.text.DL_DAC12_outputBlocking8), (48 bytes).
    Removing dl_dac12.o(.ARM.exidx.text.DL_DAC12_outputBlocking8), (8 bytes).
    Removing dl_dac12.o(.text.DL_DAC12_outputBlocking12), (56 bytes).
    Removing dl_dac12.o(.ARM.exidx.text.DL_DAC12_outputBlocking12), (8 bytes).
    Removing dl_dac12.o(.text.DL_DAC12_fillFIFO8), (132 bytes).
    Removing dl_dac12.o(.ARM.exidx.text.DL_DAC12_fillFIFO8), (8 bytes).
    Removing dl_dac12.o(.text.DL_DAC12_fillFIFO12), (56 bytes).
    Removing dl_dac12.o(.ARM.exidx.text.DL_DAC12_fillFIFO12), (8 bytes).
    Removing dl_dac12.o(.text.DL_DAC12_performSelfCalibrationBlocking), (36 bytes).
    Removing dl_dac12.o(.ARM.exidx.text.DL_DAC12_performSelfCalibrationBlocking), (8 bytes).
    Removing dl_crcp.o(.text), (0 bytes).
    Removing dl_crc.o(.text), (0 bytes).
    Removing dl_crc.o(.text.DL_CRC_calculateBlock32), (96 bytes).
    Removing dl_crc.o(.ARM.exidx.text.DL_CRC_calculateBlock32), (8 bytes).
    Removing dl_crc.o(.text.DL_CRC_calculateMemoryRange32), (52 bytes).
    Removing dl_crc.o(.ARM.exidx.text.DL_CRC_calculateMemoryRange32), (8 bytes).
    Removing dl_crc.o(.text.DL_CRC_calculateBlock16), (156 bytes).
    Removing dl_crc.o(.ARM.exidx.text.DL_CRC_calculateBlock16), (8 bytes).
    Removing dl_crc.o(.text.DL_CRC_calculateMemoryRange16), (104 bytes).
    Removing dl_crc.o(.ARM.exidx.text.DL_CRC_calculateMemoryRange16), (8 bytes).
    Removing dl_common.o(.text), (0 bytes).
    Removing dl_common.o(.ARM.exidx.text.DL_Common_delayCycles), (8 bytes).
    Removing dl_aesadv.o(.text), (0 bytes).
    Removing dl_aes.o(.text), (0 bytes).
    Removing dl_aes.o(.text.DL_AES_setKey), (72 bytes).
    Removing dl_aes.o(.ARM.exidx.text.DL_AES_setKey), (8 bytes).
    Removing dl_aes.o(.text.DL_AES_setKeyAligned), (56 bytes).
    Removing dl_aes.o(.ARM.exidx.text.DL_AES_setKeyAligned), (8 bytes).
    Removing dl_aes.o(.text.DL_AES_loadDataIn), (40 bytes).
    Removing dl_aes.o(.ARM.exidx.text.DL_AES_loadDataIn), (8 bytes).
    Removing dl_aes.o(.text.DL_AES_loadDataInAligned), (24 bytes).
    Removing dl_aes.o(.ARM.exidx.text.DL_AES_loadDataInAligned), (8 bytes).
    Removing dl_aes.o(.text.DL_AES_getDataOut), (36 bytes).
    Removing dl_aes.o(.ARM.exidx.text.DL_AES_getDataOut), (8 bytes).
    Removing dl_aes.o(.text.DL_AES_getDataOutAligned), (24 bytes).
    Removing dl_aes.o(.ARM.exidx.text.DL_AES_getDataOutAligned), (8 bytes).
    Removing dl_aes.o(.text.DL_AES_loadXORDataIn), (40 bytes).
    Removing dl_aes.o(.ARM.exidx.text.DL_AES_loadXORDataIn), (8 bytes).
    Removing dl_aes.o(.text.DL_AES_loadXORDataInAligned), (24 bytes).
    Removing dl_aes.o(.ARM.exidx.text.DL_AES_loadXORDataInAligned), (8 bytes).
    Removing dl_aes.o(.text.DL_AES_loadXORDataInWithoutTrigger), (40 bytes).
    Removing dl_aes.o(.ARM.exidx.text.DL_AES_loadXORDataInWithoutTrigger), (8 bytes).
    Removing dl_aes.o(.text.DL_AES_loadXORDataInWithoutTriggerAligned), (24 bytes).
    Removing dl_aes.o(.ARM.exidx.text.DL_AES_loadXORDataInWithoutTriggerAligned), (8 bytes).
    Removing dl_aes.o(.text.DL_AES_xorData), (52 bytes).
    Removing dl_aes.o(.ARM.exidx.text.DL_AES_xorData), (8 bytes).
    Removing dl_aes.o(.text.DL_AES_xorDataAligned), (36 bytes).
    Removing dl_aes.o(.ARM.exidx.text.DL_AES_xorDataAligned), (8 bytes).
    Removing dl_aes.o(.text.DL_AES_saveConfiguration), (60 bytes).
    Removing dl_aes.o(.ARM.exidx.text.DL_AES_saveConfiguration), (8 bytes).
    Removing dl_aes.o(.text.DL_AES_restoreConfiguration), (60 bytes).
    Removing dl_aes.o(.ARM.exidx.text.DL_AES_restoreConfiguration), (8 bytes).
    Removing dl_adc12.o(.text), (0 bytes).
    Removing dl_adc12.o(.text.DL_ADC12_setClockConfig), (64 bytes).
    Removing dl_adc12.o(.ARM.exidx.text.DL_ADC12_setClockConfig), (8 bytes).
    Removing dl_adc12.o(.text.DL_ADC12_getClockConfig), (40 bytes).
    Removing dl_adc12.o(.ARM.exidx.text.DL_ADC12_getClockConfig), (8 bytes).
    Removing im948_cmd.o(.text), (0 bytes).
    Removing im948_cmd.o(.text.CalcSum1), (98 bytes).
    Removing im948_cmd.o(.ARM.exidx.text.CalcSum1), (8 bytes).
    Removing im948_cmd.o(.text.Memcpy), (106 bytes).
    Removing im948_cmd.o(.ARM.exidx.text.Memcpy), (8 bytes).
    Removing im948_cmd.o(.text.Cmd_PackAndTx), (480 bytes).
    Removing im948_cmd.o(.ARM.exidx.text.Cmd_PackAndTx), (8 bytes).
    Removing im948_cmd.o(.ARM.exidx.text.Cmd_GetPkt), (8 bytes).
    Removing im948_cmd.o(.text.Cmd_02), (300 bytes).
    Removing im948_cmd.o(.ARM.exidx.text.Cmd_02), (8 bytes).
    Removing im948_cmd.o(.ARM.exidx.text.Cmd_03), (8 bytes).
    Removing im948_cmd.o(.ARM.exidx.text.Cmd_18), (8 bytes).
    Removing im948_cmd.o(.text.Cmd_19), (300 bytes).
    Removing im948_cmd.o(.ARM.exidx.text.Cmd_19), (8 bytes).
    Removing im948_cmd.o(.ARM.exidx.text.Cmd_11), (8 bytes).
    Removing im948_cmd.o(.text.Cmd_10), (300 bytes).
    Removing im948_cmd.o(.ARM.exidx.text.Cmd_10), (8 bytes).
    Removing im948_cmd.o(.ARM.exidx.text.Cmd_12), (8 bytes).
    Removing im948_cmd.o(.text.Cmd_13), (300 bytes).
    Removing im948_cmd.o(.ARM.exidx.text.Cmd_13), (8 bytes).
    Removing im948_cmd.o(.text.Cmd_16), (300 bytes).
    Removing im948_cmd.o(.ARM.exidx.text.Cmd_16), (8 bytes).
    Removing im948_cmd.o(.text.Cmd_14), (300 bytes).
    Removing im948_cmd.o(.ARM.exidx.text.Cmd_14), (8 bytes).
    Removing im948_cmd.o(.text.Cmd_15), (156 bytes).
    Removing im948_cmd.o(.ARM.exidx.text.Cmd_15), (8 bytes).
    Removing im948_cmd.o(.text.Cmd_07), (300 bytes).
    Removing im948_cmd.o(.ARM.exidx.text.Cmd_07), (8 bytes).
    Removing im948_cmd.o(.text.Cmd_17), (184 bytes).
    Removing im948_cmd.o(.ARM.exidx.text.Cmd_17), (8 bytes).
    Removing im948_cmd.o(.text.Cmd_32), (300 bytes).
    Removing im948_cmd.o(.ARM.exidx.text.Cmd_32), (8 bytes).
    Removing im948_cmd.o(.text.Cmd_04), (300 bytes).
    Removing im948_cmd.o(.ARM.exidx.text.Cmd_04), (8 bytes).
    Removing im948_cmd.o(.ARM.exidx.text.Cmd_05), (8 bytes).
    Removing im948_cmd.o(.ARM.exidx.text.Cmd_06), (8 bytes).
    Removing im948_cmd.o(.text.Cmd_08), (300 bytes).
    Removing im948_cmd.o(.ARM.exidx.text.Cmd_08), (8 bytes).
    Removing im948_cmd.o(.text.Cmd_20), (312 bytes).
    Removing im948_cmd.o(.ARM.exidx.text.Cmd_20), (8 bytes).
    Removing im948_cmd.o(.text.Cmd_21), (300 bytes).
    Removing im948_cmd.o(.ARM.exidx.text.Cmd_21), (8 bytes).
    Removing im948_cmd.o(.text.Cmd_22), (408 bytes).
    Removing im948_cmd.o(.ARM.exidx.text.Cmd_22), (8 bytes).
    Removing im948_cmd.o(.text.Cmd_23), (300 bytes).
    Removing im948_cmd.o(.ARM.exidx.text.Cmd_23), (8 bytes).
    Removing im948_cmd.o(.text.Cmd_24), (316 bytes).
    Removing im948_cmd.o(.ARM.exidx.text.Cmd_24), (8 bytes).
    Removing im948_cmd.o(.text.Cmd_25), (300 bytes).
    Removing im948_cmd.o(.ARM.exidx.text.Cmd_25), (8 bytes).
    Removing im948_cmd.o(.text.Cmd_26), (300 bytes).
    Removing im948_cmd.o(.ARM.exidx.text.Cmd_26), (8 bytes).
    Removing im948_cmd.o(.text.Cmd_27), (180 bytes).
    Removing im948_cmd.o(.ARM.exidx.text.Cmd_27), (8 bytes).
    Removing im948_cmd.o(.text.Cmd_2A), (300 bytes).
    Removing im948_cmd.o(.ARM.exidx.text.Cmd_2A), (8 bytes).
    Removing im948_cmd.o(.text.Cmd_2B), (300 bytes).
    Removing im948_cmd.o(.ARM.exidx.text.Cmd_2B), (8 bytes).
    Removing im948_cmd.o(.text.Cmd_2C), (176 bytes).
    Removing im948_cmd.o(.ARM.exidx.text.Cmd_2C), (8 bytes).
    Removing im948_cmd.o(.text.Cmd_2D), (300 bytes).
    Removing im948_cmd.o(.ARM.exidx.text.Cmd_2D), (8 bytes).
    Removing im948_cmd.o(.text.Cmd_2E), (192 bytes).
    Removing im948_cmd.o(.ARM.exidx.text.Cmd_2E), (8 bytes).
    Removing im948_cmd.o(.text.Cmd_2F), (296 bytes).
    Removing im948_cmd.o(.ARM.exidx.text.Cmd_2F), (8 bytes).
    Removing im948_cmd.o(.text.Cmd_30), (184 bytes).
    Removing im948_cmd.o(.ARM.exidx.text.Cmd_30), (8 bytes).
    Removing im948_cmd.o(.text.Cmd_31), (300 bytes).
    Removing im948_cmd.o(.ARM.exidx.text.Cmd_31), (8 bytes).
    Removing im948_cmd.o(.text.Cmd_33), (164 bytes).
    Removing im948_cmd.o(.ARM.exidx.text.Cmd_33), (8 bytes).
    Removing im948_cmd.o(.text.Cmd_34), (300 bytes).
    Removing im948_cmd.o(.ARM.exidx.text.Cmd_34), (8 bytes).
    Removing im948_cmd.o(.text.Cmd_35), (192 bytes).
    Removing im948_cmd.o(.ARM.exidx.text.Cmd_35), (8 bytes).
    Removing im948_cmd.o(.text.Cmd_36), (300 bytes).
    Removing im948_cmd.o(.ARM.exidx.text.Cmd_36), (8 bytes).
    Removing im948_cmd.o(.text.Cmd_37), (176 bytes).
    Removing im948_cmd.o(.ARM.exidx.text.Cmd_37), (8 bytes).
    Removing im948_cmd.o(.text.Cmd_38), (300 bytes).
    Removing im948_cmd.o(.ARM.exidx.text.Cmd_38), (8 bytes).
    Removing im948_cmd.o(.text.Cmd_42), (292 bytes).
    Removing im948_cmd.o(.ARM.exidx.text.Cmd_42), (8 bytes).
    Removing im948_cmd.o(.text.Cmd_43), (176 bytes).
    Removing im948_cmd.o(.ARM.exidx.text.Cmd_43), (8 bytes).
    Removing im948_cmd.o(.text.Cmd_44), (300 bytes).
    Removing im948_cmd.o(.ARM.exidx.text.Cmd_44), (8 bytes).
    Removing im948_cmd.o(.text.Cmd_47), (176 bytes).
    Removing im948_cmd.o(.ARM.exidx.text.Cmd_47), (8 bytes).
    Removing im948_cmd.o(.text.Cmd_48), (300 bytes).
    Removing im948_cmd.o(.ARM.exidx.text.Cmd_48), (8 bytes).
    Removing im948_cmd.o(.text.Cmd_49), (296 bytes).
    Removing im948_cmd.o(.ARM.exidx.text.Cmd_49), (8 bytes).
    Removing im948_cmd.o(.text.Cmd_50), (500 bytes).
    Removing im948_cmd.o(.ARM.exidx.text.Cmd_50), (8 bytes).
    Removing im948_cmd.o(.text.Cmd_51), (184 bytes).
    Removing im948_cmd.o(.ARM.exidx.text.Cmd_51), (8 bytes).
    Removing im948_cmd.o(.text.im948_test), (12108 bytes).
    Removing im948_cmd.o(.ARM.exidx.text.im948_test), (8 bytes).
    Removing im948_cmd.o(.rodata..L__const.Cmd_15.buf), (3 bytes).
    Removing im948_cmd.o(.rodata..L__const.Cmd_50.buf), (31 bytes).
    Removing im948_cmd.o(.bss.im948_ctl), (1 bytes).
    Removing im948_cmd.o(.rodata..L__const.im948_test.accMatrix), (12 bytes).
    Removing im948_cmd.o(.rodata..L__const.im948_test.comMatrix), (12 bytes).
    Removing im948_cmd.o(.rodata..L__const.im948_test.accMatrix.1), (12 bytes).
    Removing im948_cmd.o(.rodata..L__const.im948_test.comMatrix.2), (12 bytes).

746 unused section(s) (total 46638 bytes) removed from the image.

==============================================================================

Image Symbol Table

    Local Symbols

    Symbol Name                              Value     Ov Type        Size  Object(Section)

    ../clib/angel/boardlib.s                 0x00000000   Number         0  boardinit1.o ABSOLUTE
    ../clib/angel/boardlib.s                 0x00000000   Number         0  boardinit2.o ABSOLUTE
    ../clib/angel/boardlib.s                 0x00000000   Number         0  boardinit3.o ABSOLUTE
    ../clib/angel/boardlib.s                 0x00000000   Number         0  boardshut.o ABSOLUTE
    ../clib/angel/handlers.s                 0x00000000   Number         0  __scatter_copy.o ABSOLUTE
    ../clib/angel/handlers.s                 0x00000000   Number         0  __scatter_zi.o ABSOLUTE
    ../clib/angel/kernel.s                   0x00000000   Number         0  __rtentry.o ABSOLUTE
    ../clib/angel/kernel.s                   0x00000000   Number         0  __rtentry2.o ABSOLUTE
    ../clib/angel/kernel.s                   0x00000000   Number         0  __rtentry4.o ABSOLUTE
    ../clib/angel/kernel.s                   0x00000000   Number         0  rtexit.o ABSOLUTE
    ../clib/angel/kernel.s                   0x00000000   Number         0  rtexit2.o ABSOLUTE
    ../clib/angel/rt.s                       0x00000000   Number         0  aeabi_idiv0.o ABSOLUTE
    ../clib/angel/rt.s                       0x00000000   Number         0  aeabi_idiv0_sigfpe.o ABSOLUTE
    ../clib/angel/rt.s                       0x00000000   Number         0  rt_div0.o ABSOLUTE
    ../clib/angel/rt.s                       0x00000000   Number         0  rt_raise.o ABSOLUTE
    ../clib/angel/scatterp.s                 0x00000000   Number         0  __scatter.o ABSOLUTE
    ../clib/angel/startup.s                  0x00000000   Number         0  __main.o ABSOLUTE
    ../clib/angel/sys.s                      0x00000000   Number         0  sys_stackheap_outer.o ABSOLUTE
    ../clib/angel/sys.s                      0x00000000   Number         0  libspace.o ABSOLUTE
    ../clib/angel/sys.s                      0x00000000   Number         0  tempstk.o ABSOLUTE
    ../clib/angel/sys.s                      0x00000000   Number         0  use_no_semi.o ABSOLUTE
    ../clib/angel/sys.s                      0x00000000   Number         0  indicate_semi.o ABSOLUTE
    ../clib/angel/sysapp.c                   0x00000000   Number         0  sys_wrch.o ABSOLUTE
    ../clib/angel/sysapp.c                   0x00000000   Number         0  sys_wrch_hlt.o ABSOLUTE
    ../clib/angel/sysapp.c                   0x00000000   Number         0  sys_command.o ABSOLUTE
    ../clib/angel/sysapp.c                   0x00000000   Number         0  sys_command_hlt.o ABSOLUTE
    ../clib/armsys.c                         0x00000000   Number         0  argv_veneer.o ABSOLUTE
    ../clib/armsys.c                         0x00000000   Number         0  _get_argv_nomalloc.o ABSOLUTE
    ../clib/armsys.c                         0x00000000   Number         0  no_argv.o ABSOLUTE
    ../clib/division.s                       0x00000000   Number         0  aeabi_sdivfast.o ABSOLUTE
    ../clib/division.s                       0x00000000   Number         0  aeabi_sdivfast_div0.o ABSOLUTE
    ../clib/heapalloc.c                      0x00000000   Number         0  hrguard.o ABSOLUTE
    ../clib/heapaux.c                        0x00000000   Number         0  heapauxi.o ABSOLUTE
    ../clib/libinit.s                        0x00000000   Number         0  libinit.o ABSOLUTE
    ../clib/libinit.s                        0x00000000   Number         0  libinit2.o ABSOLUTE
    ../clib/libinit.s                        0x00000000   Number         0  libshutdown.o ABSOLUTE
    ../clib/libinit.s                        0x00000000   Number         0  libshutdown2.o ABSOLUTE
    ../clib/memcpset.c                       0x00000000   Number         0  rt_memcpy.o ABSOLUTE
    ../clib/memcpset.c                       0x00000000   Number         0  rt_memcpy.o ABSOLUTE
    ../clib/memcpset.c                       0x00000000   Number         0  rt_memclr.o ABSOLUTE
    ../clib/signal.c                         0x00000000   Number         0  defsig_fpe_outer.o ABSOLUTE
    ../clib/signal.c                         0x00000000   Number         0  defsig_fpe_formal.o ABSOLUTE
    ../clib/signal.c                         0x00000000   Number         0  defsig_exit.o ABSOLUTE
    ../clib/signal.c                         0x00000000   Number         0  defsig_fpe_inner.o ABSOLUTE
    ../clib/signal.c                         0x00000000   Number         0  __raise.o ABSOLUTE
    ../clib/signal.c                         0x00000000   Number         0  defsig_general.o ABSOLUTE
    ../clib/signal.c                         0x00000000   Number         0  defsig_abrt_inner.o ABSOLUTE
    ../clib/signal.c                         0x00000000   Number         0  defsig_rtred_inner.o ABSOLUTE
    ../clib/signal.c                         0x00000000   Number         0  defsig_rtmem_inner.o ABSOLUTE
    ../clib/signal.c                         0x00000000   Number         0  defsig_rtmem_outer.o ABSOLUTE
    ../clib/signal.c                         0x00000000   Number         0  defsig_rtmem_formal.o ABSOLUTE
    ../clib/signal.c                         0x00000000   Number         0  defsig_stak_inner.o ABSOLUTE
    ../clib/signal.c                         0x00000000   Number         0  defsig_pvfn_inner.o ABSOLUTE
    ../clib/signal.c                         0x00000000   Number         0  defsig_cppl_inner.o ABSOLUTE
    ../clib/signal.c                         0x00000000   Number         0  defsig_segv_inner.o ABSOLUTE
    ../clib/signal.c                         0x00000000   Number         0  defsig_other.o ABSOLUTE
    ../clib/signal.s                         0x00000000   Number         0  defsig.o ABSOLUTE
    ../clib/stdio.c                          0x00000000   Number         0  puts.o ABSOLUTE
    ../clib/stdlib.c                         0x00000000   Number         0  exit.o ABSOLUTE
    ../fplib/cfplib/cmp.c                    0x00000000   Number         0  fcmp.o ABSOLUTE
    ../fplib/cfplib/cmpret.c                 0x00000000   Number         0  cmpret.o ABSOLUTE
    ../fplib/cfplib/fcmpin.c                 0x00000000   Number         0  fcmpin.o ABSOLUTE
    ../fplib/cfplib/ffix.c                   0x00000000   Number         0  ffixi.o ABSOLUTE
    ../fplib/cfplib/fflt.c                   0x00000000   Number         0  fflti.o ABSOLUTE
    ../fplib/cfplib/fpinit.c                 0x00000000   Number         0  fpinit.o ABSOLUTE
    ../fplib/cfplib/nan2.c                   0x00000000   Number         0  fnan2.o ABSOLUTE
    ../fplib/cfplib/retnan.c                 0x00000000   Number         0  retnan.o ABSOLUTE
    ../fplib/faddsub6m.s                     0x00000000   Number         0  faddsub.o ABSOLUTE
    ../fplib/feqf6m.s                        0x00000000   Number         0  feqf.o ABSOLUTE
    ../fplib/fgeqf6m.s                       0x00000000   Number         0  fgef.o ABSOLUTE
    ../fplib/fleqf6m.s                       0x00000000   Number         0  flef.o ABSOLUTE
    ../fplib/fmul6m.s                        0x00000000   Number         0  fmul.o ABSOLUTE
    ../fplib/usenofp.s                       0x00000000   Number         0  usenofp.o ABSOLUTE
    board.c                                  0x00000000   Number         0  board.o ABSOLUTE
    dc.s                                     0x00000000   Number         0  dc.o ABSOLUTE
    dl_adc12.c                               0x00000000   Number         0  dl_adc12.o ABSOLUTE
    dl_aes.c                                 0x00000000   Number         0  dl_aes.o ABSOLUTE
    dl_aesadv.c                              0x00000000   Number         0  dl_aesadv.o ABSOLUTE
    dl_common.c                              0x00000000   Number         0  dl_common.o ABSOLUTE
    dl_crc.c                                 0x00000000   Number         0  dl_crc.o ABSOLUTE
    dl_crcp.c                                0x00000000   Number         0  dl_crcp.o ABSOLUTE
    dl_dac12.c                               0x00000000   Number         0  dl_dac12.o ABSOLUTE
    dl_dma.c                                 0x00000000   Number         0  dl_dma.o ABSOLUTE
    dl_flashctl.c                            0x00000000   Number         0  dl_flashctl.o ABSOLUTE
    dl_i2c.c                                 0x00000000   Number         0  dl_i2c.o ABSOLUTE
    dl_keystorectl.c                         0x00000000   Number         0  dl_keystorectl.o ABSOLUTE
    dl_lcd.c                                 0x00000000   Number         0  dl_lcd.o ABSOLUTE
    dl_lfss.c                                0x00000000   Number         0  dl_lfss.o ABSOLUTE
    dl_mathacl.c                             0x00000000   Number         0  dl_mathacl.o ABSOLUTE
    dl_mcan.c                                0x00000000   Number         0  dl_mcan.o ABSOLUTE
    dl_opa.c                                 0x00000000   Number         0  dl_opa.o ABSOLUTE
    dl_rtc_common.c                          0x00000000   Number         0  dl_rtc_common.o ABSOLUTE
    dl_spi.c                                 0x00000000   Number         0  dl_spi.o ABSOLUTE
    dl_timer.c                               0x00000000   Number         0  dl_timer.o ABSOLUTE
    dl_trng.c                                0x00000000   Number         0  dl_trng.o ABSOLUTE
    dl_uart.c                                0x00000000   Number         0  dl_uart.o ABSOLUTE
    dl_vref.c                                0x00000000   Number         0  dl_vref.o ABSOLUTE
    empty.c                                  0x00000000   Number         0  empty.o ABSOLUTE
    im948_CMD.c                              0x00000000   Number         0  im948_cmd.o ABSOLUTE
    startup_mspm0g350x_uvision.s             0x00000000   Number         0  startup_mspm0g350x_uvision.o ABSOLUTE
    ti_msp_dl_config.c                       0x00000000   Number         0  ti_msp_dl_config.o ABSOLUTE
    RESET                                    0x00000000   Section      192  startup_mspm0g350x_uvision.o(RESET)
    !!!main                                  0x000000c0   Section        8  __main.o(!!!main)
    !!!scatter                               0x000000c8   Section       60  __scatter.o(!!!scatter)
    !!handler_copy                           0x00000108   Section       26  __scatter_copy.o(!!handler_copy)
    !!handler_zi                             0x00000128   Section       28  __scatter_zi.o(!!handler_zi)
    .ARM.Collect$$libinit$$00000000          0x00000144   Section        2  libinit.o(.ARM.Collect$$libinit$$00000000)
    .ARM.Collect$$libinit$$00000002          0x00000146   Section        0  libinit2.o(.ARM.Collect$$libinit$$00000002)
    .ARM.Collect$$libinit$$00000004          0x00000146   Section        0  libinit2.o(.ARM.Collect$$libinit$$00000004)
    .ARM.Collect$$libinit$$00000006          0x00000146   Section        0  libinit2.o(.ARM.Collect$$libinit$$00000006)
    .ARM.Collect$$libinit$$0000000C          0x00000146   Section        0  libinit2.o(.ARM.Collect$$libinit$$0000000C)
    .ARM.Collect$$libinit$$0000000E          0x00000146   Section        0  libinit2.o(.ARM.Collect$$libinit$$0000000E)
    .ARM.Collect$$libinit$$00000010          0x00000146   Section        0  libinit2.o(.ARM.Collect$$libinit$$00000010)
    .ARM.Collect$$libinit$$00000013          0x00000146   Section        0  libinit2.o(.ARM.Collect$$libinit$$00000013)
    .ARM.Collect$$libinit$$00000015          0x00000146   Section        0  libinit2.o(.ARM.Collect$$libinit$$00000015)
    .ARM.Collect$$libinit$$00000017          0x00000146   Section        0  libinit2.o(.ARM.Collect$$libinit$$00000017)
    .ARM.Collect$$libinit$$00000019          0x00000146   Section        0  libinit2.o(.ARM.Collect$$libinit$$00000019)
    .ARM.Collect$$libinit$$0000001B          0x00000146   Section        0  libinit2.o(.ARM.Collect$$libinit$$0000001B)
    .ARM.Collect$$libinit$$0000001D          0x00000146   Section        0  libinit2.o(.ARM.Collect$$libinit$$0000001D)
    .ARM.Collect$$libinit$$0000001F          0x00000146   Section        0  libinit2.o(.ARM.Collect$$libinit$$0000001F)
    .ARM.Collect$$libinit$$00000021          0x00000146   Section        0  libinit2.o(.ARM.Collect$$libinit$$00000021)
    .ARM.Collect$$libinit$$00000023          0x00000146   Section        0  libinit2.o(.ARM.Collect$$libinit$$00000023)
    .ARM.Collect$$libinit$$00000025          0x00000146   Section        0  libinit2.o(.ARM.Collect$$libinit$$00000025)
    .ARM.Collect$$libinit$$00000027          0x00000146   Section        0  libinit2.o(.ARM.Collect$$libinit$$00000027)
    .ARM.Collect$$libinit$$0000002E          0x00000146   Section        0  libinit2.o(.ARM.Collect$$libinit$$0000002E)
    .ARM.Collect$$libinit$$00000030          0x00000146   Section        0  libinit2.o(.ARM.Collect$$libinit$$00000030)
    .ARM.Collect$$libinit$$00000032          0x00000146   Section        0  libinit2.o(.ARM.Collect$$libinit$$00000032)
    .ARM.Collect$$libinit$$00000034          0x00000146   Section        0  libinit2.o(.ARM.Collect$$libinit$$00000034)
    .ARM.Collect$$libinit$$00000035          0x00000146   Section        2  libinit2.o(.ARM.Collect$$libinit$$00000035)
    .ARM.Collect$$libshutdown$$00000000      0x00000148   Section        2  libshutdown.o(.ARM.Collect$$libshutdown$$00000000)
    .ARM.Collect$$libshutdown$$00000002      0x0000014a   Section        0  libshutdown2.o(.ARM.Collect$$libshutdown$$00000002)
    .ARM.Collect$$libshutdown$$00000004      0x0000014a   Section        0  libshutdown2.o(.ARM.Collect$$libshutdown$$00000004)
    .ARM.Collect$$libshutdown$$00000007      0x0000014a   Section        0  libshutdown2.o(.ARM.Collect$$libshutdown$$00000007)
    .ARM.Collect$$libshutdown$$0000000A      0x0000014a   Section        0  libshutdown2.o(.ARM.Collect$$libshutdown$$0000000A)
    .ARM.Collect$$libshutdown$$0000000C      0x0000014a   Section        0  libshutdown2.o(.ARM.Collect$$libshutdown$$0000000C)
    .ARM.Collect$$libshutdown$$0000000F      0x0000014a   Section        0  libshutdown2.o(.ARM.Collect$$libshutdown$$0000000F)
    .ARM.Collect$$libshutdown$$00000010      0x0000014a   Section        2  libshutdown2.o(.ARM.Collect$$libshutdown$$00000010)
    .ARM.Collect$$rtentry$$00000000          0x0000014c   Section        0  __rtentry.o(.ARM.Collect$$rtentry$$00000000)
    .ARM.Collect$$rtentry$$00000002          0x0000014c   Section        0  __rtentry2.o(.ARM.Collect$$rtentry$$00000002)
    .ARM.Collect$$rtentry$$00000004          0x0000014c   Section        6  __rtentry4.o(.ARM.Collect$$rtentry$$00000004)
    .ARM.Collect$$rtentry$$00000009          0x00000152   Section        0  __rtentry2.o(.ARM.Collect$$rtentry$$00000009)
    .ARM.Collect$$rtentry$$0000000A          0x00000152   Section        4  __rtentry2.o(.ARM.Collect$$rtentry$$0000000A)
    .ARM.Collect$$rtentry$$0000000C          0x00000156   Section        0  __rtentry2.o(.ARM.Collect$$rtentry$$0000000C)
    .ARM.Collect$$rtentry$$0000000D          0x00000156   Section        8  __rtentry2.o(.ARM.Collect$$rtentry$$0000000D)
    .ARM.Collect$$rtexit$$00000000           0x0000015e   Section        2  rtexit.o(.ARM.Collect$$rtexit$$00000000)
    .ARM.Collect$$rtexit$$00000002           0x00000160   Section        0  rtexit2.o(.ARM.Collect$$rtexit$$00000002)
    .ARM.Collect$$rtexit$$00000003           0x00000160   Section        4  rtexit2.o(.ARM.Collect$$rtexit$$00000003)
    .ARM.Collect$$rtexit$$00000004           0x00000164   Section        6  rtexit2.o(.ARM.Collect$$rtexit$$00000004)
    .text                                    0x0000016c   Section       48  startup_mspm0g350x_uvision.o(.text)
    .text                                    0x0000019c   Section        0  rt_memclr.o(.text)
    .text                                    0x000001dc   Section        0  heapauxi.o(.text)
    .text                                    0x000001e2   Section        0  ffixi.o(.text)
    .text                                    0x0000022e   Section        0  fflti.o(.text)
    .text                                    0x0000028c   Section        0  fcmpin.o(.text)
    .text                                    0x000002f0   Section       62  sys_stackheap_outer.o(.text)
    .text                                    0x0000032e   Section        0  exit.o(.text)
    .text                                    0x0000033e   Section        0  cmpret.o(.text)
    .text                                    0x0000036c   Section        0  fnan2.o(.text)
    .text                                    0x0000037c   Section        8  libspace.o(.text)
    .text                                    0x00000384   Section        0  retnan.o(.text)
    [Anonymous Symbol]                       0x000003e4   Section        0  im948_cmd.o(.text.Cmd_03)
    [Anonymous Symbol]                       0x00000508   Section        0  im948_cmd.o(.text.Cmd_05)
    [Anonymous Symbol]                       0x0000062c   Section        0  im948_cmd.o(.text.Cmd_06)
    __arm_cp.20_0                            0x00000750   Number         4  im948_cmd.o(.text.Cmd_06)
    __arm_cp.20_1                            0x00000754   Number         4  im948_cmd.o(.text.Cmd_06)
    [Anonymous Symbol]                       0x00000758   Section        0  im948_cmd.o(.text.Cmd_11)
    __arm_cp.8_0                             0x0000087c   Number         4  im948_cmd.o(.text.Cmd_11)
    __arm_cp.8_1                             0x00000880   Number         4  im948_cmd.o(.text.Cmd_11)
    [Anonymous Symbol]                       0x00000884   Section        0  im948_cmd.o(.text.Cmd_12)
    __arm_cp.10_0                            0x000009ec   Number         4  im948_cmd.o(.text.Cmd_12)
    __arm_cp.10_1                            0x000009f0   Number         4  im948_cmd.o(.text.Cmd_12)
    [Anonymous Symbol]                       0x000009f4   Section        0  im948_cmd.o(.text.Cmd_18)
    __arm_cp.6_0                             0x00000b18   Number         4  im948_cmd.o(.text.Cmd_18)
    __arm_cp.6_1                             0x00000b1c   Number         4  im948_cmd.o(.text.Cmd_18)
    [Anonymous Symbol]                       0x00000b20   Section        0  im948_cmd.o(.text.Cmd_GetPkt)
    __arm_cp.3_0                             0x00000c9c   Number         4  im948_cmd.o(.text.Cmd_GetPkt)
    __arm_cp.3_1                             0x00000ca0   Number         4  im948_cmd.o(.text.Cmd_GetPkt)
    __arm_cp.3_2                             0x00000ca4   Number         4  im948_cmd.o(.text.Cmd_GetPkt)
    __arm_cp.3_3                             0x00000ca8   Number         4  im948_cmd.o(.text.Cmd_GetPkt)
    __arm_cp.3_4                             0x00000cac   Number         4  im948_cmd.o(.text.Cmd_GetPkt)
    __arm_cp.3_5                             0x00000cb0   Number         4  im948_cmd.o(.text.Cmd_GetPkt)
    __arm_cp.3_6                             0x00000cb4   Number         4  im948_cmd.o(.text.Cmd_GetPkt)
    __arm_cp.3_7                             0x00000cb8   Number         4  im948_cmd.o(.text.Cmd_GetPkt)
    __arm_cp.3_8                             0x00000cbc   Number         4  im948_cmd.o(.text.Cmd_GetPkt)
    [Anonymous Symbol]                       0x00000cc0   Section        0  dl_common.o(.text.DL_Common_delayCycles)
    [Anonymous Symbol]                       0x00000ccc   Section        0  dl_uart.o(.text.DL_UART_init)
    __arm_cp.0_0                             0x00000d0c   Number         4  dl_uart.o(.text.DL_UART_init)
    __arm_cp.0_1                             0x00000d10   Number         4  dl_uart.o(.text.DL_UART_init)
    [Anonymous Symbol]                       0x00000d14   Section        0  dl_uart.o(.text.DL_UART_setClockConfig)
    [Anonymous Symbol]                       0x00000d26   Section        0  board.o(.text.HardFault_Handler)
    [Anonymous Symbol]                       0x00000d28   Section        0  ti_msp_dl_config.o(.text.SYSCFG_DL_GPIO_init)
    __arm_cp.2_0                             0x00000d4c   Number         4  ti_msp_dl_config.o(.text.SYSCFG_DL_GPIO_init)
    __arm_cp.2_1                             0x00000d50   Number         4  ti_msp_dl_config.o(.text.SYSCFG_DL_GPIO_init)
    __arm_cp.2_2                             0x00000d54   Number         4  ti_msp_dl_config.o(.text.SYSCFG_DL_GPIO_init)
    __arm_cp.2_3                             0x00000d58   Number         4  ti_msp_dl_config.o(.text.SYSCFG_DL_GPIO_init)
    __arm_cp.2_4                             0x00000d5c   Number         4  ti_msp_dl_config.o(.text.SYSCFG_DL_GPIO_init)
    [Anonymous Symbol]                       0x00000d60   Section        0  ti_msp_dl_config.o(.text.SYSCFG_DL_SYSCTL_init)
    __arm_cp.3_0                             0x00000d94   Number         4  ti_msp_dl_config.o(.text.SYSCFG_DL_SYSCTL_init)
    __arm_cp.3_1                             0x00000d98   Number         4  ti_msp_dl_config.o(.text.SYSCFG_DL_SYSCTL_init)
    [Anonymous Symbol]                       0x00000d9c   Section        0  ti_msp_dl_config.o(.text.SYSCFG_DL_SYSTICK_init)
    __arm_cp.6_1                             0x00000dc0   Number         4  ti_msp_dl_config.o(.text.SYSCFG_DL_SYSTICK_init)
    __arm_cp.6_2                             0x00000dc4   Number         4  ti_msp_dl_config.o(.text.SYSCFG_DL_SYSTICK_init)
    [Anonymous Symbol]                       0x00000dc8   Section        0  ti_msp_dl_config.o(.text.SYSCFG_DL_UART_0_init)
    __arm_cp.4_0                             0x00000e20   Number         4  ti_msp_dl_config.o(.text.SYSCFG_DL_UART_0_init)
    __arm_cp.4_1                             0x00000e24   Number         4  ti_msp_dl_config.o(.text.SYSCFG_DL_UART_0_init)
    __arm_cp.4_2                             0x00000e28   Number         4  ti_msp_dl_config.o(.text.SYSCFG_DL_UART_0_init)
    __arm_cp.4_3                             0x00000e2c   Number         4  ti_msp_dl_config.o(.text.SYSCFG_DL_UART_0_init)
    __arm_cp.4_5                             0x00000e30   Number         4  ti_msp_dl_config.o(.text.SYSCFG_DL_UART_0_init)
    [Anonymous Symbol]                       0x00000e34   Section        0  ti_msp_dl_config.o(.text.SYSCFG_DL_UART_1_init)
    __arm_cp.5_0                             0x00000e98   Number         4  ti_msp_dl_config.o(.text.SYSCFG_DL_UART_1_init)
    __arm_cp.5_1                             0x00000e9c   Number         4  ti_msp_dl_config.o(.text.SYSCFG_DL_UART_1_init)
    __arm_cp.5_2                             0x00000ea0   Number         4  ti_msp_dl_config.o(.text.SYSCFG_DL_UART_1_init)
    __arm_cp.5_3                             0x00000ea4   Number         4  ti_msp_dl_config.o(.text.SYSCFG_DL_UART_1_init)
    __arm_cp.5_4                             0x00000ea8   Number         4  ti_msp_dl_config.o(.text.SYSCFG_DL_UART_1_init)
    __arm_cp.5_5                             0x00000eac   Number         4  ti_msp_dl_config.o(.text.SYSCFG_DL_UART_1_init)
    __arm_cp.5_6                             0x00000eb0   Number         4  ti_msp_dl_config.o(.text.SYSCFG_DL_UART_1_init)
    [Anonymous Symbol]                       0x00000eb4   Section        0  ti_msp_dl_config.o(.text.SYSCFG_DL_WWDT0_init)
    __arm_cp.7_0                             0x00000ec4   Number         4  ti_msp_dl_config.o(.text.SYSCFG_DL_WWDT0_init)
    __arm_cp.7_1                             0x00000ec8   Number         4  ti_msp_dl_config.o(.text.SYSCFG_DL_WWDT0_init)
    [Anonymous Symbol]                       0x00000ecc   Section        0  ti_msp_dl_config.o(.text.SYSCFG_DL_init)
    [Anonymous Symbol]                       0x00000eec   Section        0  ti_msp_dl_config.o(.text.SYSCFG_DL_initPower)
    __arm_cp.1_0                             0x00000f18   Number         4  ti_msp_dl_config.o(.text.SYSCFG_DL_initPower)
    __arm_cp.1_1                             0x00000f1c   Number         4  ti_msp_dl_config.o(.text.SYSCFG_DL_initPower)
    __arm_cp.1_2                             0x00000f20   Number         4  ti_msp_dl_config.o(.text.SYSCFG_DL_initPower)
    __arm_cp.1_3                             0x00000f24   Number         4  ti_msp_dl_config.o(.text.SYSCFG_DL_initPower)
    __arm_cp.1_4                             0x00000f28   Number         4  ti_msp_dl_config.o(.text.SYSCFG_DL_initPower)
    __arm_cp.1_5                             0x00000f2c   Number         4  ti_msp_dl_config.o(.text.SYSCFG_DL_initPower)
    __arm_cp.1_6                             0x00000f30   Number         4  ti_msp_dl_config.o(.text.SYSCFG_DL_initPower)
    [Anonymous Symbol]                       0x00000f34   Section        0  empty.o(.text.SysTick_Handler)
    __arm_cp.2_0                             0x00000f44   Number         4  empty.o(.text.SysTick_Handler)
    [Anonymous Symbol]                       0x00000f48   Section        0  board.o(.text.UART0_IRQHandler)
    __arm_cp.12_0                            0x00000f64   Number         4  board.o(.text.UART0_IRQHandler)
    [Anonymous Symbol]                       0x00000f68   Section        0  board.o(.text.UART1_IRQHandler)
    __arm_cp.13_0                            0x00000fa0   Number         4  board.o(.text.UART1_IRQHandler)
    __arm_cp.13_1                            0x00000fa4   Number         4  board.o(.text.UART1_IRQHandler)
    __arm_cp.13_2                            0x00000fa8   Number         4  board.o(.text.UART1_IRQHandler)
    __arm_cp.13_3                            0x00000fac   Number         4  board.o(.text.UART1_IRQHandler)
    __arm_cp.13_4                            0x00000fb0   Number         4  board.o(.text.UART1_IRQHandler)
    __arm_cp.13_5                            0x00000fb4   Number         4  board.o(.text.UART1_IRQHandler)
    [Anonymous Symbol]                       0x00000fb8   Section        0  board.o(.text._sys_exit)
    [Anonymous Symbol]                       0x00000fbc   Section        0  board.o(.text.delay_ms)
    __arm_cp.2_0                             0x00001000   Number         4  board.o(.text.delay_ms)
    [Anonymous Symbol]                       0x00001004   Section        0  empty.o(.text.main)
    __arm_cp.1_0                             0x0000118c   Number         4  empty.o(.text.main)
    __arm_cp.1_1                             0x00001190   Number         4  empty.o(.text.main)
    __arm_cp.1_2                             0x00001194   Number         4  empty.o(.text.main)
    __arm_cp.1_3                             0x00001198   Number         4  empty.o(.text.main)
    __arm_cp.1_4                             0x0000119c   Number         4  empty.o(.text.main)
    __arm_cp.1_5                             0x000011a0   Number         4  empty.o(.text.main)
    __arm_cp.1_6                             0x000011a4   Number         4  empty.o(.text.main)
    __arm_cp.1_7                             0x000011a8   Number         4  empty.o(.text.main)
    __arm_cp.1_8                             0x000011ac   Number         4  empty.o(.text.main)
    __arm_cp.1_9                             0x000011b0   Number         4  empty.o(.text.main)
    i._feq                                   0x000011b4   Section        0  fcmp.o(i._feq)
    x$fpl$fadd                               0x000011cc   Section      140  faddsub.o(x$fpl$fadd)
    _fadd1                                   0x000011d9   Thumb Code     0  faddsub.o(x$fpl$fadd)
    x$fpl$feqf                               0x00001258   Section       84  feqf.o(x$fpl$feqf)
    x$fpl$fmul                               0x000012ac   Section      176  fmul.o(x$fpl$fmul)
    x$fpl$fsub                               0x0000135c   Section      208  faddsub.o(x$fpl$fsub)
    _fsub1                                   0x00001369   Thumb Code     0  faddsub.o(x$fpl$fsub)
    gUART_0ClockConfig                       0x0000142c   Data           2  ti_msp_dl_config.o(.rodata.gUART_0ClockConfig)
    [Anonymous Symbol]                       0x0000142c   Section        0  ti_msp_dl_config.o(.rodata.gUART_0ClockConfig)
    x$fpl$usenofp                            0x0000142c   Section        0  usenofp.o(x$fpl$usenofp)
    gUART_0Config                            0x0000142e   Data          10  ti_msp_dl_config.o(.rodata.gUART_0Config)
    [Anonymous Symbol]                       0x0000142e   Section        0  ti_msp_dl_config.o(.rodata.gUART_0Config)
    gUART_1ClockConfig                       0x00001438   Data           2  ti_msp_dl_config.o(.rodata.gUART_1ClockConfig)
    [Anonymous Symbol]                       0x00001438   Section        0  ti_msp_dl_config.o(.rodata.gUART_1ClockConfig)
    gUART_1Config                            0x0000143a   Data          10  ti_msp_dl_config.o(.rodata.gUART_1Config)
    [Anonymous Symbol]                       0x0000143a   Section        0  ti_msp_dl_config.o(.rodata.gUART_1Config)
    .bss                                     0x20200008   Section       96  libspace.o(.bss)
    Cmd_GetPkt.CS                            0x20200074   Data           1  im948_cmd.o(.bss.Cmd_GetPkt.CS)
    [Anonymous Symbol]                       0x20200074   Section        0  im948_cmd.o(.bss.Cmd_GetPkt.CS)
    Cmd_GetPkt.RxIndex                       0x20200075   Data           1  im948_cmd.o(.bss.Cmd_GetPkt.RxIndex)
    [Anonymous Symbol]                       0x20200075   Section        0  im948_cmd.o(.bss.Cmd_GetPkt.RxIndex)
    Cmd_GetPkt.buf                           0x20200076   Data          78  im948_cmd.o(.bss.Cmd_GetPkt.buf)
    [Anonymous Symbol]                       0x20200076   Section        0  im948_cmd.o(.bss.Cmd_GetPkt.buf)
    Cmd_GetPkt.i                             0x202000c4   Data           1  im948_cmd.o(.bss.Cmd_GetPkt.i)
    [Anonymous Symbol]                       0x202000c4   Section        0  im948_cmd.o(.bss.Cmd_GetPkt.i)
    Heap_Mem                                 0x20200150   Data        4096  startup_mspm0g350x_uvision.o(HEAP)
    HEAP                                     0x20200150   Section     4096  startup_mspm0g350x_uvision.o(HEAP)
    Stack_Mem                                0x20201150   Data         256  startup_mspm0g350x_uvision.o(STACK)
    STACK                                    0x20201150   Section      256  startup_mspm0g350x_uvision.o(STACK)
    __initial_sp                             0x20201250   Data           0  startup_mspm0g350x_uvision.o(STACK)

    Global Symbols

    Symbol Name                              Value     Ov Type        Size  Object(Section)

    BuildAttributes$$THM_ISAv3M$S$PE$A:L22$X:L11$S22$IEEE1$IW$~IW$USESV6$~STKCKD$USESV7$~SHL$OTIME$ROPI$EBA8$UX$STANDARDLIB$REQ8$PRES8$EABIv2 0x00000000   Number         0  anon$$obj.o ABSOLUTE
    __Vectors                                0x00000000   Data           4  startup_mspm0g350x_uvision.o(RESET)
    __ARM_exceptions_init                     - Undefined Weak Reference
    __alloca_initialize                       - Undefined Weak Reference
    __arm_preinit_                            - Undefined Weak Reference
    __arm_relocate_pie_                       - Undefined Weak Reference
    __cpp_initialize__aeabi_                  - Undefined Weak Reference
    __cxa_finalize                            - Undefined Weak Reference
    __rt_locale                               - Undefined Weak Reference
    __sigvec_lookup                           - Undefined Weak Reference
    _atexit_init                              - Undefined Weak Reference
    _call_atexit_fns                          - Undefined Weak Reference
    _clock_init                               - Undefined Weak Reference
    _fp_trap_init                             - Undefined Weak Reference
    _fp_trap_shutdown                         - Undefined Weak Reference
    _get_lc_collate                           - Undefined Weak Reference
    _get_lc_ctype                             - Undefined Weak Reference
    _get_lc_monetary                          - Undefined Weak Reference
    _get_lc_numeric                           - Undefined Weak Reference
    _get_lc_time                              - Undefined Weak Reference
    _getenv_init                              - Undefined Weak Reference
    _handle_redirection                       - Undefined Weak Reference
    _init_alloc                               - Undefined Weak Reference
    _init_user_alloc                          - Undefined Weak Reference
    _initio                                   - Undefined Weak Reference
    _rand_init                                - Undefined Weak Reference
    _signal_finish                            - Undefined Weak Reference
    _signal_init                              - Undefined Weak Reference
    _terminate_alloc                          - Undefined Weak Reference
    _terminate_user_alloc                     - Undefined Weak Reference
    _terminateio                              - Undefined Weak Reference
    __Vectors_End                            0x000000c0   Data           0  startup_mspm0g350x_uvision.o(RESET)
    __Vectors_Size                           0x000000c0   Number         0  startup_mspm0g350x_uvision.o ABSOLUTE
    __main                                   0x000000c1   Thumb Code     8  __main.o(!!!main)
    __scatterload                            0x000000c9   Thumb Code     0  __scatter.o(!!!scatter)
    __scatterload_rt2                        0x000000c9   Thumb Code    52  __scatter.o(!!!scatter)
    __scatterload_rt2_thumb_only             0x000000c9   Thumb Code     0  __scatter.o(!!!scatter)
    __scatterload_null                       0x000000d9   Thumb Code     0  __scatter.o(!!!scatter)
    __scatterload_copy                       0x00000109   Thumb Code    26  __scatter_copy.o(!!handler_copy)
    __scatterload_zeroinit                   0x00000129   Thumb Code    28  __scatter_zi.o(!!handler_zi)
    __rt_lib_init                            0x00000145   Thumb Code     0  libinit.o(.ARM.Collect$$libinit$$00000000)
    __rt_lib_init_alloca_1                   0x00000147   Thumb Code     0  libinit2.o(.ARM.Collect$$libinit$$00000030)
    __rt_lib_init_argv_1                     0x00000147   Thumb Code     0  libinit2.o(.ARM.Collect$$libinit$$0000002E)
    __rt_lib_init_atexit_1                   0x00000147   Thumb Code     0  libinit2.o(.ARM.Collect$$libinit$$0000001D)
    __rt_lib_init_clock_1                    0x00000147   Thumb Code     0  libinit2.o(.ARM.Collect$$libinit$$00000023)
    __rt_lib_init_cpp_1                      0x00000147   Thumb Code     0  libinit2.o(.ARM.Collect$$libinit$$00000034)
    __rt_lib_init_exceptions_1               0x00000147   Thumb Code     0  libinit2.o(.ARM.Collect$$libinit$$00000032)
    __rt_lib_init_fp_1                       0x00000147   Thumb Code     0  libinit2.o(.ARM.Collect$$libinit$$00000002)
    __rt_lib_init_fp_trap_1                  0x00000147   Thumb Code     0  libinit2.o(.ARM.Collect$$libinit$$00000021)
    __rt_lib_init_getenv_1                   0x00000147   Thumb Code     0  libinit2.o(.ARM.Collect$$libinit$$00000025)
    __rt_lib_init_heap_1                     0x00000147   Thumb Code     0  libinit2.o(.ARM.Collect$$libinit$$0000000C)
    __rt_lib_init_lc_collate_1               0x00000147   Thumb Code     0  libinit2.o(.ARM.Collect$$libinit$$00000013)
    __rt_lib_init_lc_ctype_1                 0x00000147   Thumb Code     0  libinit2.o(.ARM.Collect$$libinit$$00000015)
    __rt_lib_init_lc_monetary_1              0x00000147   Thumb Code     0  libinit2.o(.ARM.Collect$$libinit$$00000017)
    __rt_lib_init_lc_numeric_1               0x00000147   Thumb Code     0  libinit2.o(.ARM.Collect$$libinit$$00000019)
    __rt_lib_init_lc_time_1                  0x00000147   Thumb Code     0  libinit2.o(.ARM.Collect$$libinit$$0000001B)
    __rt_lib_init_preinit_1                  0x00000147   Thumb Code     0  libinit2.o(.ARM.Collect$$libinit$$00000006)
    __rt_lib_init_rand_1                     0x00000147   Thumb Code     0  libinit2.o(.ARM.Collect$$libinit$$00000010)
    __rt_lib_init_relocate_pie_1             0x00000147   Thumb Code     0  libinit2.o(.ARM.Collect$$libinit$$00000004)
    __rt_lib_init_return                     0x00000147   Thumb Code     0  libinit2.o(.ARM.Collect$$libinit$$00000035)
    __rt_lib_init_signal_1                   0x00000147   Thumb Code     0  libinit2.o(.ARM.Collect$$libinit$$0000001F)
    __rt_lib_init_stdio_1                    0x00000147   Thumb Code     0  libinit2.o(.ARM.Collect$$libinit$$00000027)
    __rt_lib_init_user_alloc_1               0x00000147   Thumb Code     0  libinit2.o(.ARM.Collect$$libinit$$0000000E)
    __rt_lib_shutdown                        0x00000149   Thumb Code     0  libshutdown.o(.ARM.Collect$$libshutdown$$00000000)
    __rt_lib_shutdown_cpp_1                  0x0000014b   Thumb Code     0  libshutdown2.o(.ARM.Collect$$libshutdown$$00000002)
    __rt_lib_shutdown_fp_trap_1              0x0000014b   Thumb Code     0  libshutdown2.o(.ARM.Collect$$libshutdown$$00000007)
    __rt_lib_shutdown_heap_1                 0x0000014b   Thumb Code     0  libshutdown2.o(.ARM.Collect$$libshutdown$$0000000F)
    __rt_lib_shutdown_return                 0x0000014b   Thumb Code     0  libshutdown2.o(.ARM.Collect$$libshutdown$$00000010)
    __rt_lib_shutdown_signal_1               0x0000014b   Thumb Code     0  libshutdown2.o(.ARM.Collect$$libshutdown$$0000000A)
    __rt_lib_shutdown_stdio_1                0x0000014b   Thumb Code     0  libshutdown2.o(.ARM.Collect$$libshutdown$$00000004)
    __rt_lib_shutdown_user_alloc_1           0x0000014b   Thumb Code     0  libshutdown2.o(.ARM.Collect$$libshutdown$$0000000C)
    __rt_entry                               0x0000014d   Thumb Code     0  __rtentry.o(.ARM.Collect$$rtentry$$00000000)
    __rt_entry_presh_1                       0x0000014d   Thumb Code     0  __rtentry2.o(.ARM.Collect$$rtentry$$00000002)
    __rt_entry_sh                            0x0000014d   Thumb Code     0  __rtentry4.o(.ARM.Collect$$rtentry$$00000004)
    __rt_entry_li                            0x00000153   Thumb Code     0  __rtentry2.o(.ARM.Collect$$rtentry$$0000000A)
    __rt_entry_postsh_1                      0x00000153   Thumb Code     0  __rtentry2.o(.ARM.Collect$$rtentry$$00000009)
    __rt_entry_main                          0x00000157   Thumb Code     0  __rtentry2.o(.ARM.Collect$$rtentry$$0000000D)
    __rt_entry_postli_1                      0x00000157   Thumb Code     0  __rtentry2.o(.ARM.Collect$$rtentry$$0000000C)
    __rt_exit                                0x0000015f   Thumb Code     0  rtexit.o(.ARM.Collect$$rtexit$$00000000)
    __rt_exit_ls                             0x00000161   Thumb Code     0  rtexit2.o(.ARM.Collect$$rtexit$$00000003)
    __rt_exit_prels_1                        0x00000161   Thumb Code     0  rtexit2.o(.ARM.Collect$$rtexit$$00000002)
    __rt_exit_exit                           0x00000165   Thumb Code     0  rtexit2.o(.ARM.Collect$$rtexit$$00000004)
    Reset_Handler                            0x0000016d   Thumb Code     4  startup_mspm0g350x_uvision.o(.text)
    NMI_Handler                              0x00000171   Thumb Code     2  startup_mspm0g350x_uvision.o(.text)
    SVC_Handler                              0x00000175   Thumb Code     2  startup_mspm0g350x_uvision.o(.text)
    PendSV_Handler                           0x00000177   Thumb Code     2  startup_mspm0g350x_uvision.o(.text)
    ADC0_IRQHandler                          0x0000017b   Thumb Code     0  startup_mspm0g350x_uvision.o(.text)
    ADC1_IRQHandler                          0x0000017b   Thumb Code     0  startup_mspm0g350x_uvision.o(.text)
    AES_IRQHandler                           0x0000017b   Thumb Code     0  startup_mspm0g350x_uvision.o(.text)
    CANFD0_IRQHandler                        0x0000017b   Thumb Code     0  startup_mspm0g350x_uvision.o(.text)
    DAC0_IRQHandler                          0x0000017b   Thumb Code     0  startup_mspm0g350x_uvision.o(.text)
    DMA_IRQHandler                           0x0000017b   Thumb Code     0  startup_mspm0g350x_uvision.o(.text)
    Default_Handler                          0x0000017b   Thumb Code     2  startup_mspm0g350x_uvision.o(.text)
    GROUP0_IRQHandler                        0x0000017b   Thumb Code     0  startup_mspm0g350x_uvision.o(.text)
    GROUP1_IRQHandler                        0x0000017b   Thumb Code     0  startup_mspm0g350x_uvision.o(.text)
    I2C0_IRQHandler                          0x0000017b   Thumb Code     0  startup_mspm0g350x_uvision.o(.text)
    I2C1_IRQHandler                          0x0000017b   Thumb Code     0  startup_mspm0g350x_uvision.o(.text)
    RTC_IRQHandler                           0x0000017b   Thumb Code     0  startup_mspm0g350x_uvision.o(.text)
    SPI0_IRQHandler                          0x0000017b   Thumb Code     0  startup_mspm0g350x_uvision.o(.text)
    SPI1_IRQHandler                          0x0000017b   Thumb Code     0  startup_mspm0g350x_uvision.o(.text)
    TIMA0_IRQHandler                         0x0000017b   Thumb Code     0  startup_mspm0g350x_uvision.o(.text)
    TIMA1_IRQHandler                         0x0000017b   Thumb Code     0  startup_mspm0g350x_uvision.o(.text)
    TIMG0_IRQHandler                         0x0000017b   Thumb Code     0  startup_mspm0g350x_uvision.o(.text)
    TIMG12_IRQHandler                        0x0000017b   Thumb Code     0  startup_mspm0g350x_uvision.o(.text)
    TIMG6_IRQHandler                         0x0000017b   Thumb Code     0  startup_mspm0g350x_uvision.o(.text)
    TIMG7_IRQHandler                         0x0000017b   Thumb Code     0  startup_mspm0g350x_uvision.o(.text)
    TIMG8_IRQHandler                         0x0000017b   Thumb Code     0  startup_mspm0g350x_uvision.o(.text)
    UART2_IRQHandler                         0x0000017b   Thumb Code     0  startup_mspm0g350x_uvision.o(.text)
    UART3_IRQHandler                         0x0000017b   Thumb Code     0  startup_mspm0g350x_uvision.o(.text)
    __user_initial_stackheap                 0x0000017d   Thumb Code    10  startup_mspm0g350x_uvision.o(.text)
    _memset_w                                0x0000019d   Thumb Code    26  rt_memclr.o(.text)
    _memset                                  0x000001b7   Thumb Code    30  rt_memclr.o(.text)
    __aeabi_memclr                           0x000001d5   Thumb Code     4  rt_memclr.o(.text)
    __rt_memclr                              0x000001d5   Thumb Code     0  rt_memclr.o(.text)
    __aeabi_memclr4                          0x000001d9   Thumb Code     0  rt_memclr.o(.text)
    __aeabi_memclr8                          0x000001d9   Thumb Code     0  rt_memclr.o(.text)
    __rt_memclr_w                            0x000001d9   Thumb Code     4  rt_memclr.o(.text)
    __use_two_region_memory                  0x000001dd   Thumb Code     2  heapauxi.o(.text)
    __rt_heap_escrow$2region                 0x000001df   Thumb Code     2  heapauxi.o(.text)
    __rt_heap_expand$2region                 0x000001e1   Thumb Code     2  heapauxi.o(.text)
    __aeabi_f2iz                             0x000001e3   Thumb Code     0  ffixi.o(.text)
    _ffix                                    0x000001e3   Thumb Code    76  ffixi.o(.text)
    __aeabi_i2f_normalise                    0x0000022f   Thumb Code    72  fflti.o(.text)
    __aeabi_i2f                              0x00000277   Thumb Code    16  fflti.o(.text)
    _fflt                                    0x00000277   Thumb Code     0  fflti.o(.text)
    __aeabi_ui2f                             0x00000287   Thumb Code     6  fflti.o(.text)
    _ffltu                                   0x00000287   Thumb Code     0  fflti.o(.text)
    __fpl_fcmp_InfNaN                        0x0000028d   Thumb Code    96  fcmpin.o(.text)
    __user_setup_stackheap                   0x000002f1   Thumb Code    62  sys_stackheap_outer.o(.text)
    exit                                     0x0000032f   Thumb Code    16  exit.o(.text)
    __fpl_cmpreturn                          0x0000033f   Thumb Code    46  cmpret.o(.text)
    __fpl_fcheck_NaN2                        0x0000036d   Thumb Code    10  fnan2.o(.text)
    __user_libspace                          0x0000037d   Thumb Code     8  libspace.o(.text)
    __user_perproc_libspace                  0x0000037d   Thumb Code     0  libspace.o(.text)
    __user_perthread_libspace                0x0000037d   Thumb Code     0  libspace.o(.text)
    __fpl_return_NaN                         0x00000385   Thumb Code    94  retnan.o(.text)
    Cmd_03                                   0x000003e5   Thumb Code   292  im948_cmd.o(.text.Cmd_03)
    Cmd_05                                   0x00000509   Thumb Code   292  im948_cmd.o(.text.Cmd_05)
    Cmd_06                                   0x0000062d   Thumb Code   292  im948_cmd.o(.text.Cmd_06)
    Cmd_11                                   0x00000759   Thumb Code   292  im948_cmd.o(.text.Cmd_11)
    Cmd_12                                   0x00000885   Thumb Code   360  im948_cmd.o(.text.Cmd_12)
    Cmd_18                                   0x000009f5   Thumb Code   292  im948_cmd.o(.text.Cmd_18)
    Cmd_GetPkt                               0x00000b21   Thumb Code   380  im948_cmd.o(.text.Cmd_GetPkt)
    DL_Common_delayCycles                    0x00000cc1   Thumb Code    10  dl_common.o(.text.DL_Common_delayCycles)
    DL_UART_init                             0x00000ccd   Thumb Code    64  dl_uart.o(.text.DL_UART_init)
    DL_UART_setClockConfig                   0x00000d15   Thumb Code    18  dl_uart.o(.text.DL_UART_setClockConfig)
    HardFault_Handler                        0x00000d27   Thumb Code     2  board.o(.text.HardFault_Handler)
    SYSCFG_DL_GPIO_init                      0x00000d29   Thumb Code    36  ti_msp_dl_config.o(.text.SYSCFG_DL_GPIO_init)
    SYSCFG_DL_SYSCTL_init                    0x00000d61   Thumb Code    52  ti_msp_dl_config.o(.text.SYSCFG_DL_SYSCTL_init)
    SYSCFG_DL_SYSTICK_init                   0x00000d9d   Thumb Code    36  ti_msp_dl_config.o(.text.SYSCFG_DL_SYSTICK_init)
    SYSCFG_DL_UART_0_init                    0x00000dc9   Thumb Code    88  ti_msp_dl_config.o(.text.SYSCFG_DL_UART_0_init)
    SYSCFG_DL_UART_1_init                    0x00000e35   Thumb Code   100  ti_msp_dl_config.o(.text.SYSCFG_DL_UART_1_init)
    SYSCFG_DL_WWDT0_init                     0x00000eb5   Thumb Code    16  ti_msp_dl_config.o(.text.SYSCFG_DL_WWDT0_init)
    SYSCFG_DL_init                           0x00000ecd   Thumb Code    32  ti_msp_dl_config.o(.text.SYSCFG_DL_init)
    SYSCFG_DL_initPower                      0x00000eed   Thumb Code    44  ti_msp_dl_config.o(.text.SYSCFG_DL_initPower)
    SysTick_Handler                          0x00000f35   Thumb Code    16  empty.o(.text.SysTick_Handler)
    UART0_IRQHandler                         0x00000f49   Thumb Code    28  board.o(.text.UART0_IRQHandler)
    UART1_IRQHandler                         0x00000f69   Thumb Code    56  board.o(.text.UART1_IRQHandler)
    _sys_exit                                0x00000fb9   Thumb Code     2  board.o(.text._sys_exit)
    delay_ms                                 0x00000fbd   Thumb Code    68  board.o(.text.delay_ms)
    main                                     0x00001005   Thumb Code   392  empty.o(.text.main)
    __aeabi_fcmpeq                           0x000011b5   Thumb Code     0  fcmp.o(i._feq)
    _feq                                     0x000011b5   Thumb Code    22  fcmp.o(i._feq)
    __aeabi_fadd                             0x000011cd   Thumb Code     0  faddsub.o(x$fpl$fadd)
    _fadd                                    0x000011cd   Thumb Code   134  faddsub.o(x$fpl$fadd)
    __aeabi_cfcmpeq                          0x00001259   Thumb Code     0  feqf.o(x$fpl$feqf)
    _fcmpeq                                  0x00001259   Thumb Code    78  feqf.o(x$fpl$feqf)
    __aeabi_fmul                             0x000012ad   Thumb Code     0  fmul.o(x$fpl$fmul)
    _fmul                                    0x000012ad   Thumb Code   172  fmul.o(x$fpl$fmul)
    __aeabi_fsub                             0x0000135d   Thumb Code     0  faddsub.o(x$fpl$fsub)
    _fsub                                    0x0000135d   Thumb Code   204  faddsub.o(x$fpl$fsub)
    __I$use$fp                               0x0000142c   Number         0  usenofp.o(x$fpl$usenofp)
    Region$$Table$$Base                      0x00001448   Number         0  anon$$obj.o(Region$$Table)
    Region$$Table$$Limit                     0x00001468   Number         0  anon$$obj.o(Region$$Table)
    targetDeviceAddress                      0x20200000   Data           1  im948_cmd.o(.data.targetDeviceAddress)
    __libspace_start                         0x20200008   Data          96  libspace.o(.bss)
    AngleX                                   0x20200068   Data           4  im948_cmd.o(.bss.AngleX)
    __temporary_stack_top$libspace           0x20200068   Data           0  libspace.o(.bss)
    AngleY                                   0x2020006c   Data           4  im948_cmd.o(.bss.AngleY)
    AngleZ                                   0x20200070   Data           4  im948_cmd.o(.bss.AngleZ)
    f_sendcmd                                0x202000c5   Data           1  empty.o(.bss.f_sendcmd)
    recv0_buff                               0x202000c6   Data         128  board.o(.bss.recv0_buff)
    recv0_length                             0x20200146   Data           2  board.o(.bss.recv0_length)
    recv1_flag                               0x20200148   Data           1  board.o(.bss.recv1_flag)
    recv1_length                             0x2020014a   Data           2  board.o(.bss.recv1_length)



==============================================================================

Memory Map of the image

  Image Entry point : 0x000000c1

  Load Region LR_IROM1 (Base: 0x00000000, Size: 0x00001470, Max: 0x00020000, ABSOLUTE)

    Execution Region ER_IROM1 (Exec base: 0x00000000, Load base: 0x00000000, Size: 0x00001468, Max: 0x00020000, ABSOLUTE)

    Exec Addr    Load Addr    Size         Type   Attr      Idx    E Section Name        Object

    0x00000000   0x00000000   0x000000c0   Data   RO           19    RESET               startup_mspm0g350x_uvision.o
    0x000000c0   0x000000c0   0x00000008   Code   RO          963  * !!!main             c_p.l(__main.o)
    0x000000c8   0x000000c8   0x0000003c   Code   RO         1175    !!!scatter          c_p.l(__scatter.o)
    0x00000104   0x00000104   0x00000004   PAD
    0x00000108   0x00000108   0x0000001a   Code   RO         1177    !!handler_copy      c_p.l(__scatter_copy.o)
    0x00000122   0x00000122   0x00000006   PAD
    0x00000128   0x00000128   0x0000001c   Code   RO         1179    !!handler_zi        c_p.l(__scatter_zi.o)
    0x00000144   0x00000144   0x00000002   Code   RO         1034    .ARM.Collect$$libinit$$00000000  c_p.l(libinit.o)
    0x00000146   0x00000146   0x00000000   Code   RO         1052    .ARM.Collect$$libinit$$00000002  c_p.l(libinit2.o)
    0x00000146   0x00000146   0x00000000   Code   RO         1054    .ARM.Collect$$libinit$$00000004  c_p.l(libinit2.o)
    0x00000146   0x00000146   0x00000000   Code   RO         1056    .ARM.Collect$$libinit$$00000006  c_p.l(libinit2.o)
    0x00000146   0x00000146   0x00000000   Code   RO         1059    .ARM.Collect$$libinit$$0000000C  c_p.l(libinit2.o)
    0x00000146   0x00000146   0x00000000   Code   RO         1061    .ARM.Collect$$libinit$$0000000E  c_p.l(libinit2.o)
    0x00000146   0x00000146   0x00000000   Code   RO         1063    .ARM.Collect$$libinit$$00000010  c_p.l(libinit2.o)
    0x00000146   0x00000146   0x00000000   Code   RO         1066    .ARM.Collect$$libinit$$00000013  c_p.l(libinit2.o)
    0x00000146   0x00000146   0x00000000   Code   RO         1068    .ARM.Collect$$libinit$$00000015  c_p.l(libinit2.o)
    0x00000146   0x00000146   0x00000000   Code   RO         1070    .ARM.Collect$$libinit$$00000017  c_p.l(libinit2.o)
    0x00000146   0x00000146   0x00000000   Code   RO         1072    .ARM.Collect$$libinit$$00000019  c_p.l(libinit2.o)
    0x00000146   0x00000146   0x00000000   Code   RO         1074    .ARM.Collect$$libinit$$0000001B  c_p.l(libinit2.o)
    0x00000146   0x00000146   0x00000000   Code   RO         1076    .ARM.Collect$$libinit$$0000001D  c_p.l(libinit2.o)
    0x00000146   0x00000146   0x00000000   Code   RO         1078    .ARM.Collect$$libinit$$0000001F  c_p.l(libinit2.o)
    0x00000146   0x00000146   0x00000000   Code   RO         1080    .ARM.Collect$$libinit$$00000021  c_p.l(libinit2.o)
    0x00000146   0x00000146   0x00000000   Code   RO         1082    .ARM.Collect$$libinit$$00000023  c_p.l(libinit2.o)
    0x00000146   0x00000146   0x00000000   Code   RO         1084    .ARM.Collect$$libinit$$00000025  c_p.l(libinit2.o)
    0x00000146   0x00000146   0x00000000   Code   RO         1086    .ARM.Collect$$libinit$$00000027  c_p.l(libinit2.o)
    0x00000146   0x00000146   0x00000000   Code   RO         1090    .ARM.Collect$$libinit$$0000002E  c_p.l(libinit2.o)
    0x00000146   0x00000146   0x00000000   Code   RO         1092    .ARM.Collect$$libinit$$00000030  c_p.l(libinit2.o)
    0x00000146   0x00000146   0x00000000   Code   RO         1094    .ARM.Collect$$libinit$$00000032  c_p.l(libinit2.o)
    0x00000146   0x00000146   0x00000000   Code   RO         1096    .ARM.Collect$$libinit$$00000034  c_p.l(libinit2.o)
    0x00000146   0x00000146   0x00000002   Code   RO         1097    .ARM.Collect$$libinit$$00000035  c_p.l(libinit2.o)
    0x00000148   0x00000148   0x00000002   Code   RO         1127    .ARM.Collect$$libshutdown$$00000000  c_p.l(libshutdown.o)
    0x0000014a   0x0000014a   0x00000000   Code   RO         1158    .ARM.Collect$$libshutdown$$00000002  c_p.l(libshutdown2.o)
    0x0000014a   0x0000014a   0x00000000   Code   RO         1160    .ARM.Collect$$libshutdown$$00000004  c_p.l(libshutdown2.o)
    0x0000014a   0x0000014a   0x00000000   Code   RO         1163    .ARM.Collect$$libshutdown$$00000007  c_p.l(libshutdown2.o)
    0x0000014a   0x0000014a   0x00000000   Code   RO         1166    .ARM.Collect$$libshutdown$$0000000A  c_p.l(libshutdown2.o)
    0x0000014a   0x0000014a   0x00000000   Code   RO         1168    .ARM.Collect$$libshutdown$$0000000C  c_p.l(libshutdown2.o)
    0x0000014a   0x0000014a   0x00000000   Code   RO         1171    .ARM.Collect$$libshutdown$$0000000F  c_p.l(libshutdown2.o)
    0x0000014a   0x0000014a   0x00000002   Code   RO         1172    .ARM.Collect$$libshutdown$$00000010  c_p.l(libshutdown2.o)
    0x0000014c   0x0000014c   0x00000000   Code   RO          989    .ARM.Collect$$rtentry$$00000000  c_p.l(__rtentry.o)
    0x0000014c   0x0000014c   0x00000000   Code   RO         1002    .ARM.Collect$$rtentry$$00000002  c_p.l(__rtentry2.o)
    0x0000014c   0x0000014c   0x00000006   Code   RO         1014    .ARM.Collect$$rtentry$$00000004  c_p.l(__rtentry4.o)
    0x00000152   0x00000152   0x00000000   Code   RO         1004    .ARM.Collect$$rtentry$$00000009  c_p.l(__rtentry2.o)
    0x00000152   0x00000152   0x00000004   Code   RO         1005    .ARM.Collect$$rtentry$$0000000A  c_p.l(__rtentry2.o)
    0x00000156   0x00000156   0x00000000   Code   RO         1007    .ARM.Collect$$rtentry$$0000000C  c_p.l(__rtentry2.o)
    0x00000156   0x00000156   0x00000008   Code   RO         1008    .ARM.Collect$$rtentry$$0000000D  c_p.l(__rtentry2.o)
    0x0000015e   0x0000015e   0x00000002   Code   RO         1043    .ARM.Collect$$rtexit$$00000000  c_p.l(rtexit.o)
    0x00000160   0x00000160   0x00000000   Code   RO         1101    .ARM.Collect$$rtexit$$00000002  c_p.l(rtexit2.o)
    0x00000160   0x00000160   0x00000004   Code   RO         1102    .ARM.Collect$$rtexit$$00000003  c_p.l(rtexit2.o)
    0x00000164   0x00000164   0x00000006   Code   RO         1103    .ARM.Collect$$rtexit$$00000004  c_p.l(rtexit2.o)
    0x0000016a   0x0000016a   0x00000002   PAD
    0x0000016c   0x0000016c   0x00000030   Code   RO           20    .text               startup_mspm0g350x_uvision.o
    0x0000019c   0x0000019c   0x00000040   Code   RO          951    .text               c_p.l(rt_memclr.o)
    0x000001dc   0x000001dc   0x00000006   Code   RO          961    .text               c_p.l(heapauxi.o)
    0x000001e2   0x000001e2   0x0000004c   Code   RO          983    .text               fz_ps.l(ffixi.o)
    0x0000022e   0x0000022e   0x0000005e   Code   RO          985    .text               fz_ps.l(fflti.o)
    0x0000028c   0x0000028c   0x00000064   Code   RO         1018    .text               fz_ps.l(fcmpin.o)
    0x000002f0   0x000002f0   0x0000003e   Code   RO         1020    .text               c_p.l(sys_stackheap_outer.o)
    0x0000032e   0x0000032e   0x00000010   Code   RO         1023    .text               c_p.l(exit.o)
    0x0000033e   0x0000033e   0x0000002e   Code   RO         1035    .text               fz_ps.l(cmpret.o)
    0x0000036c   0x0000036c   0x00000010   Code   RO         1037    .text               fz_ps.l(fnan2.o)
    0x0000037c   0x0000037c   0x00000008   Code   RO         1039    .text               c_p.l(libspace.o)
    0x00000384   0x00000384   0x0000005e   Code   RO         1098    .text               fz_ps.l(retnan.o)
    0x000003e2   0x000003e2   0x00000002   PAD
    0x000003e4   0x000003e4   0x00000124   Code   RO          825    .text.Cmd_03        im948_cmd.o
    0x00000508   0x00000508   0x00000124   Code   RO          853    .text.Cmd_05        im948_cmd.o
    0x0000062c   0x0000062c   0x0000012c   Code   RO          855    .text.Cmd_06        im948_cmd.o
    0x00000758   0x00000758   0x0000012c   Code   RO          831    .text.Cmd_11        im948_cmd.o
    0x00000884   0x00000884   0x00000170   Code   RO          835    .text.Cmd_12        im948_cmd.o
    0x000009f4   0x000009f4   0x0000012c   Code   RO          827    .text.Cmd_18        im948_cmd.o
    0x00000b20   0x00000b20   0x000001a0   Code   RO          821    .text.Cmd_GetPkt    im948_cmd.o
    0x00000cc0   0x00000cc0   0x0000000a   Code   RO          757    .text.DL_Common_delayCycles  dl_common.o
    0x00000cca   0x00000cca   0x00000002   PAD
    0x00000ccc   0x00000ccc   0x00000048   Code   RO          117    .text.DL_UART_init  dl_uart.o
    0x00000d14   0x00000d14   0x00000012   Code   RO          119    .text.DL_UART_setClockConfig  dl_uart.o
    0x00000d26   0x00000d26   0x00000002   Code   RO           83    .text.HardFault_Handler  board.o
    0x00000d28   0x00000d28   0x00000038   Code   RO           31    .text.SYSCFG_DL_GPIO_init  ti_msp_dl_config.o
    0x00000d60   0x00000d60   0x0000003c   Code   RO           33    .text.SYSCFG_DL_SYSCTL_init  ti_msp_dl_config.o
    0x00000d9c   0x00000d9c   0x0000002c   Code   RO           39    .text.SYSCFG_DL_SYSTICK_init  ti_msp_dl_config.o
    0x00000dc8   0x00000dc8   0x0000006c   Code   RO           35    .text.SYSCFG_DL_UART_0_init  ti_msp_dl_config.o
    0x00000e34   0x00000e34   0x00000080   Code   RO           37    .text.SYSCFG_DL_UART_1_init  ti_msp_dl_config.o
    0x00000eb4   0x00000eb4   0x00000018   Code   RO           41    .text.SYSCFG_DL_WWDT0_init  ti_msp_dl_config.o
    0x00000ecc   0x00000ecc   0x00000020   Code   RO           27    .text.SYSCFG_DL_init  ti_msp_dl_config.o
    0x00000eec   0x00000eec   0x00000048   Code   RO           29    .text.SYSCFG_DL_initPower  ti_msp_dl_config.o
    0x00000f34   0x00000f34   0x00000014   Code   RO            6    .text.SysTick_Handler  empty.o
    0x00000f48   0x00000f48   0x00000020   Code   RO           79    .text.UART0_IRQHandler  board.o
    0x00000f68   0x00000f68   0x00000050   Code   RO           81    .text.UART1_IRQHandler  board.o
    0x00000fb8   0x00000fb8   0x00000002   Code   RO           73    .text._sys_exit     board.o
    0x00000fba   0x00000fba   0x00000002   PAD
    0x00000fbc   0x00000fbc   0x00000048   Code   RO           59    .text.delay_ms      board.o
    0x00001004   0x00001004   0x000001b0   Code   RO            4    .text.main          empty.o
    0x000011b4   0x000011b4   0x00000016   Code   RO          971    i._feq              fz_ps.l(fcmp.o)
    0x000011ca   0x000011ca   0x00000002   PAD
    0x000011cc   0x000011cc   0x0000008c   Code   RO          965    x$fpl$fadd          fz_ps.l(faddsub.o)
    0x00001258   0x00001258   0x00000054   Code   RO          994    x$fpl$feqf          fz_ps.l(feqf.o)
    0x000012ac   0x000012ac   0x000000b0   Code   RO          987    x$fpl$fmul          fz_ps.l(fmul.o)
    0x0000135c   0x0000135c   0x000000d0   Code   RO          967    x$fpl$fsub          fz_ps.l(faddsub.o)
    0x0000142c   0x0000142c   0x00000000   Code   RO         1000    x$fpl$usenofp       fz_ps.l(usenofp.o)
    0x0000142c   0x0000142c   0x00000002   Data   RO           43    .rodata.gUART_0ClockConfig  ti_msp_dl_config.o
    0x0000142e   0x0000142e   0x0000000a   Data   RO           44    .rodata.gUART_0Config  ti_msp_dl_config.o
    0x00001438   0x00001438   0x00000002   Data   RO           45    .rodata.gUART_1ClockConfig  ti_msp_dl_config.o
    0x0000143a   0x0000143a   0x0000000a   Data   RO           46    .rodata.gUART_1Config  ti_msp_dl_config.o
    0x00001444   0x00001444   0x00000004   PAD
    0x00001448   0x00001448   0x00000020   Data   RO         1174    Region$$Table       anon$$obj.o


    Execution Region RW_IRAM2 (Exec base: 0x20200000, Load base: 0x00001468, Size: 0x00001250, Max: 0x00008000, ABSOLUTE)

    Exec Addr    Load Addr    Size         Type   Attr      Idx    E Section Name        Object

    0x20200000   0x00001468   0x00000001   Data   RW          921    .data.targetDeviceAddress  im948_cmd.o
    0x20200001   0x00001469   0x00000007   PAD
    0x20200008        -       0x00000060   Zero   RW         1040    .bss                c_p.l(libspace.o)
    0x20200068        -       0x00000004   Zero   RW          929    .bss.AngleX         im948_cmd.o
    0x2020006c        -       0x00000004   Zero   RW          930    .bss.AngleY         im948_cmd.o
    0x20200070        -       0x00000004   Zero   RW          931    .bss.AngleZ         im948_cmd.o
    0x20200074        -       0x00000001   Zero   RW          922    .bss.Cmd_GetPkt.CS  im948_cmd.o
    0x20200075        -       0x00000001   Zero   RW          924    .bss.Cmd_GetPkt.RxIndex  im948_cmd.o
    0x20200076        -       0x0000004e   Zero   RW          925    .bss.Cmd_GetPkt.buf  im948_cmd.o
    0x202000c4        -       0x00000001   Zero   RW          923    .bss.Cmd_GetPkt.i   im948_cmd.o
    0x202000c5        -       0x00000001   Zero   RW            8    .bss.f_sendcmd      empty.o
    0x202000c6        -       0x00000080   Zero   RW           85    .bss.recv0_buff     board.o
    0x20200146        -       0x00000002   Zero   RW           86    .bss.recv0_length   board.o
    0x20200148        -       0x00000001   Zero   RW           90    .bss.recv1_flag     board.o
    0x20200149   0x00001469   0x00000001   PAD
    0x2020014a        -       0x00000002   Zero   RW           89    .bss.recv1_length   board.o
    0x2020014c   0x00001469   0x00000004   PAD
    0x20200150        -       0x00001000   Zero   RW           18    HEAP                startup_mspm0g350x_uvision.o
    0x20201150        -       0x00000100   Zero   RW           17    STACK               startup_mspm0g350x_uvision.o



  Load Region LR_BCR (Base: 0x41c00000, Size: 0x00000000, Max: 0x00000100, ABSOLUTE)

    Execution Region BCR_CONFIG (Exec base: 0x41c00000, Load base: 0x41c00000, Size: 0x00000000, Max: 0x00000080, ABSOLUTE)

    **** No section assigned to this execution region ****



  Load Region LR_BSL (Base: 0x41c00100, Size: 0x00000000, Max: 0x00000100, ABSOLUTE)

    Execution Region BSL_CONFIG (Exec base: 0x41c00100, Load base: 0x41c00100, Size: 0x00000000, Max: 0x00000080, ABSOLUTE)

    **** No section assigned to this execution region ****


==============================================================================

Image component sizes


      Code (inc. data)   RO Data    RW Data    ZI Data      Debug   Object Name

       188         32          0          0        133      10876   board.o
        10          0          0          0          0        584   dl_common.o
        90          8          0          0          0      14267   dl_uart.o
       452         44          0          0          1      11644   empty.o
      2268         74          0          1         93     170709   im948_cmd.o
        48         22        192          0       4352        684   startup_mspm0g350x_uvision.o
       524        120         24          0          0      24664   ti_msp_dl_config.o

    ----------------------------------------------------------------------
      3584        300        252          4       4588     233428   Object Totals
         0          0         32          0          0          0   (incl. Generated)
         4          0          4          3          9          0   (incl. Padding)

    ----------------------------------------------------------------------

      Code (inc. data)   RO Data    RW Data    ZI Data      Debug   Library Member Name

         8          0          0          0          0         68   __main.o
         0          0          0          0          0          0   __rtentry.o
        12          0          0          0          0          0   __rtentry2.o
         6          0          0          0          0          0   __rtentry4.o
        60          8          0          0          0          0   __scatter.o
        26          0          0          0          0          0   __scatter_copy.o
        28          0          0          0          0          0   __scatter_zi.o
        16          0          0          0          0         68   exit.o
         6          0          0          0          0        136   heapauxi.o
         2          0          0          0          0          0   libinit.o
         2          0          0          0          0          0   libinit2.o
         2          0          0          0          0          0   libshutdown.o
         2          0          0          0          0          0   libshutdown2.o
         8          4          0          0         96         68   libspace.o
        64          0          0          0          0        108   rt_memclr.o
         2          0          0          0          0          0   rtexit.o
        10          0          0          0          0          0   rtexit2.o
        62          0          0          0          0         80   sys_stackheap_outer.o
        46          0          0          0          0         60   cmpret.o
       348          8          0          0          0        160   faddsub.o
        22          0          0          0          0         68   fcmp.o
       100          4          0          0          0         68   fcmpin.o
        84          4          0          0          0         76   feqf.o
        76          0          0          0          0         68   ffixi.o
        94          0          0          0          0         92   fflti.o
       176          4          0          0          0         80   fmul.o
        16          6          0          0          0         68   fnan2.o
        94          0          0          0          0         68   retnan.o
         0          0          0          0          0          0   usenofp.o

    ----------------------------------------------------------------------
      1388         42          0          0         96       1336   Library Totals
        16          4          0          0          0          0   (incl. Padding)

    ----------------------------------------------------------------------

      Code (inc. data)   RO Data    RW Data    ZI Data      Debug   Library Name

       316         12          0          0         96        528   c_p.l
      1056         26          0          0          0        808   fz_ps.l

    ----------------------------------------------------------------------
      1388         42          0          0         96       1336   Library Totals

    ----------------------------------------------------------------------

==============================================================================


      Code (inc. data)   RO Data    RW Data    ZI Data      Debug   

      4972        342        252          4       4684     234108   Grand Totals
      4972        342        252          4       4684     234108   ELF Image Totals
      4972        342        252          4          0          0   ROM Totals

==============================================================================

    Total RO  Size (Code + RO Data)                 5224 (   5.10kB)
    Total RW  Size (RW Data + ZI Data)              4688 (   4.58kB)
    Total ROM Size (Code + RO Data + RW Data)       5228 (   5.11kB)

==============================================================================

