Component: Arm Compiler for Embedded 6.19 Tool: armlink [5e73cb00]

==============================================================================

Section Cross References

    empty.o(.text) refers (Special) to _printf_percent.o(.ARM.Collect$$_printf_percent$$00000000) for _printf_percent
    empty.o(.text) refers (Special) to _printf_x.o(.ARM.Collect$$_printf_percent$$0000000C) for _printf_x
    empty.o(.text) refers (Special) to _printf_d.o(.ARM.Collect$$_printf_percent$$00000009) for _printf_d
    empty.o(.text) refers (Special) to _printf_dec.o(.text) for _printf_int_dec
    empty.o(.text) refers (Special) to _printf_hex_int.o(.text) for _printf_longlong_hex
    empty.o(.text.BUZZER) refers (Special) to _printf_percent.o(.ARM.Collect$$_printf_percent$$00000000) for _printf_percent
    empty.o(.text.BUZZER) refers (Special) to _printf_x.o(.ARM.Collect$$_printf_percent$$0000000C) for _printf_x
    empty.o(.text.BUZZER) refers (Special) to _printf_d.o(.ARM.Collect$$_printf_percent$$00000009) for _printf_d
    empty.o(.text.BUZZER) refers (Special) to _printf_dec.o(.text) for _printf_int_dec
    empty.o(.text.BUZZER) refers (Special) to _printf_hex_int.o(.text) for _printf_longlong_hex
    empty.o(.ARM.exidx.text.BUZZER) refers (Special) to _printf_percent.o(.ARM.Collect$$_printf_percent$$00000000) for _printf_percent
    empty.o(.ARM.exidx.text.BUZZER) refers (Special) to _printf_x.o(.ARM.Collect$$_printf_percent$$0000000C) for _printf_x
    empty.o(.ARM.exidx.text.BUZZER) refers (Special) to _printf_d.o(.ARM.Collect$$_printf_percent$$00000009) for _printf_d
    empty.o(.ARM.exidx.text.BUZZER) refers (Special) to _printf_dec.o(.text) for _printf_int_dec
    empty.o(.ARM.exidx.text.BUZZER) refers (Special) to _printf_hex_int.o(.text) for _printf_longlong_hex
    empty.o(.ARM.exidx.text.BUZZER) refers to empty.o(.text.BUZZER) for [Anonymous Symbol]
    empty.o(.text.gray_readNum) refers (Special) to _printf_percent.o(.ARM.Collect$$_printf_percent$$00000000) for _printf_percent
    empty.o(.text.gray_readNum) refers (Special) to _printf_x.o(.ARM.Collect$$_printf_percent$$0000000C) for _printf_x
    empty.o(.text.gray_readNum) refers (Special) to _printf_d.o(.ARM.Collect$$_printf_percent$$00000009) for _printf_d
    empty.o(.text.gray_readNum) refers (Special) to _printf_dec.o(.text) for _printf_int_dec
    empty.o(.text.gray_readNum) refers (Special) to _printf_hex_int.o(.text) for _printf_longlong_hex
    empty.o(.text.gray_readNum) refers to myiic.o(.text.IIC_ReadDataLen) for IIC_ReadDataLen
    empty.o(.text.gray_readNum) refers to noretval__2printf.o(.text) for __2printf
    empty.o(.text.gray_readNum) refers to puts.o(.text) for puts
    empty.o(.text.gray_readNum) refers to empty.o(.bss.GetNum) for GetNum
    empty.o(.text.gray_readNum) refers to empty.o(.rodata.str1.1) for [Anonymous Symbol]
    empty.o(.ARM.exidx.text.gray_readNum) refers (Special) to _printf_percent.o(.ARM.Collect$$_printf_percent$$00000000) for _printf_percent
    empty.o(.ARM.exidx.text.gray_readNum) refers (Special) to _printf_x.o(.ARM.Collect$$_printf_percent$$0000000C) for _printf_x
    empty.o(.ARM.exidx.text.gray_readNum) refers (Special) to _printf_d.o(.ARM.Collect$$_printf_percent$$00000009) for _printf_d
    empty.o(.ARM.exidx.text.gray_readNum) refers (Special) to _printf_dec.o(.text) for _printf_int_dec
    empty.o(.ARM.exidx.text.gray_readNum) refers (Special) to _printf_hex_int.o(.text) for _printf_longlong_hex
    empty.o(.ARM.exidx.text.gray_readNum) refers to empty.o(.text.gray_readNum) for [Anonymous Symbol]
    empty.o(.text.gray_readAdNum) refers (Special) to _printf_percent.o(.ARM.Collect$$_printf_percent$$00000000) for _printf_percent
    empty.o(.text.gray_readAdNum) refers (Special) to _printf_x.o(.ARM.Collect$$_printf_percent$$0000000C) for _printf_x
    empty.o(.text.gray_readAdNum) refers (Special) to _printf_d.o(.ARM.Collect$$_printf_percent$$00000009) for _printf_d
    empty.o(.text.gray_readAdNum) refers (Special) to _printf_dec.o(.text) for _printf_int_dec
    empty.o(.text.gray_readAdNum) refers (Special) to _printf_hex_int.o(.text) for _printf_longlong_hex
    empty.o(.text.gray_readAdNum) refers to myiic.o(.text.IIC_ReadDataLen) for IIC_ReadDataLen
    empty.o(.text.gray_readAdNum) refers to empty.o(.bss.GetANum) for GetANum
    empty.o(.ARM.exidx.text.gray_readAdNum) refers (Special) to _printf_percent.o(.ARM.Collect$$_printf_percent$$00000000) for _printf_percent
    empty.o(.ARM.exidx.text.gray_readAdNum) refers (Special) to _printf_x.o(.ARM.Collect$$_printf_percent$$0000000C) for _printf_x
    empty.o(.ARM.exidx.text.gray_readAdNum) refers (Special) to _printf_d.o(.ARM.Collect$$_printf_percent$$00000009) for _printf_d
    empty.o(.ARM.exidx.text.gray_readAdNum) refers (Special) to _printf_dec.o(.text) for _printf_int_dec
    empty.o(.ARM.exidx.text.gray_readAdNum) refers (Special) to _printf_hex_int.o(.text) for _printf_longlong_hex
[...]
    __arm_cp.18_0                            0x00000e10   Number         4  dl_timer.o(.text.DL_Timer_setCaptCompUpdateMethod)
    [Anonymous Symbol]                       0x00000e14   Section        0  dl_timer.o(.text.DL_Timer_setCaptureCompareOutCtl)
    __arm_cp.13_0                            0x00000e28   Number         4  dl_timer.o(.text.DL_Timer_setCaptureCompareOutCtl)
    [Anonymous Symbol]                       0x00000e2c   Section        0  dl_timer.o(.text.DL_Timer_setCaptureCompareValue)
    __arm_cp.3_0                             0x00000e38   Number         4  dl_timer.o(.text.DL_Timer_setCaptureCompareValue)
    [Anonymous Symbol]                       0x00000e3c   Section        0  dl_timer.o(.text.DL_Timer_setClockConfig)
    __arm_cp.0_0                             0x00000e54   Number         4  dl_timer.o(.text.DL_Timer_setClockConfig)
    [Anonymous Symbol]                       0x00000e58   Section        0  dl_uart.o(.text.DL_UART_init)
    __arm_cp.0_0                             0x00000e98   Number         4  dl_uart.o(.text.DL_UART_init)
    __arm_cp.0_1                             0x00000e9c   Number         4  dl_uart.o(.text.DL_UART_init)
    [Anonymous Symbol]                       0x00000ea0   Section        0  dl_uart.o(.text.DL_UART_setClockConfig)
    [Anonymous Symbol]                       0x00000eb4   Section        0  myiic.o(.text.I2C_WaitAck)
    __arm_cp.3_1                             0x00000f8c   Number         4  myiic.o(.text.I2C_WaitAck)
    __arm_cp.3_3                             0x00000f90   Number         4  myiic.o(.text.I2C_WaitAck)
    [Anonymous Symbol]                       0x00000f94   Section        0  myiic.o(.text.IIC_ReadDataLen)
    __arm_cp.7_0                             0x00001100   Number         4  myiic.o(.text.IIC_ReadDataLen)
    __arm_cp.7_1                             0x00001104   Number         4  myiic.o(.text.IIC_ReadDataLen)
    [Anonymous Symbol]                       0x00001108   Section        0  oled.o(.text.OLED_Clear)
    __arm_cp.11_1                            0x00001118   Number         4  oled.o(.text.OLED_Clear)
    [Anonymous Symbol]                       0x00001608   Section        0  oled.o(.text.OLED_Init)
    __arm_cp.22_1                            0x000016f8   Number         4  oled.o(.text.OLED_Init)
    [Anonymous Symbol]                       0x00001be8   Section        0  oled.o(.text.OLED_Refresh)
    __arm_cp.10_1                            0x00001ce0   Number         4  oled.o(.text.OLED_Refresh)
    [Anonymous Symbol]                       0x00001ce4   Section        0  oled.o(.text.OLED_ShowChar)
    __arm_cp.15_0                            0x00001f38   Number         4  oled.o(.text.OLED_ShowChar)
    __arm_cp.15_1                            0x00001f3c   Number         4  oled.o(.text.OLED_ShowChar)
    __arm_cp.15_2                            0x00001f40   Number         4  oled.o(.text.OLED_ShowChar)
    __arm_cp.15_3                            0x00001f44   Number         4  oled.o(.text.OLED_ShowChar)
    __arm_cp.15_4                            0x00001f48   Number         4  oled.o(.text.OLED_ShowChar)
    [Anonymous Symbol]                       0x00001f4c   Section        0  oled.o(.text.OLED_ShowNum)
    __arm_cp.18_0                            0x00002010   Number         4  oled.o(.text.OLED_ShowNum)
    [Anonymous Symbol]                       0x00002014   Section        0  oled.o(.text.OLED_ShowString)
    [Anonymous Symbol]                       0x00002064   Section        0  oled.o(.text.OLED_WR_Byte)
    [Anonymous Symbol]                       0x00002100   Section        0  pid.o(.text.PID_param_init)
    __arm_cp.0_0                             0x00002184   Number         4  pid.o(.text.PID_param_init)
    __arm_cp.0_1                             0x00002188   Number         4  pid.o(.text.PID_param_init)
    __arm_cp.0_2                             0x0000218c   Number         4  pid.o(.text.PID_param_init)
    __arm_cp.0_3                             0x00002190   Number         4  pid.o(.text.PID_param_init)
    __arm_cp.0_4                             0x00002194   Number         4  pid.o(.text.PID_param_init)
    __arm_cp.0_5                             0x00002198   Number         4  pid.o(.text.PID_param_init)
    __arm_cp.0_6                             0x0000219c   Number         4  pid.o(.text.PID_param_init)
    __arm_cp.0_7                             0x000021a0   Number         4  pid.o(.text.PID_param_init)
    __arm_cp.0_8                             0x000021a4   Number         4  pid.o(.text.PID_param_init)
    __arm_cp.0_9                             0x000021a8   Number         4  pid.o(.text.PID_param_init)
    __arm_cp.0_10                            0x000021ac   Number         4  pid.o(.text.PID_param_init)
    __arm_cp.0_11                            0x000021b0   Number         4  pid.o(.text.PID_param_init)
    __arm_cp.0_12                            0x000021b4   Number         4  pid.o(.text.PID_param_init)
    [Anonymous Symbol]                       0x000021b8   Section        0  myiic.o(.text.Read_Byte)
    __arm_cp.5_1                             0x000022dc   Number         4  myiic.o(.text.Read_Byte)
    __arm_cp.5_2                             0x000022e0   Number         4  myiic.o(.text.Read_Byte)
    __arm_cp.5_3                             0x000022e4   Number         4  myiic.o(.text.Read_Byte)
    [Anonymous Symbol]                       0x000022e8   Section        0  ti_msp_dl_config.o(.text.SYSCFG_DL_DMA_CH1_init)
    __arm_cp.12_0                            0x000022f8   Number         4  ti_msp_dl_config.o(.text.SYSCFG_DL_DMA_CH1_init)
    __arm_cp.12_1                            0x000022fc   Number         4  ti_msp_dl_config.o(.text.SYSCFG_DL_DMA_CH1_init)
    [Anonymous Symbol]                       0x00002300   Section        0  ti_msp_dl_config.o(.text.SYSCFG_DL_DMA_init)
    [Anonymous Symbol]                       0x00002308   Section        0  ti_msp_dl_config.o(.text.SYSCFG_DL_GPIO_init)
    __arm_cp.2_0                             0x00002380   Number         4  ti_msp_dl_config.o(.text.SYSCFG_DL_GPIO_init)
    __arm_cp.2_1                             0x00002384   Number         4  ti_msp_dl_config.o(.text.SYSCFG_DL_GPIO_init)
    __arm_cp.2_2                             0x00002388   Number         4  ti_msp_dl_config.o(.text.SYSCFG_DL_GPIO_init)
    __arm_cp.2_3                             0x0000238c   Number         4  ti_msp_dl_config.o(.text.SYSCFG_DL_GPIO_init)
    __arm_cp.2_4                             0x00002390   Number         4  ti_msp_dl_config.o(.text.SYSCFG_DL_GPIO_init)
    __arm_cp.2_5                             0x00002394   Number         4  ti_msp_dl_config.o(.text.SYSCFG_DL_GPIO_init)
    __arm_cp.2_6                             0x00002398   Number         4  ti_msp_dl_config.o(.text.SYSCFG_DL_GPIO_init)
    __arm_cp.2_7                             0x0000239c   Number         4  ti_msp_dl_config.o(.text.SYSCFG_DL_GPIO_init)
    __arm_cp.2_8                             0x000023a0   Number         4  ti_msp_dl_config.o(.text.SYSCFG_DL_GPIO_init)
    __arm_cp.2_9                             0x000023a4   Number         4  ti_msp_dl_config.o(.text.SYSCFG_DL_GPIO_init)
    __arm_cp.2_10                            0x000023a8   Number         4  ti_msp_dl_config.o(.text.SYSCFG_DL_GPIO_init)
    [Anonymous Symbol]                       0x000023ac   Section        0  ti_msp_dl_config.o(.text.SYSCFG_DL_PWM_0_init)
    __arm_cp.4_0                             0x00002420   Number         4  ti_msp_dl_config.o(.text.SYSCFG_DL_PWM_0_init)
    __arm_cp.4_1                             0x00002424   Number         4  ti_msp_dl_config.o(.text.SYSCFG_DL_PWM_0_init)
    __arm_cp.4_2                             0x00002428   Number         4  ti_msp_dl_config.o(.text.SYSCFG_DL_PWM_0_init)
    __arm_cp.4_3                             0x0000242c   Number         4  ti_msp_dl_config.o(.text.SYSCFG_DL_PWM_0_init)
    [Anonymous Symbol]                       0x00002430   Section        0  ti_msp_dl_config.o(.text.SYSCFG_DL_SYSCTL_init)
    __arm_cp.3_0                             0x00002464   Number         4  ti_msp_dl_config.o(.text.SYSCFG_DL_SYSCTL_init)
    __arm_cp.3_1                             0x00002468   Number         4  ti_msp_dl_config.o(.text.SYSCFG_DL_SYSCTL_init)
    [Anonymous Symbol]                       0x0000246c   Section        0  ti_msp_dl_config.o(.text.SYSCFG_DL_SYSTICK_init)
    __arm_cp.9_0                             0x00002490   Number         4  ti_msp_dl_config.o(.text.SYSCFG_DL_SYSTICK_init)
    __arm_cp.9_1                             0x00002494   Number         4  ti_msp_dl_config.o(.text.SYSCFG_DL_SYSTICK_init)
    __arm_cp.9_2                             0x00002498   Number         4  ti_msp_dl_config.o(.text.SYSCFG_DL_SYSTICK_init)
    [Anonymous Symbol]                       0x0000249c   Section        0  ti_msp_dl_config.o(.text.SYSCFG_DL_TIMER_0_init)
    __arm_cp.5_0                             0x000024c4   Number         4  ti_msp_dl_config.o(.text.SYSCFG_DL_TIMER_0_init)
    __arm_cp.5_1                             0x000024c8   Number         4  ti_msp_dl_config.o(.text.SYSCFG_DL_TIMER_0_init)
    __arm_cp.5_2                             0x000024cc   Number         4  ti_msp_dl_config.o(.text.SYSCFG_DL_TIMER_0_init)
    __arm_cp.5_3                             0x000024d0   Number         4  ti_msp_dl_config.o(.text.SYSCFG_DL_TIMER_0_init)
    __arm_cp.5_4                             0x000024d4   Number         4  ti_msp_dl_config.o(.text.SYSCFG_DL_TIMER_0_init)
    [Anonymous Symbol]                       0x000024d8   Section        0  ti_msp_dl_config.o(.text.SYSCFG_DL_UART_0_init)
    __arm_cp.6_0                             0x00002530   Number         4  ti_msp_dl_config.o(.text.SYSCFG_DL_UART_0_init)
    __arm_cp.6_1                             0x00002534   Number         4  ti_msp_dl_config.o(.text.SYSCFG_DL_UART_0_init)
    __arm_cp.6_2                             0x00002538   Number         4  ti_msp_dl_config.o(.text.SYSCFG_DL_UART_0_init)
    __arm_cp.6_3                             0x0000253c   Number         4  ti_msp_dl_config.o(.text.SYSCFG_DL_UART_0_init)
    __arm_cp.6_5                             0x00002540   Number         4  ti_msp_dl_config.o(.text.SYSCFG_DL_UART_0_init)
    [Anonymous Symbol]                       0x00002544   Section        0  ti_msp_dl_config.o(.text.SYSCFG_DL_UART_1_init)
    __arm_cp.7_0                             0x000025bc   Number         4  ti_msp_dl_config.o(.text.SYSCFG_DL_UART_1_init)
    __arm_cp.7_1                             0x000025c0   Number         4  ti_msp_dl_config.o(.text.SYSCFG_DL_UART_1_init)
    __arm_cp.7_2                             0x000025c4   Number         4  ti_msp_dl_config.o(.text.SYSCFG_DL_UART_1_init)
    __arm_cp.7_3                             0x000025c8   Number         4  ti_msp_dl_config.o(.text.SYSCFG_DL_UART_1_init)
    __arm_cp.7_4                             0x000025cc   Number         4  ti_msp_dl_config.o(.text.SYSCFG_DL_UART_1_init)
    __arm_cp.7_5                             0x000025d0   Number         4  ti_msp_dl_config.o(.text.SYSCFG_DL_UART_1_init)
    [Anonymous Symbol]                       0x000025d4   Section        0  ti_msp_dl_config.o(.text.SYSCFG_DL_init)
    __arm_cp.0_0                             0x0000260c   Number         4  ti_msp_dl_config.o(.text.SYSCFG_DL_init)
    __arm_cp.0_1                             0x00002610   Number         4  ti_msp_dl_config.o(.text.SYSCFG_DL_init)
    [Anonymous Symbol]                       0x00002614   Section        0  ti_msp_dl_config.o(.text.SYSCFG_DL_initPower)
    __arm_cp.1_0                             0x00002648   Number         4  ti_msp_dl_config.o(.text.SYSCFG_DL_initPower)
    __arm_cp.1_1                             0x0000264c   Number         4  ti_msp_dl_config.o(.text.SYSCFG_DL_initPower)
    __arm_cp.1_2                             0x00002650   Number         4  ti_msp_dl_config.o(.text.SYSCFG_DL_initPower)
    __arm_cp.1_3                             0x00002654   Number         4  ti_msp_dl_config.o(.text.SYSCFG_DL_initPower)
    __arm_cp.1_4                             0x00002658   Number         4  ti_msp_dl_config.o(.text.SYSCFG_DL_initPower)
    __arm_cp.1_5                             0x0000265c   Number         4  ti_msp_dl_config.o(.text.SYSCFG_DL_initPower)
    __arm_cp.1_6                             0x00002660   Number         4  ti_msp_dl_config.o(.text.SYSCFG_DL_initPower)
    __arm_cp.1_7                             0x00002664   Number         4  ti_msp_dl_config.o(.text.SYSCFG_DL_initPower)
    [Anonymous Symbol]                       0x00002668   Section        0  myiic.o(.text.Send_Byte)
    __arm_cp.4_0                             0x000027d4   Number         4  myiic.o(.text.Send_Byte)
    [Anonymous Symbol]                       0x000027d8   Section        0  oled.o(.text.Send_Byte1)
    [Anonymous Symbol]                       0x000028ec   Section        0  motor.o(.text.Set_PWM)
    __arm_cp.3_0                             0x00002968   Number         4  motor.o(.text.Set_PWM)
    __arm_cp.3_1                             0x0000296c   Number         4  motor.o(.text.Set_PWM)
    __arm_cp.3_2                             0x00002970   Number         4  motor.o(.text.Set_PWM)
    [Anonymous Symbol]                       0x00002974   Section        0  empty.o(.text.SysTick_Handler)
    __arm_cp.18_0                            0x000029d0   Number         4  empty.o(.text.SysTick_Handler)
    __arm_cp.18_1                            0x000029d4   Number         4  empty.o(.text.SysTick_Handler)
    __arm_cp.18_2                            0x000029d8   Number         4  empty.o(.text.SysTick_Handler)
    __arm_cp.18_3                            0x000029dc   Number         4  empty.o(.text.SysTick_Handler)
    __arm_cp.18_4                            0x000029e0   Number         4  empty.o(.text.SysTick_Handler)
    __arm_cp.18_5                            0x000029e4   Number         4  empty.o(.text.SysTick_Handler)
    __arm_cp.18_6                            0x000029e8   Number         4  empty.o(.text.SysTick_Handler)
    __arm_cp.18_7                            0x000029ec   Number         4  empty.o(.text.SysTick_Handler)
    __arm_cp.18_8                            0x000029f0   Number         4  empty.o(.text.SysTick_Handler)
    __arm_cp.18_9                            0x000029f4   Number         4  empty.o(.text.SysTick_Handler)
    __arm_cp.18_10                           0x000029f8   Number         4  empty.o(.text.SysTick_Handler)
    __arm_cp.18_11                           0x000029fc   Number         4  empty.o(.text.SysTick_Handler)
    __arm_cp.18_12                           0x00002a00   Number         4  empty.o(.text.SysTick_Handler)
    [Anonymous Symbol]                       0x00002a04   Section        0  board.o(.text.UART0_IRQHandler)
    __arm_cp.12_0                            0x00002a3c   Number         4  board.o(.text.UART0_IRQHandler)
    __arm_cp.12_1                            0x00002a40   Number         4  board.o(.text.UART0_IRQHandler)
    __arm_cp.12_2                            0x00002a44   Number         4  board.o(.text.UART0_IRQHandler)
    __arm_cp.12_3                            0x00002a48   Number         4  board.o(.text.UART0_IRQHandler)
    __arm_cp.12_5                            0x00002a54   Number         4  board.o(.text.UART0_IRQHandler)
    [Anonymous Symbol]                       0x00002a58   Section        0  board.o(.text.UART1_IRQHandler)
    __arm_cp.17_0                            0x00002ac8   Number         4  board.o(.text.UART1_IRQHandler)
    __arm_cp.17_1                            0x00002acc   Number         4  board.o(.text.UART1_IRQHandler)
    __arm_cp.17_2                            0x00002ad0   Number         4  board.o(.text.UART1_IRQHandler)
    __arm_cp.17_3                            0x00002ad4   Number         4  board.o(.text.UART1_IRQHandler)
    __arm_cp.17_4                            0x00002ad8   Number         4  board.o(.text.UART1_IRQHandler)
    [Anonymous Symbol]                       0x00002adc   Section        0  board.o(.text._sys_exit)
    [Anonymous Symbol]                       0x00002ae0   Section        0  board.o(.text.delay_ms)
    [Anonymous Symbol]                       0x00002b24   Section        0  board.o(.text.delay_us)
    __arm_cp.1_0                             0x00002b64   Number         4  board.o(.text.delay_us)
    [Anonymous Symbol]                       0x00002b68   Section        0  board.o(.text.fputc)
    __arm_cp.11_0                            0x00002b88   Number         4  board.o(.text.fputc)
    [Anonymous Symbol]                       0x00002b8c   Section        0  pid.o(.text.get_pid_target)
    [Anonymous Symbol]                       0x00002b90   Section        0  pid.o(.text.location_pid_realize)
    __arm_cp.4_0                             0x00002c10   Number         4  pid.o(.text.location_pid_realize)
    __arm_cp.4_1                             0x00002c14   Number         4  pid.o(.text.location_pid_realize)
    __arm_cp.4_2                             0x00002c18   Number         4  pid.o(.text.location_pid_realize)
    [Anonymous Symbol]                       0x00002c1c   Section        0  empty.o(.text.main)
    __arm_cp.17_0                            0x00002e0c   Number         4  empty.o(.text.main)
    __arm_cp.17_1                            0x00002e10   Number         4  empty.o(.text.main)
    __arm_cp.17_2                            0x00002e14   Number         4  empty.o(.text.main)
    __arm_cp.17_3                            0x00002e18   Number         4  empty.o(.text.main)
    __arm_cp.17_5                            0x00002e4c   Number         4  empty.o(.text.main)
    __arm_cp.17_6                            0x00002e50   Number         4  empty.o(.text.main)
    __arm_cp.17_7                            0x00002e54   Number         4  empty.o(.text.main)
    __arm_cp.17_9                            0x00002e64   Number         4  empty.o(.text.main)
    __arm_cp.17_11                           0x00002e74   Number         4  empty.o(.text.main)
    __arm_cp.17_14                           0x00002e90   Number         4  empty.o(.text.main)
    __arm_cp.17_15                           0x00002e94   Number         4  empty.o(.text.main)
    [Anonymous Symbol]                       0x00002ec0   Section        0  board.o(.text.process_frame_data)
    __arm_cp.16_0                            0x00003000   Number         4  board.o(.text.process_frame_data)
    __arm_cp.16_1                            0x00003004   Number         4  board.o(.text.process_frame_data)
    [Anonymous Symbol]                       0x00003008   Section        0  pid.o(.text.set_p_i_d)
    [Anonymous Symbol]                       0x0000300e   Section        0  pid.o(.text.set_pid_target)
    [Anonymous Symbol]                       0x00003014   Section        0  empty.o(.text.task1)
    __arm_cp.9_0                             0x0000307c   Number         4  empty.o(.text.task1)
    __arm_cp.9_1                             0x00003080   Number         4  empty.o(.text.task1)
    __arm_cp.9_2                             0x00003084   Number         4  empty.o(.text.task1)
    [Anonymous Symbol]                       0x00003088   Section        0  empty.o(.text.task3)
    [Anonymous Symbol]                       0x0000316c   Section        0  empty.o(.text.task4)
    __arm_cp.16_0                            0x000032f4   Number         4  empty.o(.text.task4)
    __arm_cp.16_1                            0x000032f8   Number         4  empty.o(.text.task4)
    __arm_cp.16_2                            0x000032fc   Number         4  empty.o(.text.task4)
    __arm_cp.16_3                            0x00003300   Number         4  empty.o(.text.task4)
    __arm_cp.16_4                            0x00003304   Number         4  empty.o(.text.task4)
    __arm_cp.16_5                            0x00003308   Number         4  empty.o(.text.task4)
    [Anonymous Symbol]                       0x0000330c   Section        0  pid.o(.text.turn_pid_realize)
    [Anonymous Symbol]                       0x0000335c   Section        0  empty.o(.text.updateAngle)
    __arm_cp.11_0                            0x0000341c   Number         4  empty.o(.text.updateAngle)
    __arm_cp.11_1                            0x00003420   Number         4  empty.o(.text.updateAngle)
    __arm_cp.11_2                            0x00003424   Number         4  empty.o(.text.updateAngle)
    __arm_cp.11_3                            0x00003428   Number         4  empty.o(.text.updateAngle)
    __arm_cp.11_4                            0x0000342c   Number         4  empty.o(.text.updateAngle)
    __arm_cp.11_5                            0x00003430   Number         4  empty.o(.text.updateAngle)
    __arm_cp.11_6                            0x00003434   Number         4  empty.o(.text.updateAngle)
    __arm_cp.11_7                            0x00003438   Number         4  empty.o(.text.updateAngle)
    __arm_cp.11_8                            0x0000343c   Number         4  empty.o(.text.updateAngle)
    [Anonymous Symbol]                       0x00003440   Section        0  empty.o(.text.xiesi)
    __arm_cp.14_0                            0x00003524   Number         4  empty.o(.text.xiesi)
    __arm_cp.14_1                            0x00003528   Number         4  empty.o(.text.xiesi)
    __arm_cp.14_3                            0x00003544   Number         4  empty.o(.text.xiesi)
    __arm_cp.14_4                            0x00003548   Number         4  empty.o(.text.xiesi)
    __arm_cp.14_5                            0x0000354c   Number         4  empty.o(.text.xiesi)
    __arm_cp.14_7                            0x00003558   Number         4  empty.o(.text.xiesi)
    [Anonymous Symbol]                       0x00003564   Section        0  empty.o(.text.xunji)
    __arm_cp.13_42                           0x000039cc   Number         4  empty.o(.text.xunji)
    __arm_cp.13_44                           0x000039f0   Number         4  empty.o(.text.xunji)
    __arm_cp.13_35                           0x00003a18   Number         4  empty.o(.text.xunji)
    __arm_cp.13_36                           0x00003a1c   Number         4  empty.o(.text.xunji)
    __arm_cp.13_1                            0x00003aa8   Number         4  empty.o(.text.xunji)
    __arm_cp.13_3                            0x00003aac   Number         4  empty.o(.text.xunji)
    __arm_cp.13_4                            0x00003ab0   Number         4  empty.o(.text.xunji)
    __arm_cp.13_5                            0x00003ab4   Number         4  empty.o(.text.xunji)
    __arm_cp.13_6                            0x00003ab8   Number         4  empty.o(.text.xunji)
    __arm_cp.13_11                           0x00003abc   Number         4  empty.o(.text.xunji)
    __arm_cp.13_12                           0x00003ac0   Number         4  empty.o(.text.xunji)
    __arm_cp.13_13                           0x00003ac4   Number         4  empty.o(.text.xunji)
    __arm_cp.13_14                           0x00003ac8   Number         4  empty.o(.text.xunji)
    __arm_cp.13_15                           0x00003acc   Number         4  empty.o(.text.xunji)
    __arm_cp.13_16                           0x00003ad0   Number         4  empty.o(.text.xunji)
    __arm_cp.13_17                           0x00003ad4   Number         4  empty.o(.text.xunji)
    __arm_cp.13_18                           0x00003ad8   Number         4  empty.o(.text.xunji)
    __arm_cp.13_19                           0x00003adc   Number         4  empty.o(.text.xunji)
    __arm_cp.13_20                           0x00003ae0   Number         4  empty.o(.text.xunji)
    __arm_cp.13_21                           0x00003ae4   Number         4  empty.o(.text.xunji)
    __arm_cp.13_23                           0x00003ae8   Number         4  empty.o(.text.xunji)
    [Anonymous Symbol]                       0x00003aec   Section        0  empty.o(.text.zhizouxm)
    __arm_cp.10_0                            0x00003ed4   Number         4  empty.o(.text.zhizouxm)
    __arm_cp.10_1                            0x00003ed8   Number         4  empty.o(.text.zhizouxm)
    __arm_cp.10_2                            0x00003edc   Number         4  empty.o(.text.zhizouxm)
    __arm_cp.10_3                            0x00003ee0   Number         4  empty.o(.text.zhizouxm)
    __arm_cp.10_4                            0x00003ee4   Number         4  empty.o(.text.zhizouxm)
    __arm_cp.10_5                            0x00003ee8   Number         4  empty.o(.text.zhizouxm)
    __arm_cp.10_6                            0x00003eec   Number         4  empty.o(.text.zhizouxm)
    __arm_cp.10_7                            0x00003ef0   Number         4  empty.o(.text.zhizouxm)
    __arm_cp.10_8                            0x00003ef4   Number         4  empty.o(.text.zhizouxm)
    __arm_cp.10_9                            0x00003ef8   Number         4  empty.o(.text.zhizouxm)
    __arm_cp.10_10                           0x00003efc   Number         4  empty.o(.text.zhizouxm)
    __arm_cp.10_11                           0x00003f00   Number         4  empty.o(.text.zhizouxm)
    __arm_cp.10_12                           0x00003f04   Number         4  empty.o(.text.zhizouxm)
    __arm_cp.10_13                           0x00003f08   Number         4  empty.o(.text.zhizouxm)
    __arm_cp.10_14                           0x00003f0c   Number         4  empty.o(.text.zhizouxm)
    .text_divfast                            0x00003f74   Section      502  aeabi_sdivfast.o(.text_divfast)
    i._dleq                                  0x0000416a   Section        0  dcmp.o(i._dleq)
    i._dls                                   0x00004184   Section        0  dcmp.o(i._dls)
    i._fgeq                                  0x0000419a   Section        0  fcmp.o(i._fgeq)
    i._fleq                                  0x000041b0   Section        0  fcmp.o(i._fleq)
    i._is_digit                              0x000041ca   Section        0  __printf_wp.o(i._is_digit)
    x$fpl$dleqf                              0x000041d8   Section      100  dlef.o(x$fpl$dleqf)
    x$fpl$fadd                               0x0000423c   Section      140  faddsub.o(x$fpl$fadd)
    _fadd1                                   0x00004249   Thumb Code     0  faddsub.o(x$fpl$fadd)
    x$fpl$fgeqf                              0x000042c8   Section       84  fgef.o(x$fpl$fgeqf)
    x$fpl$fleqf                              0x0000431c   Section       84  flef.o(x$fpl$fleqf)
    x$fpl$fmul                               0x00004370   Section      176  fmul.o(x$fpl$fmul)
    x$fpl$fsub                               0x00004420   Section      208  faddsub.o(x$fpl$fsub)
    _fsub1                                   0x0000442d   Thumb Code     0  faddsub.o(x$fpl$fsub)
    uc_hextab                                0x000044f0   Data          20  _printf_hex_int.o(.constdata)
    .constdata                               0x000044f0   Section       40  _printf_hex_int.o(.constdata)
    x$fpl$usenofp                            0x000044f0   Section        0  usenofp.o(x$fpl$usenofp)
    lc_hextab                                0x00004504   Data          20  _printf_hex_int.o(.constdata)
    maptable                                 0x00004518   Data          17  __printf_flags_wp.o(.constdata)
    .constdata                               0x00004518   Section       17  __printf_flags_wp.o(.constdata)
    gDMA_CH1Config                           0x00005f14   Data          24  ti_msp_dl_config.o(.rodata.gDMA_CH1Config)
    [Anonymous Symbol]                       0x00005f14   Section        0  ti_msp_dl_config.o(.rodata.gDMA_CH1Config)
    gPWM_0ClockConfig                        0x00005f2c   Data           3  ti_msp_dl_config.o(.rodata.gPWM_0ClockConfig)
    [Anonymous Symbol]                       0x00005f2c   Section        0  ti_msp_dl_config.o(.rodata.gPWM_0ClockConfig)
    gPWM_0Config                             0x00005f30   Data           8  ti_msp_dl_config.o(.rodata.gPWM_0Config)
    [Anonymous Symbol]                       0x00005f30   Section        0  ti_msp_dl_config.o(.rodata.gPWM_0Config)
    gTIMER_0ClockConfig                      0x00005f38   Data           3  ti_msp_dl_config.o(.rodata.gTIMER_0ClockConfig)
    [Anonymous Symbol]                       0x00005f38   Section        0  ti_msp_dl_config.o(.rodata.gTIMER_0ClockConfig)
    gTIMER_0TimerConfig                      0x00005f3c   Data          20  ti_msp_dl_config.o(.rodata.gTIMER_0TimerConfig)
    [Anonymous Symbol]                       0x00005f3c   Section        0  ti_msp_dl_config.o(.rodata.gTIMER_0TimerConfig)
    gUART_0ClockConfig                       0x00005f50   Data           2  ti_msp_dl_config.o(.rodata.gUART_0ClockConfig)
    [Anonymous Symbol]                       0x00005f50   Section        0  ti_msp_dl_config.o(.rodata.gUART_0ClockConfig)
    gUART_0Config                            0x00005f52   Data          10  ti_msp_dl_config.o(.rodata.gUART_0Config)
    [Anonymous Symbol]                       0x00005f52   Section        0  ti_msp_dl_config.o(.rodata.gUART_0Config)
    gUART_1ClockConfig                       0x00005f5c   Data           2  ti_msp_dl_config.o(.rodata.gUART_1ClockConfig)
    [Anonymous Symbol]                       0x00005f5c   Section        0  ti_msp_dl_config.o(.rodata.gUART_1ClockConfig)
    gUART_1Config                            0x00005f5e   Data          10  ti_msp_dl_config.o(.rodata.gUART_1Config)
    [Anonymous Symbol]                       0x00005f5e   Section        0  ti_msp_dl_config.o(.rodata.gUART_1Config)
    [Anonymous Symbol]                       0x00005f68   Section        0  empty.o(.rodata.str1.1)
    detect_curve_exit.previous_state         0x20200000   Data           4  empty.o(.data.detect_curve_exit.previous_state)
    [Anonymous Symbol]                       0x20200000   Section        0  empty.o(.data.detect_curve_exit.previous_state)
    updateAngle.previous_angle               0x20200004   Data           4  empty.o(.data.updateAngle.previous_angle)
    [Anonymous Symbol]                       0x20200004   Section        0  empty.o(.data.updateAngle.previous_angle)
    .bss                                     0x20200008   Section       96  libspace.o(.bss)
    detect_curve_entry.previous_state        0x20200558   Data           4  empty.o(.bss.detect_curve_entry.previous_state)
    [Anonymous Symbol]                       0x20200558   Section        0  empty.o(.bss.detect_curve_entry.previous_state)
    gray_ping.ct                             0x2020069c   Data           1  empty.o(.bss.gray_ping.ct)
    [Anonymous Symbol]                       0x2020069c   Section        0  empty.o(.bss.gray_ping.ct)
    task4.ct                                 0x2020080c   Data           4  empty.o(.bss.task4.ct)
    [Anonymous Symbol]                       0x2020080c   Section        0  empty.o(.bss.task4.ct)
    updateAngle.turns                        0x20200818   Data           4  empty.o(.bss.updateAngle.turns)
    [Anonymous Symbol]                       0x20200818   Section        0  empty.o(.bss.updateAngle.turns)
    Heap_Mem                                 0x20200828   Data         256  startup_mspm0g350x_uvision.o(HEAP)
    HEAP                                     0x20200828   Section      256  startup_mspm0g350x_uvision.o(HEAP)
    Stack_Mem                                0x20200928   Data         256  startup_mspm0g350x_uvision.o(STACK)
    STACK                                    0x20200928   Section      256  startup_mspm0g350x_uvision.o(STACK)
    __initial_sp                             0x20200a28   Data           0  startup_mspm0g350x_uvision.o(STACK)

    Global Symbols

    Symbol Name                              Value     Ov Type        Size  Object(Section)

    BuildAttributes$$THM_ISAv3M$S$PE$A:L22$X:L11$S22$IEEE1$IW$~IW$USESV6$~STKCKD$USESV7$~SHL$OTIME$ROPI$EBA8$UX$STANDARDLIB$REQ8$PRES8$EABIv2 0x00000000   Number         0  anon$$obj.o ABSOLUTE
    __Vectors                                0x00000000   Data           4  startup_mspm0g350x_uvision.o(RESET)
    _printf_flags                            0x00000000   Number         0  printf_stubs.o ABSOLUTE
    _printf_return_value                     0x00000000   Number         0  printf_stubs.o ABSOLUTE
    _printf_sizespec                         0x00000000   Number         0  printf_stubs.o ABSOLUTE
    _printf_widthprec                        0x00000000   Number         0  printf_stubs.o ABSOLUTE
    __ARM_exceptions_init                     - Undefined Weak Reference
    __alloca_initialize                       - Undefined Weak Reference
    __arm_preinit_                            - Undefined Weak Reference
    __arm_relocate_pie_                       - Undefined Weak Reference
    __cpp_initialize__aeabi_                  - Undefined Weak Reference
    __cxa_finalize                            - Undefined Weak Reference
    __rt_locale                               - Undefined Weak Reference
    __sigvec_lookup                           - Undefined Weak Reference
    _atexit_init                              - Undefined Weak Reference
    _call_atexit_fns                          - Undefined Weak Reference
    _clock_init                               - Undefined Weak Reference
    _fp_trap_init                             - Undefined Weak Reference
    _fp_trap_shutdown                         - Undefined Weak Reference
    _get_lc_collate                           - Undefined Weak Reference
    _get_lc_ctype                             - Undefined Weak Reference
    _get_lc_monetary                          - Undefined Weak Reference
    _get_lc_numeric                           - Undefined Weak Reference
    _get_lc_time                              - Undefined Weak Reference
    _getenv_init                              - Undefined Weak Reference
    _handle_redirection                       - Undefined Weak Reference
    _init_alloc                               - Undefined Weak Reference
    _init_user_alloc                          - Undefined Weak Reference
    _initio                                   - Undefined Weak Reference
    _mutex_acquire                            - Undefined Weak Reference
    _mutex_release                            - Undefined Weak Reference
    _printf_mbtowc                            - Undefined Weak Reference
    _printf_truncate_signed                   - Undefined Weak Reference
    _printf_truncate_unsigned                 - Undefined Weak Reference
    _rand_init                                - Undefined Weak Reference
    _signal_finish                            - Undefined Weak Reference
    _signal_init                              - Undefined Weak Reference
    _terminate_alloc                          - Undefined Weak Reference
    _terminate_user_alloc                     - Undefined Weak Reference
    _terminateio                              - Undefined Weak Reference
    __Vectors_End                            0x000000c0   Data           0  startup_mspm0g350x_uvision.o(RESET)
    __Vectors_Size                           0x000000c0   Number         0  startup_mspm0g350x_uvision.o ABSOLUTE
    __main                                   0x000000c1   Thumb Code     8  __main.o(!!!main)
    __scatterload                            0x000000c9   Thumb Code     0  __scatter.o(!!!scatter)
    __scatterload_rt2                        0x000000c9   Thumb Code    52  __scatter.o(!!!scatter)
    __scatterload_rt2_thumb_only             0x000000c9   Thumb Code     0  __scatter.o(!!!scatter)
    __scatterload_null                       0x000000d9   Thumb Code     0  __scatter.o(!!!scatter)
    __scatterload_copy                       0x00000109   Thumb Code    26  __scatter_copy.o(!!handler_copy)
    __scatterload_zeroinit                   0x00000129   Thumb Code    28  __scatter_zi.o(!!handler_zi)
    _printf_percent                          0x00000145   Thumb Code     0  _printf_percent.o(.ARM.Collect$$_printf_percent$$00000000)
    _printf_d                                0x00000147   Thumb Code     0  _printf_d.o(.ARM.Collect$$_printf_percent$$00000009)
    _printf_x                                0x00000151   Thumb Code     0  _printf_x.o(.ARM.Collect$$_printf_percent$$0000000C)
    _printf_c                                0x0000015b   Thumb Code     0  _printf_c.o(.ARM.Collect$$_printf_percent$$00000013)
    _printf_percent_end                      0x00000165   Thumb Code     0  _printf_percent_end.o(.ARM.Collect$$_printf_percent$$00000017)
    __rt_lib_init                            0x00000169   Thumb Code     0  libinit.o(.ARM.Collect$$libinit$$00000000)
    __rt_lib_init_alloca_1                   0x0000016b   Thumb Code     0  libinit2.o(.ARM.Collect$$libinit$$00000030)
    __rt_lib_init_argv_1                     0x0000016b   Thumb Code     0  libinit2.o(.ARM.Collect$$libinit$$0000002E)
    __rt_lib_init_atexit_1                   0x0000016b   Thumb Code     0  libinit2.o(.ARM.Collect$$libinit$$0000001D)
    __rt_lib_init_clock_1                    0x0000016b   Thumb Code     0  libinit2.o(.ARM.Collect$$libinit$$00000023)
    __rt_lib_init_cpp_1                      0x0000016b   Thumb Code     0  libinit2.o(.ARM.Collect$$libinit$$00000034)
    __rt_lib_init_exceptions_1               0x0000016b   Thumb Code     0  libinit2.o(.ARM.Collect$$libinit$$00000032)
    __rt_lib_init_fp_1                       0x0000016b   Thumb Code     0  libinit2.o(.ARM.Collect$$libinit$$00000002)
    __rt_lib_init_fp_trap_1                  0x0000016b   Thumb Code     0  libinit2.o(.ARM.Collect$$libinit$$00000021)
    __rt_lib_init_getenv_1                   0x0000016b   Thumb Code     0  libinit2.o(.ARM.Collect$$libinit$$00000025)
    __rt_lib_init_heap_1                     0x0000016b   Thumb Code     0  libinit2.o(.ARM.Collect$$libinit$$0000000C)
    __rt_lib_init_lc_collate_1               0x0000016b   Thumb Code     0  libinit2.o(.ARM.Collect$$libinit$$00000013)
    __rt_lib_init_lc_ctype_1                 0x0000016b   Thumb Code     0  libinit2.o(.ARM.Collect$$libinit$$00000015)
    __rt_lib_init_lc_monetary_1              0x0000016b   Thumb Code     0  libinit2.o(.ARM.Collect$$libinit$$00000017)
    __rt_lib_init_lc_numeric_1               0x0000016b   Thumb Code     0  libinit2.o(.ARM.Collect$$libinit$$00000019)
    __rt_lib_init_lc_time_1                  0x0000016b   Thumb Code     0  libinit2.o(.ARM.Collect$$libinit$$0000001B)
    __rt_lib_init_preinit_1                  0x0000016b   Thumb Code     0  libinit2.o(.ARM.Collect$$libinit$$00000006)
    __rt_lib_init_rand_1                     0x0000016b   Thumb Code     0  libinit2.o(.ARM.Collect$$libinit$$00000010)
    __rt_lib_init_relocate_pie_1             0x0000016b   Thumb Code     0  libinit2.o(.ARM.Collect$$libinit$$00000004)
    __rt_lib_init_return                     0x0000016b   Thumb Code     0  libinit2.o(.ARM.Collect$$libinit$$00000035)
    __rt_lib_init_signal_1                   0x0000016b   Thumb Code     0  libinit2.o(.ARM.Collect$$libinit$$0000001F)
    __rt_lib_init_stdio_1                    0x0000016b   Thumb Code     0  libinit2.o(.ARM.Collect$$libinit$$00000027)
    __rt_lib_init_user_alloc_1               0x0000016b   Thumb Code     0  libinit2.o(.ARM.Collect$$libinit$$0000000E)
    __rt_lib_shutdown                        0x0000016d   Thumb Code     0  libshutdown.o(.ARM.Collect$$libshutdown$$00000000)
    __rt_lib_shutdown_cpp_1                  0x0000016f   Thumb Code     0  libshutdown2.o(.ARM.Collect$$libshutdown$$00000002)
    __rt_lib_shutdown_fp_trap_1              0x0000016f   Thumb Code     0  libshutdown2.o(.ARM.Collect$$libshutdown$$00000007)
    __rt_lib_shutdown_heap_1                 0x0000016f   Thumb Code     0  libshutdown2.o(.ARM.Collect$$libshutdown$$0000000F)
    __rt_lib_shutdown_return                 0x0000016f   Thumb Code     0  libshutdown2.o(.ARM.Collect$$libshutdown$$00000010)
    __rt_lib_shutdown_signal_1               0x0000016f   Thumb Code     0  libshutdown2.o(.ARM.Collect$$libshutdown$$0000000A)
    __rt_lib_shutdown_stdio_1                0x0000016f   Thumb Code     0  libshutdown2.o(.ARM.Collect$$libshutdown$$00000004)
    __rt_lib_shutdown_user_alloc_1           0x0000016f   Thumb Code     0  libshutdown2.o(.ARM.Collect$$libshutdown$$0000000C)
    __rt_entry                               0x00000171   Thumb Code     0  __rtentry.o(.ARM.Collect$$rtentry$$00000000)
    __rt_entry_presh_1                       0x00000171   Thumb Code     0  __rtentry2.o(.ARM.Collect$$rtentry$$00000002)
    __rt_entry_sh                            0x00000171   Thumb Code     0  __rtentry4.o(.ARM.Collect$$rtentry$$00000004)
    __rt_entry_li                            0x00000177   Thumb Code     0  __rtentry2.o(.ARM.Collect$$rtentry$$0000000A)
    __rt_entry_postsh_1                      0x00000177   Thumb Code     0  __rtentry2.o(.ARM.Collect$$rtentry$$00000009)
    __rt_entry_main                          0x0000017b   Thumb Code     0  __rtentry2.o(.ARM.Collect$$rtentry$$0000000D)
    __rt_entry_postli_1                      0x0000017b   Thumb Code     0  __rtentry2.o(.ARM.Collect$$rtentry$$0000000C)
    __rt_exit                                0x00000183   Thumb Code     0  rtexit.o(.ARM.Collect$$rtexit$$00000000)
    __rt_exit_ls                             0x00000185   Thumb Code     0  rtexit2.o(.ARM.Collect$$rtexit$$00000003)
    __rt_exit_prels_1                        0x00000185   Thumb Code     0  rtexit2.o(.ARM.Collect$$rtexit$$00000002)
    __rt_exit_exit                           0x00000189   Thumb Code     0  rtexit2.o(.ARM.Collect$$rtexit$$00000004)
    __aeabi_memcpy4                          0x00000191   Thumb Code    56  rt_memcpy.o(.emb_text)
    __aeabi_memcpy8                          0x00000191   Thumb Code     0  rt_memcpy.o(.emb_text)
    Reset_Handler                            0x000001c9   Thumb Code     4  startup_mspm0g350x_uvision.o(.text)
    NMI_Handler                              0x000001cd   Thumb Code     2  startup_mspm0g350x_uvision.o(.text)
    HardFault_Handler                        0x000001cf   Thumb Code     2  startup_mspm0g350x_uvision.o(.text)
    SVC_Handler                              0x000001d1   Thumb Code     2  startup_mspm0g350x_uvision.o(.text)
    PendSV_Handler                           0x000001d3   Thumb Code     2  startup_mspm0g350x_uvision.o(.text)
    ADC0_IRQHandler                          0x000001d7   Thumb Code     0  startup_mspm0g350x_uvision.o(.text)
    ADC1_IRQHandler                          0x000001d7   Thumb Code     0  startup_mspm0g350x_uvision.o(.text)
    AES_IRQHandler                           0x000001d7   Thumb Code     0  startup_mspm0g350x_uvision.o(.text)
    CANFD0_IRQHandler                        0x000001d7   Thumb Code     0  startup_mspm0g350x_uvision.o(.text)
    DAC0_IRQHandler                          0x000001d7   Thumb Code     0  startup_mspm0g350x_uvision.o(.text)
    DMA_IRQHandler                           0x000001d7   Thumb Code     0  startup_mspm0g350x_uvision.o(.text)
    Default_Handler                          0x000001d7   Thumb Code     2  startup_mspm0g350x_uvision.o(.text)
    GROUP0_IRQHandler                        0x000001d7   Thumb Code     0  startup_mspm0g350x_uvision.o(.text)
    GROUP1_IRQHandler                        0x000001d7   Thumb Code     0  startup_mspm0g350x_uvision.o(.text)
    I2C0_IRQHandler                          0x000001d7   Thumb Code     0  startup_mspm0g350x_uvision.o(.text)
    I2C1_IRQHandler                          0x000001d7   Thumb Code     0  startup_mspm0g350x_uvision.o(.text)
    RTC_IRQHandler                           0x000001d7   Thumb Code     0  startup_mspm0g350x_uvision.o(.text)
    SPI0_IRQHandler                          0x000001d7   Thumb Code     0  startup_mspm0g350x_uvision.o(.text)
    SPI1_IRQHandler                          0x000001d7   Thumb Code     0  startup_mspm0g350x_uvision.o(.text)
    TIMA0_IRQHandler                         0x000001d7   Thumb Code     0  startup_mspm0g350x_uvision.o(.text)
    TIMA1_IRQHandler                         0x000001d7   Thumb Code     0  startup_mspm0g350x_uvision.o(.text)
    TIMG0_IRQHandler                         0x000001d7   Thumb Code     0  startup_mspm0g350x_uvision.o(.text)
    TIMG12_IRQHandler                        0x000001d7   Thumb Code     0  startup_mspm0g350x_uvision.o(.text)
    TIMG6_IRQHandler                         0x000001d7   Thumb Code     0  startup_mspm0g350x_uvision.o(.text)
    TIMG7_IRQHandler                         0x000001d7   Thumb Code     0  startup_mspm0g350x_uvision.o(.text)
    TIMG8_IRQHandler                         0x000001d7   Thumb Code     0  startup_mspm0g350x_uvision.o(.text)
    UART2_IRQHandler                         0x000001d7   Thumb Code     0  startup_mspm0g350x_uvision.o(.text)
    UART3_IRQHandler                         0x000001d7   Thumb Code     0  startup_mspm0g350x_uvision.o(.text)
    __user_initial_stackheap                 0x000001d9   Thumb Code    10  startup_mspm0g350x_uvision.o(.text)
    __2printf                                0x000001f9   Thumb Code    22  noretval__2printf.o(.text)
    __2sprintf                               0x00000215   Thumb Code    36  noretval__2sprintf.o(.text)
    _printf_pre_padding                      0x0000023d   Thumb Code    44  _printf_pad.o(.text)
    _printf_post_padding                     0x00000269   Thumb Code    34  _printf_pad.o(.text)
    _printf_str                              0x0000028b   Thumb Code    82  _printf_str.o(.text)
    _printf_int_dec                          0x000002dd   Thumb Code    90  _printf_dec.o(.text)
    _printf_int_hex                          0x00000349   Thumb Code    84  _printf_hex_int.o(.text)
    _printf_longlong_hex                     0x00000349   Thumb Code     0  _printf_hex_int.o(.text)
    __printf                                 0x000003a1   Thumb Code   306  __printf_flags_wp.o(.text)
    puts                                     0x000004d9   Thumb Code    38  puts.o(.text)
    __aeabi_memcpy                           0x00000505   Thumb Code   130  rt_memcpy.o(.text)
    __rt_memcpy                              0x00000505   Thumb Code     0  rt_memcpy.o(.text)
    __aeabi_uidivmod                         0x00000589   Thumb Code    28  aeabi_sdivfast.o(.text)
    __aeabi_idivmod                          0x000005a5   Thumb Code   472  aeabi_sdivfast.o(.text)
    __use_two_region_memory                  0x00000781   Thumb Code     2  heapauxi.o(.text)
    __rt_heap_escrow$2region                 0x00000783   Thumb Code     2  heapauxi.o(.text)
    __rt_heap_expand$2region                 0x00000785   Thumb Code     2  heapauxi.o(.text)
    __aeabi_f2d                              0x00000789   Thumb Code     0  f2d.o(.text)
    _f2d                                     0x00000789   Thumb Code    80  f2d.o(.text)
    __aeabi_f2iz                             0x000007dd   Thumb Code     0  ffixi.o(.text)
    _ffix                                    0x000007dd   Thumb Code    76  ffixi.o(.text)
    __aeabi_i2f_normalise                    0x00000829   Thumb Code    72  fflti.o(.text)
    __aeabi_i2f                              0x00000871   Thumb Code    16  fflti.o(.text)
    _fflt                                    0x00000871   Thumb Code     0  fflti.o(.text)
    __aeabi_ui2f                             0x00000881   Thumb Code     6  fflti.o(.text)
    _ffltu                                   0x00000881   Thumb Code     0  fflti.o(.text)
    _printf_int_common                       0x00000887   Thumb Code   176  _printf_intcommon.o(.text)
    _printf_char_common                      0x00000943   Thumb Code    32  _printf_char_common.o(.text)
    _sputc                                   0x00000969   Thumb Code    10  _sputc.o(.text)
    _printf_cs_common                        0x00000973   Thumb Code    22  _printf_char.o(.text)
    _printf_char                             0x00000989   Thumb Code    16  _printf_char.o(.text)
    _printf_string                           0x00000999   Thumb Code     8  _printf_char.o(.text)
    _printf_char_file                        0x000009a1   Thumb Code    34  _printf_char_file.o(.text)
    __rt_udiv10                              0x000009c9   Thumb Code    40  rtudiv10.o(.text)
    ferror                                   0x000009f1   Thumb Code     8  ferror.o(.text)
    __fpl_dcmp_InfNaN                        0x000009f9   Thumb Code   154  dcmpin.o(.text)
    __fpl_fcmp_InfNaN                        0x00000a99   Thumb Code    96  fcmpin.o(.text)
    __user_setup_stackheap                   0x00000afd   Thumb Code    62  sys_stackheap_outer.o(.text)
    exit                                     0x00000b3b   Thumb Code    16  exit.o(.text)
    __fpl_cmpreturn                          0x00000b4b   Thumb Code    46  cmpret.o(.text)
    __fpl_dcheck_NaN2                        0x00000b79   Thumb Code    14  dnan2.o(.text)
    __fpl_fcheck_NaN2                        0x00000b8d   Thumb Code    10  fnan2.o(.text)
    __user_libspace                          0x00000b9d   Thumb Code     8  libspace.o(.text)
    __user_perproc_libspace                  0x00000b9d   Thumb Code     0  libspace.o(.text)
    __user_perthread_libspace                0x00000b9d   Thumb Code     0  libspace.o(.text)
    __fpl_return_NaN                         0x00000ba5   Thumb Code    94  retnan.o(.text)
    DL_Common_delayCycles                    0x00000c03   Thumb Code    10  dl_common.o(.text.DL_Common_delayCycles)
    DL_DMA_initChannel                       0x00000c0d   Thumb Code    64  dl_dma.o(.text.DL_DMA_initChannel)
    DL_Timer_initPWMMode                     0x00000c51   Thumb Code   172  dl_timer.o(.text.DL_Timer_initPWMMode)
    DL_Timer_initTimerMode                   0x00000d11   Thumb Code   220  dl_timer.o(.text.DL_Timer_initTimerMode)
    DL_Timer_setCaptCompUpdateMethod         0x00000df9   Thumb Code    24  dl_timer.o(.text.DL_Timer_setCaptCompUpdateMethod)
    DL_Timer_setCaptureCompareOutCtl         0x00000e15   Thumb Code    20  dl_timer.o(.text.DL_Timer_setCaptureCompareOutCtl)
    DL_Timer_setCaptureCompareValue          0x00000e2d   Thumb Code    12  dl_timer.o(.text.DL_Timer_setCaptureCompareValue)
    DL_Timer_setClockConfig                  0x00000e3d   Thumb Code    24  dl_timer.o(.text.DL_Timer_setClockConfig)
    DL_UART_init                             0x00000e59   Thumb Code    64  dl_uart.o(.text.DL_UART_init)
    DL_UART_setClockConfig                   0x00000ea1   Thumb Code    18  dl_uart.o(.text.DL_UART_setClockConfig)
    I2C_WaitAck                              0x00000eb5   Thumb Code   216  myiic.o(.text.I2C_WaitAck)
    IIC_ReadDataLen                          0x00000f95   Thumb Code   364  myiic.o(.text.IIC_ReadDataLen)
    OLED_Clear                               0x00001109   Thumb Code  1278  oled.o(.text.OLED_Clear)
    OLED_Init                                0x00001609   Thumb Code  1504  oled.o(.text.OLED_Init)
    OLED_Refresh                             0x00001be9   Thumb Code   248  oled.o(.text.OLED_Refresh)
    OLED_ShowChar                            0x00001ce5   Thumb Code   596  oled.o(.text.OLED_ShowChar)
    OLED_ShowNum                             0x00001f4d   Thumb Code   196  oled.o(.text.OLED_ShowNum)
    OLED_ShowString                          0x00002015   Thumb Code    80  oled.o(.text.OLED_ShowString)
    OLED_WR_Byte                             0x00002065   Thumb Code   156  oled.o(.text.OLED_WR_Byte)
    PID_param_init                           0x00002101   Thumb Code   132  pid.o(.text.PID_param_init)
    Read_Byte                                0x000021b9   Thumb Code   292  myiic.o(.text.Read_Byte)
    SYSCFG_DL_DMA_CH1_init                   0x000022e9   Thumb Code    16  ti_msp_dl_config.o(.text.SYSCFG_DL_DMA_CH1_init)
    SYSCFG_DL_DMA_init                       0x00002301   Thumb Code     8  ti_msp_dl_config.o(.text.SYSCFG_DL_DMA_init)
    SYSCFG_DL_GPIO_init                      0x00002309   Thumb Code   120  ti_msp_dl_config.o(.text.SYSCFG_DL_GPIO_init)
    SYSCFG_DL_PWM_0_init                     0x000023ad   Thumb Code   116  ti_msp_dl_config.o(.text.SYSCFG_DL_PWM_0_init)
    SYSCFG_DL_SYSCTL_init                    0x00002431   Thumb Code    52  ti_msp_dl_config.o(.text.SYSCFG_DL_SYSCTL_init)
    SYSCFG_DL_SYSTICK_init                   0x0000246d   Thumb Code    36  ti_msp_dl_config.o(.text.SYSCFG_DL_SYSTICK_init)
    SYSCFG_DL_TIMER_0_init                   0x0000249d   Thumb Code    40  ti_msp_dl_config.o(.text.SYSCFG_DL_TIMER_0_init)
    SYSCFG_DL_UART_0_init                    0x000024d9   Thumb Code    88  ti_msp_dl_config.o(.text.SYSCFG_DL_UART_0_init)
    SYSCFG_DL_UART_1_init                    0x00002545   Thumb Code   120  ti_msp_dl_config.o(.text.SYSCFG_DL_UART_1_init)
    SYSCFG_DL_init                           0x000025d5   Thumb Code    56  ti_msp_dl_config.o(.text.SYSCFG_DL_init)
    SYSCFG_DL_initPower                      0x00002615   Thumb Code    52  ti_msp_dl_config.o(.text.SYSCFG_DL_initPower)
    Send_Byte                                0x00002669   Thumb Code   364  myiic.o(.text.Send_Byte)
    Send_Byte1                               0x000027d9   Thumb Code   276  oled.o(.text.Send_Byte1)
    Set_PWM                                  0x000028ed   Thumb Code   124  motor.o(.text.Set_PWM)
    SysTick_Handler                          0x00002975   Thumb Code    92  empty.o(.text.SysTick_Handler)
    UART0_IRQHandler                         0x00002a05   Thumb Code    56  board.o(.text.UART0_IRQHandler)
    UART1_IRQHandler                         0x00002a59   Thumb Code   112  board.o(.text.UART1_IRQHandler)
    _sys_exit                                0x00002add   Thumb Code     2  board.o(.text._sys_exit)
    delay_ms                                 0x00002ae1   Thumb Code    68  board.o(.text.delay_ms)
    delay_us                                 0x00002b25   Thumb Code    64  board.o(.text.delay_us)
    fputc                                    0x00002b69   Thumb Code    32  board.o(.text.fputc)
    get_pid_target                           0x00002b8d   Thumb Code     4  pid.o(.text.get_pid_target)
    location_pid_realize                     0x00002b91   Thumb Code   128  pid.o(.text.location_pid_realize)
    main                                     0x00002c1d   Thumb Code   496  empty.o(.text.main)
    process_frame_data                       0x00002ec1   Thumb Code   320  board.o(.text.process_frame_data)
    set_p_i_d                                0x00003009   Thumb Code     6  pid.o(.text.set_p_i_d)
    set_pid_target                           0x0000300f   Thumb Code     4  pid.o(.text.set_pid_target)
    task1                                    0x00003015   Thumb Code   104  empty.o(.text.task1)
    task3                                    0x00003089   Thumb Code   228  empty.o(.text.task3)
    task4                                    0x0000316d   Thumb Code   392  empty.o(.text.task4)
    turn_pid_realize                         0x0000330d   Thumb Code    80  pid.o(.text.turn_pid_realize)
    updateAngle                              0x0000335d   Thumb Code   192  empty.o(.text.updateAngle)
    xiesi                                    0x00003441   Thumb Code   228  empty.o(.text.xiesi)
    xunji                                    0x00003565   Thumb Code  1344  empty.o(.text.xunji)
    zhizouxm                                 0x00003aed   Thumb Code  1000  empty.o(.text.zhizouxm)
    __aeabi_uidiv                            0x00003f75   Thumb Code    68  aeabi_sdivfast.o(.text_divfast)
    __aeabi_idiv                             0x00003fb9   Thumb Code   434  aeabi_sdivfast.o(.text_divfast)
    __aeabi_dcmple                           0x0000416b   Thumb Code     0  dcmp.o(i._dleq)
    _dleq                                    0x0000416b   Thumb Code    26  dcmp.o(i._dleq)
    __aeabi_dcmplt                           0x00004185   Thumb Code     0  dcmp.o(i._dls)
    _dls                                     0x00004185   Thumb Code    22  dcmp.o(i._dls)
    __aeabi_fcmpge                           0x0000419b   Thumb Code     0  fcmp.o(i._fgeq)
    _fgeq                                    0x0000419b   Thumb Code    22  fcmp.o(i._fgeq)
    __aeabi_fcmple                           0x000041b1   Thumb Code     0  fcmp.o(i._fleq)
    _fleq                                    0x000041b1   Thumb Code    26  fcmp.o(i._fleq)
    _is_digit                                0x000041cb   Thumb Code    14  __printf_wp.o(i._is_digit)
    __aeabi_cdcmple                          0x000041d9   Thumb Code     0  dlef.o(x$fpl$dleqf)
    _dcmple                                  0x000041d9   Thumb Code    94  dlef.o(x$fpl$dleqf)
    __aeabi_fadd                             0x0000423d   Thumb Code     0  faddsub.o(x$fpl$fadd)
    _fadd                                    0x0000423d   Thumb Code   134  faddsub.o(x$fpl$fadd)
    _fcmpge                                  0x000042c9   Thumb Code    78  fgef.o(x$fpl$fgeqf)
    __aeabi_cfcmple                          0x0000431d   Thumb Code     0  flef.o(x$fpl$fleqf)
    _fcmple                                  0x0000431d   Thumb Code    78  flef.o(x$fpl$fleqf)
    __aeabi_fmul                             0x00004371   Thumb Code     0  fmul.o(x$fpl$fmul)
    _fmul                                    0x00004371   Thumb Code   172  fmul.o(x$fpl$fmul)
    __aeabi_fsub                             0x00004421   Thumb Code     0  faddsub.o(x$fpl$fsub)
    _fsub                                    0x00004421   Thumb Code   204  faddsub.o(x$fpl$fsub)
    __I$use$fp                               0x000044f0   Number         0  usenofp.o(x$fpl$usenofp)
    asc2_0806                                0x00004529   Data         552  oled.o(.rodata.asc2_0806)
    asc2_1206                                0x00004751   Data        1140  oled.o(.rodata.asc2_1206)
    asc2_1608                                0x00004bc5   Data        1520  oled.o(.rodata.asc2_1608)
    asc2_2412                                0x000051b5   Data        3420  oled.o(.rodata.asc2_2412)
    Region$$Table$$Base                      0x00006000   Number         0  anon$$obj.o(Region$$Table)
    Region$$Table$$Limit                     0x00006020   Number         0  anon$$obj.o(Region$$Table)
    __libspace_start                         0x20200008   Data          96  libspace.o(.bss)
    AngleZ                                   0x20200068   Data           4  im948_cmd.o(.bss.AngleZ)
    __temporary_stack_top$libspace           0x20200068   Data           0  libspace.o(.bss)
    Datavalid                                0x2020006c   Data           1  board.o(.bss.Datavalid)
    DatavalidCt                              0x20200070   Data           4  board.o(.bss.DatavalidCt)
    F_Tim100ms                               0x20200074   Data           1  empty.o(.bss.F_Tim100ms)
    F_Tim10ms                                0x20200075   Data           1  empty.o(.bss.F_Tim10ms)
    F_Tim1s                                  0x20200076   Data           1  empty.o(.bss.F_Tim1s)
    F_Tim200ms                               0x20200077   Data           1  empty.o(.bss.F_Tim200ms)
    GetANum                                  0x20200078   Data           8  empty.o(.bss.GetANum)
    OLED_GRAM                                0x20200080   Data        1152  oled.o(.bss.OLED_GRAM)
    __stdout                                 0x20200500   Data          84  board.o(.bss.__stdout)
    count                                    0x20200554   Data           4  empty.o(.bss.count)
    gCheckUART1                              0x2020055c   Data           1  board.o(.bss.gCheckUART1)
    gPWM_0Backup                             0x20200560   Data         120  ti_msp_dl_config.o(.bss.gPWM_0Backup)
    gRxPacket1                               0x202005d8   Data           6  board.o(.bss.gRxPacket1)
    gTIMER_0Backup                           0x202005e0   Data         188  ti_msp_dl_config.o(.bss.gTIMER_0Backup)
    pid_line                                 0x202006a0   Data          32  empty.o(.bss.pid_line)
    pid_location                             0x202006c0   Data          32  pid.o(.bss.pid_location)
    pid_location2                            0x202006e0   Data          32  pid.o(.bss.pid_location2)
    pid_speed                                0x20200700   Data          32  pid.o(.bss.pid_speed)
    pid_speed2                               0x20200720   Data          32  pid.o(.bss.pid_speed2)
    pid_turn                                 0x20200740   Data          32  pid.o(.bss.pid_turn)
    pid_turn_speed                           0x20200760   Data          32  pid.o(.bss.pid_turn_speed)
    recv0_buff                               0x20200780   Data         128  board.o(.bss.recv0_buff)
    recv0_flag                               0x20200800   Data           1  board.o(.bss.recv0_flag)
    recv0_length                             0x20200802   Data           2  board.o(.bss.recv0_length)
    rx_buffer                                0x20200804   Data           6  board.o(.bss.rx_buffer)
    task_num                                 0x20200810   Data           1  empty.o(.bss.task_num)
    turns                                    0x20200814   Data           4  empty.o(.bss.turns)
    utick                                    0x2020081c   Data           4  empty.o(.bss.utick)
    yaw                                      0x20200820   Data           4  empty.o(.bss.yaw)
    yaw_offset                               0x20200824   Data           4  empty.o(.bss.yaw_offset)



==============================================================================

Memory Map of the image

  Image Entry point : 0x000000c1

  Load Region LR_IROM1 (Base: 0x00000000, Size: 0x00006028, Max: 0x00020000, ABSOLUTE)

    Execution Region ER_IROM1 (Exec base: 0x00000000, Load base: 0x00000000, Size: 0x00006020, Max: 0x00020000, ABSOLUTE)

    Exec Addr    Load Addr    Size         Type   Attr      Idx    E Section Name        Object

    0x00000000   0x00000000   0x000000c0   Data   RO           82    RESET               startup_mspm0g350x_uvision.o
    0x000000c0   0x000000c0   0x00000008   Code   RO         1256  * !!!main             c_p.l(__main.o)
    0x000000c8   0x000000c8   0x0000003c   Code   RO         1519    !!!scatter          c_p.l(__scatter.o)
    0x00000104   0x00000104   0x00000004   PAD
    0x00000108   0x00000108   0x0000001a   Code   RO         1521    !!handler_copy      c_p.l(__scatter_copy.o)
    0x00000122   0x00000122   0x00000006   PAD
    0x00000128   0x00000128   0x0000001c   Code   RO         1523    !!handler_zi        c_p.l(__scatter_zi.o)
    0x00000144   0x00000144   0x00000002   Code   RO         1237    .ARM.Collect$$_printf_percent$$00000000  c_p.l(_printf_percent.o)
    0x00000146   0x00000146   0x0000000a   Code   RO         1236    .ARM.Collect$$_printf_percent$$00000009  c_p.l(_printf_d.o)
    0x00000150   0x00000150   0x0000000a   Code   RO         1235    .ARM.Collect$$_printf_percent$$0000000C  c_p.l(_printf_x.o)
    0x0000015a   0x0000015a   0x0000000a   Code   RO         1234    .ARM.Collect$$_printf_percent$$00000013  c_p.l(_printf_c.o)
    0x00000164   0x00000164   0x00000004   Code   RO         1319    .ARM.Collect$$_printf_percent$$00000017  c_p.l(_printf_percent_end.o)
    0x00000168   0x00000168   0x00000002   Code   RO         1376    .ARM.Collect$$libinit$$00000000  c_p.l(libinit.o)
    0x0000016a   0x0000016a   0x00000000   Code   RO         1396    .ARM.Collect$$libinit$$00000002  c_p.l(libinit2.o)
    0x0000016a   0x0000016a   0x00000000   Code   RO         1398    .ARM.Collect$$libinit$$00000004  c_p.l(libinit2.o)
    0x0000016a   0x0000016a   0x00000000   Code   RO         1400    .ARM.Collect$$libinit$$00000006  c_p.l(libinit2.o)
    0x0000016a   0x0000016a   0x00000000   Code   RO         1403    .ARM.Collect$$libinit$$0000000C  c_p.l(libinit2.o)
    0x0000016a   0x0000016a   0x00000000   Code   RO         1405    .ARM.Collect$$libinit$$0000000E  c_p.l(libinit2.o)
    0x0000016a   0x0000016a   0x00000000   Code   RO         1407    .ARM.Collect$$libinit$$00000010  c_p.l(libinit2.o)
    0x0000016a   0x0000016a   0x00000000   Code   RO         1410    .ARM.Collect$$libinit$$00000013  c_p.l(libinit2.o)
    0x0000016a   0x0000016a   0x00000000   Code   RO         1412    .ARM.Collect$$libinit$$00000015  c_p.l(libinit2.o)
    0x0000016a   0x0000016a   0x00000000   Code   RO         1414    .ARM.Collect$$libinit$$00000017  c_p.l(libinit2.o)
    0x0000016a   0x0000016a   0x00000000   Code   RO         1416    .ARM.Collect$$libinit$$00000019  c_p.l(libinit2.o)
    0x0000016a   0x0000016a   0x00000000   Code   RO         1418    .ARM.Collect$$libinit$$0000001B  c_p.l(libinit2.o)
    0x0000016a   0x0000016a   0x00000000   Code   RO         1420    .ARM.Collect$$libinit$$0000001D  c_p.l(libinit2.o)
    0x0000016a   0x0000016a   0x00000000   Code   RO         1422    .ARM.Collect$$libinit$$0000001F  c_p.l(libinit2.o)
    0x0000016a   0x0000016a   0x00000000   Code   RO         1424    .ARM.Collect$$libinit$$00000021  c_p.l(libinit2.o)
    0x0000016a   0x0000016a   0x00000000   Code   RO         1426    .ARM.Collect$$libinit$$00000023  c_p.l(libinit2.o)
    0x0000016a   0x0000016a   0x00000000   Code   RO         1428    .ARM.Collect$$libinit$$00000025  c_p.l(libinit2.o)
    0x0000016a   0x0000016a   0x00000000   Code   RO         1430    .ARM.Collect$$libinit$$00000027  c_p.l(libinit2.o)
    0x0000016a   0x0000016a   0x00000000   Code   RO         1434    .ARM.Collect$$libinit$$0000002E  c_p.l(libinit2.o)
    0x0000016a   0x0000016a   0x00000000   Code   RO         1436    .ARM.Collect$$libinit$$00000030  c_p.l(libinit2.o)
    0x0000016a   0x0000016a   0x00000000   Code   RO         1438    .ARM.Collect$$libinit$$00000032  c_p.l(libinit2.o)
    0x0000016a   0x0000016a   0x00000000   Code   RO         1440    .ARM.Collect$$libinit$$00000034  c_p.l(libinit2.o)
    0x0000016a   0x0000016a   0x00000002   Code   RO         1441    .ARM.Collect$$libinit$$00000035  c_p.l(libinit2.o)
    0x0000016c   0x0000016c   0x00000002   Code   RO         1471    .ARM.Collect$$libshutdown$$00000000  c_p.l(libshutdown.o)
    0x0000016e   0x0000016e   0x00000000   Code   RO         1502    .ARM.Collect$$libshutdown$$00000002  c_p.l(libshutdown2.o)
    0x0000016e   0x0000016e   0x00000000   Code   RO         1504    .ARM.Collect$$libshutdown$$00000004  c_p.l(libshutdown2.o)
    0x0000016e   0x0000016e   0x00000000   Code   RO         1507    .ARM.Collect$$libshutdown$$00000007  c_p.l(libshutdown2.o)
    0x0000016e   0x0000016e   0x00000000   Code   RO         1510    .ARM.Collect$$libshutdown$$0000000A  c_p.l(libshutdown2.o)
    0x0000016e   0x0000016e   0x00000000   Code   RO         1512    .ARM.Collect$$libshutdown$$0000000C  c_p.l(libshutdown2.o)
    0x0000016e   0x0000016e   0x00000000   Code   RO         1515    .ARM.Collect$$libshutdown$$0000000F  c_p.l(libshutdown2.o)
    0x0000016e   0x0000016e   0x00000002   Code   RO         1516    .ARM.Collect$$libshutdown$$00000010  c_p.l(libshutdown2.o)
    0x00000170   0x00000170   0x00000000   Code   RO         1304    .ARM.Collect$$rtentry$$00000000  c_p.l(__rtentry.o)
    0x00000170   0x00000170   0x00000000   Code   RO         1336    .ARM.Collect$$rtentry$$00000002  c_p.l(__rtentry2.o)
    0x00000170   0x00000170   0x00000006   Code   RO         1348    .ARM.Collect$$rtentry$$00000004  c_p.l(__rtentry4.o)
    0x00000176   0x00000176   0x00000000   Code   RO         1338    .ARM.Collect$$rtentry$$00000009  c_p.l(__rtentry2.o)
    0x00000176   0x00000176   0x00000004   Code   RO         1339    .ARM.Collect$$rtentry$$0000000A  c_p.l(__rtentry2.o)
    0x0000017a   0x0000017a   0x00000000   Code   RO         1341    .ARM.Collect$$rtentry$$0000000C  c_p.l(__rtentry2.o)
    0x0000017a   0x0000017a   0x00000008   Code   RO         1342    .ARM.Collect$$rtentry$$0000000D  c_p.l(__rtentry2.o)
    0x00000182   0x00000182   0x00000002   Code   RO         1387    .ARM.Collect$$rtexit$$00000000  c_p.l(rtexit.o)
    0x00000184   0x00000184   0x00000000   Code   RO         1445    .ARM.Collect$$rtexit$$00000002  c_p.l(rtexit2.o)
    0x00000184   0x00000184   0x00000004   Code   RO         1446    .ARM.Collect$$rtexit$$00000003  c_p.l(rtexit2.o)
    0x00000188   0x00000188   0x00000006   Code   RO         1447    .ARM.Collect$$rtexit$$00000004  c_p.l(rtexit2.o)
    0x0000018e   0x0000018e   0x00000002   PAD
    0x00000190   0x00000190   0x00000038   Code   RO         1240    .emb_text           c_p.l(rt_memcpy.o)
    0x000001c8   0x000001c8   0x00000030   Code   RO           83    .text               startup_mspm0g350x_uvision.o
    0x000001f8   0x000001f8   0x0000001c   Code   RO         1181    .text               c_p.l(noretval__2printf.o)
    0x00000214   0x00000214   0x00000028   Code   RO         1183    .text               c_p.l(noretval__2sprintf.o)
    0x0000023c   0x0000023c   0x0000004e   Code   RO         1187    .text               c_p.l(_printf_pad.o)
    0x0000028a   0x0000028a   0x00000052   Code   RO         1189    .text               c_p.l(_printf_str.o)
    0x000002dc   0x000002dc   0x0000006c   Code   RO         1191    .text               c_p.l(_printf_dec.o)
    0x00000348   0x00000348   0x00000058   Code   RO         1196    .text               c_p.l(_printf_hex_int.o)
    0x000003a0   0x000003a0   0x00000138   Code   RO         1226    .text               c_p.l(__printf_flags_wp.o)
    0x000004d8   0x000004d8   0x0000002c   Code   RO         1238    .text               c_p.l(puts.o)
    0x00000504   0x00000504   0x00000082   Code   RO         1241    .text               c_p.l(rt_memcpy.o)
    0x00000586   0x00000586   0x00000002   PAD
    0x00000588   0x00000588   0x000001f8   Code   RO         1246    .text               c_p.l(aeabi_sdivfast.o)
    0x00000780   0x00000780   0x00000006   Code   RO         1254    .text               c_p.l(heapauxi.o)
    0x00000786   0x00000786   0x00000002   PAD
    0x00000788   0x00000788   0x00000054   Code   RO         1278    .text               fz_ps.l(f2d.o)
    0x000007dc   0x000007dc   0x0000004c   Code   RO         1298    .text               fz_ps.l(ffixi.o)
    0x00000828   0x00000828   0x0000005e   Code   RO         1300    .text               fz_ps.l(fflti.o)
    0x00000886   0x00000886   0x000000b0   Code   RO         1309    .text               c_p.l(_printf_intcommon.o)
    0x00000936   0x00000936   0x00000002   PAD
    0x00000938   0x00000938   0x00000030   Code   RO         1311    .text               c_p.l(_printf_char_common.o)
    0x00000968   0x00000968   0x0000000a   Code   RO         1313    .text               c_p.l(_sputc.o)
    0x00000972   0x00000972   0x0000002e   Code   RO         1315    .text               c_p.l(_printf_char.o)
    0x000009a0   0x000009a0   0x00000028   Code   RO         1317    .text               c_p.l(_printf_char_file.o)
    0x000009c8   0x000009c8   0x00000028   Code   RO         1320    .text               c_p.l(rtudiv10.o)
    0x000009f0   0x000009f0   0x00000008   Code   RO         1354    .text               c_p.l(ferror.o)
    0x000009f8   0x000009f8   0x000000a0   Code   RO         1358    .text               fz_ps.l(dcmpin.o)
    0x00000a98   0x00000a98   0x00000064   Code   RO         1360    .text               fz_ps.l(fcmpin.o)
    0x00000afc   0x00000afc   0x0000003e   Code   RO         1362    .text               c_p.l(sys_stackheap_outer.o)
    0x00000b3a   0x00000b3a   0x00000010   Code   RO         1365    .text               c_p.l(exit.o)
    0x00000b4a   0x00000b4a   0x0000002e   Code   RO         1377    .text               fz_ps.l(cmpret.o)
    0x00000b78   0x00000b78   0x00000014   Code   RO         1379    .text               fz_ps.l(dnan2.o)
    0x00000b8c   0x00000b8c   0x00000010   Code   RO         1381    .text               fz_ps.l(fnan2.o)
    0x00000b9c   0x00000b9c   0x00000008   Code   RO         1383    .text               c_p.l(libspace.o)
    0x00000ba4   0x00000ba4   0x0000005e   Code   RO         1442    .text               fz_ps.l(retnan.o)
    0x00000c02   0x00000c02   0x0000000a   Code   RO          911    .text.DL_Common_delayCycles  dl_common.o
    0x00000c0c   0x00000c0c   0x00000044   Code   RO          864    .text.DL_DMA_initChannel  dl_dma.o
    0x00000c50   0x00000c50   0x000000c0   Code   RO          345    .text.DL_Timer_initPWMMode  dl_timer.o
    0x00000d10   0x00000d10   0x000000e8   Code   RO          327    .text.DL_Timer_initTimerMode  dl_timer.o
    0x00000df8   0x00000df8   0x0000001c   Code   RO          359    .text.DL_Timer_setCaptCompUpdateMethod  dl_timer.o
    0x00000e14   0x00000e14   0x00000018   Code   RO          349    .text.DL_Timer_setCaptureCompareOutCtl  dl_timer.o
    0x00000e2c   0x00000e2c   0x00000010   Code   RO          329    .text.DL_Timer_setCaptureCompareValue  dl_timer.o
    0x00000e3c   0x00000e3c   0x0000001c   Code   RO          323    .text.DL_Timer_setClockConfig  dl_timer.o
    0x00000e58   0x00000e58   0x00000048   Code   RO          271    .text.DL_UART_init  dl_uart.o
    0x00000ea0   0x00000ea0   0x00000012   Code   RO          273    .text.DL_UART_setClockConfig  dl_uart.o
    0x00000eb2   0x00000eb2   0x00000002   PAD
    0x00000eb4   0x00000eb4   0x000000e0   Code   RO         1104    .text.I2C_WaitAck   myiic.o
    0x00000f94   0x00000f94   0x00000174   Code   RO         1112    .text.IIC_ReadDataLen  myiic.o
    0x00001108   0x00001108   0x000004fe   Code   RO          216    .text.OLED_Clear    oled.o
    0x00001606   0x00001606   0x00000002   PAD
    0x00001608   0x00001608   0x000005e0   Code   RO          238    .text.OLED_Init     oled.o
    0x00001be8   0x00001be8   0x000000fc   Code   RO          214    .text.OLED_Refresh  oled.o
    0x00001ce4   0x00001ce4   0x00000268   Code   RO          224    .text.OLED_ShowChar  oled.o
    0x00001f4c   0x00001f4c   0x000000c8   Code   RO          230    .text.OLED_ShowNum  oled.o
    0x00002014   0x00002014   0x00000050   Code   RO          226    .text.OLED_ShowString  oled.o
    0x00002064   0x00002064   0x0000009c   Code   RO          196    .text.OLED_WR_Byte  oled.o
    0x00002100   0x00002100   0x000000b8   Code   RO         1145    .text.PID_param_init  pid.o
    0x000021b8   0x000021b8   0x00000130   Code   RO         1108    .text.Read_Byte     myiic.o
    0x000022e8   0x000022e8   0x00000018   Code   RO          114    .text.SYSCFG_DL_DMA_CH1_init  ti_msp_dl_config.o
    0x00002300   0x00002300   0x00000008   Code   RO          106    .text.SYSCFG_DL_DMA_init  ti_msp_dl_config.o
    0x00002308   0x00002308   0x000000a4   Code   RO           94    .text.SYSCFG_DL_GPIO_init  ti_msp_dl_config.o
    0x000023ac   0x000023ac   0x00000084   Code   RO           98    .text.SYSCFG_DL_PWM_0_init  ti_msp_dl_config.o
    0x00002430   0x00002430   0x0000003c   Code   RO           96    .text.SYSCFG_DL_SYSCTL_init  ti_msp_dl_config.o
    0x0000246c   0x0000246c   0x00000030   Code   RO          108    .text.SYSCFG_DL_SYSTICK_init  ti_msp_dl_config.o
    0x0000249c   0x0000249c   0x0000003c   Code   RO          100    .text.SYSCFG_DL_TIMER_0_init  ti_msp_dl_config.o
    0x000024d8   0x000024d8   0x0000006c   Code   RO          102    .text.SYSCFG_DL_UART_0_init  ti_msp_dl_config.o
    0x00002544   0x00002544   0x00000090   Code   RO          104    .text.SYSCFG_DL_UART_1_init  ti_msp_dl_config.o
    0x000025d4   0x000025d4   0x00000040   Code   RO           90    .text.SYSCFG_DL_init  ti_msp_dl_config.o
    0x00002614   0x00002614   0x00000054   Code   RO           92    .text.SYSCFG_DL_initPower  ti_msp_dl_config.o
    0x00002668   0x00002668   0x00000170   Code   RO         1106    .text.Send_Byte     myiic.o
    0x000027d8   0x000027d8   0x00000114   Code   RO          208    .text.Send_Byte1    oled.o
    0x000028ec   0x000028ec   0x00000088   Code   RO         1128    .text.Set_PWM       motor.o
    0x00002974   0x00002974   0x00000090   Code   RO           38    .text.SysTick_Handler  empty.o
    0x00002a04   0x00002a04   0x00000054   Code   RO          159    .text.UART0_IRQHandler  board.o
    0x00002a58   0x00002a58   0x00000084   Code   RO          169    .text.UART1_IRQHandler  board.o
    0x00002adc   0x00002adc   0x00000002   Code   RO          155    .text._sys_exit     board.o
    0x00002ade   0x00002ade   0x00000002   PAD
    0x00002ae0   0x00002ae0   0x00000044   Code   RO          139    .text.delay_ms      board.o
    0x00002b24   0x00002b24   0x00000044   Code   RO          137    .text.delay_us      board.o
    0x00002b68   0x00002b68   0x00000024   Code   RO          157    .text.fputc         board.o
    0x00002b8c   0x00002b8c   0x00000004   Code   RO         1149    .text.get_pid_target  pid.o
    0x00002b90   0x00002b90   0x0000008c   Code   RO         1153    .text.location_pid_realize  pid.o
    0x00002c1c   0x00002c1c   0x000002a4   Code   RO           36    .text.main          empty.o
    0x00002ec0   0x00002ec0   0x00000148   Code   RO          167    .text.process_frame_data  board.o
    0x00003008   0x00003008   0x00000006   Code   RO         1151    .text.set_p_i_d     pid.o
    0x0000300e   0x0000300e   0x00000004   Code   RO         1147    .text.set_pid_target  pid.o
    0x00003012   0x00003012   0x00000002   PAD
    0x00003014   0x00003014   0x00000074   Code   RO           20    .text.task1         empty.o
    0x00003088   0x00003088   0x000000e4   Code   RO           32    .text.task3         empty.o
    0x0000316c   0x0000316c   0x000001a0   Code   RO           34    .text.task4         empty.o
    0x0000330c   0x0000330c   0x00000050   Code   RO         1157    .text.turn_pid_realize  pid.o
    0x0000335c   0x0000335c   0x000000e4   Code   RO           24    .text.updateAngle   empty.o
    0x00003440   0x00003440   0x00000124   Code   RO           30    .text.xiesi         empty.o
    0x00003564   0x00003564   0x00000588   Code   RO           28    .text.xunji         empty.o
    0x00003aec   0x00003aec   0x00000488   Code   RO           22    .text.zhizouxm      empty.o
    0x00003f74   0x00003f74   0x000001f6   Code   RO         1247    .text_divfast       c_p.l(aeabi_sdivfast.o)
    0x0000416a   0x0000416a   0x0000001a   Code   RO         1263    i._dleq             fz_ps.l(dcmp.o)
    0x00004184   0x00004184   0x00000016   Code   RO         1264    i._dls              fz_ps.l(dcmp.o)
    0x0000419a   0x0000419a   0x00000016   Code   RO         1287    i._fgeq             fz_ps.l(fcmp.o)
    0x000041b0   0x000041b0   0x0000001a   Code   RO         1289    i._fleq             fz_ps.l(fcmp.o)
    0x000041ca   0x000041ca   0x0000000e   Code   RO         1224    i._is_digit         c_p.l(__printf_wp.o)
    0x000041d8   0x000041d8   0x00000064   Code   RO         1326    x$fpl$dleqf         fz_ps.l(dlef.o)
    0x0000423c   0x0000423c   0x0000008c   Code   RO         1280    x$fpl$fadd          fz_ps.l(faddsub.o)
    0x000042c8   0x000042c8   0x00000054   Code   RO         1330    x$fpl$fgeqf         fz_ps.l(fgef.o)
    0x0000431c   0x0000431c   0x00000054   Code   RO         1332    x$fpl$fleqf         fz_ps.l(flef.o)
    0x00004370   0x00004370   0x000000b0   Code   RO         1302    x$fpl$fmul          fz_ps.l(fmul.o)
    0x00004420   0x00004420   0x000000d0   Code   RO         1282    x$fpl$fsub          fz_ps.l(faddsub.o)
    0x000044f0   0x000044f0   0x00000000   Code   RO         1334    x$fpl$usenofp       fz_ps.l(usenofp.o)
    0x000044f0   0x000044f0   0x00000028   Data   RO         1197    .constdata          c_p.l(_printf_hex_int.o)
    0x00004518   0x00004518   0x00000011   Data   RO         1227    .constdata          c_p.l(__printf_flags_wp.o)
    0x00004529   0x00004529   0x00000228   Data   RO          240    .rodata.asc2_0806   oled.o
    0x00004751   0x00004751   0x00000474   Data   RO          241    .rodata.asc2_1206   oled.o
    0x00004bc5   0x00004bc5   0x000005f0   Data   RO          242    .rodata.asc2_1608   oled.o
    0x000051b5   0x000051b5   0x00000d5c   Data   RO          243    .rodata.asc2_2412   oled.o
    0x00005f11   0x00005f11   0x00000003   PAD
    0x00005f14   0x00005f14   0x00000018   Data   RO          126    .rodata.gDMA_CH1Config  ti_msp_dl_config.o
    0x00005f2c   0x00005f2c   0x00000003   Data   RO          118    .rodata.gPWM_0ClockConfig  ti_msp_dl_config.o
    0x00005f2f   0x00005f2f   0x00000001   PAD
    0x00005f30   0x00005f30   0x00000008   Data   RO          119    .rodata.gPWM_0Config  ti_msp_dl_config.o
    0x00005f38   0x00005f38   0x00000003   Data   RO          120    .rodata.gTIMER_0ClockConfig  ti_msp_dl_config.o
    0x00005f3b   0x00005f3b   0x00000001   PAD
    0x00005f3c   0x00005f3c   0x00000014   Data   RO          121    .rodata.gTIMER_0TimerConfig  ti_msp_dl_config.o
    0x00005f50   0x00005f50   0x00000002   Data   RO          122    .rodata.gUART_0ClockConfig  ti_msp_dl_config.o
    0x00005f52   0x00005f52   0x0000000a   Data   RO          123    .rodata.gUART_0Config  ti_msp_dl_config.o
    0x00005f5c   0x00005f5c   0x00000002   Data   RO          124    .rodata.gUART_1ClockConfig  ti_msp_dl_config.o
    0x00005f5e   0x00005f5e   0x0000000a   Data   RO          125    .rodata.gUART_1Config  ti_msp_dl_config.o
    0x00005f68   0x00005f68   0x00000091   Data   RO           60    .rodata.str1.1      empty.o
    0x00005ff9   0x00005ff9   0x00000007   PAD
    0x00006000   0x00006000   0x00000020   Data   RO         1518    Region$$Table       anon$$obj.o


    Execution Region RW_IRAM2 (Exec base: 0x20200000, Load base: 0x00006020, Size: 0x00000a28, Max: 0x00008000, ABSOLUTE)

    Exec Addr    Load Addr    Size         Type   Attr      Idx    E Section Name        Object

    0x20200000   0x00006020   0x00000004   Data   RW           64    .data.detect_curve_exit.previous_state  empty.o
    0x20200004   0x00006024   0x00000004   Data   RW           70    .data.updateAngle.previous_angle  empty.o
    0x20200008        -       0x00000060   Zero   RW         1384    .bss                c_p.l(libspace.o)
    0x20200068        -       0x00000004   Zero   RW         1085    .bss.AngleZ         im948_cmd.o
    0x2020006c        -       0x00000001   Zero   RW          177    .bss.Datavalid      board.o
    0x2020006d   0x00006028   0x00000003   PAD
    0x20200070        -       0x00000004   Zero   RW          178    .bss.DatavalidCt    board.o
    0x20200074        -       0x00000001   Zero   RW           56    .bss.F_Tim100ms     empty.o
    0x20200075        -       0x00000001   Zero   RW           55    .bss.F_Tim10ms      empty.o
    0x20200076        -       0x00000001   Zero   RW           58    .bss.F_Tim1s        empty.o
    0x20200077        -       0x00000001   Zero   RW           57    .bss.F_Tim200ms     empty.o
    0x20200078        -       0x00000008   Zero   RW           61    .bss.GetANum        empty.o
    0x20200080        -       0x00000480   Zero   RW          248    .bss.OLED_GRAM      oled.o
    0x20200500        -       0x00000054   Zero   RW          185    .bss.__stdout       board.o
    0x20200554        -       0x00000004   Zero   RW           67    .bss.count          empty.o
    0x20200558        -       0x00000004   Zero   RW           63    .bss.detect_curve_entry.previous_state  empty.o
    0x2020055c        -       0x00000001   Zero   RW          183    .bss.gCheckUART1    board.o
    0x2020055d   0x00006028   0x00000003   PAD
    0x20200560        -       0x00000078   Zero   RW          116    .bss.gPWM_0Backup   ti_msp_dl_config.o
    0x202005d8        -       0x00000006   Zero   RW          184    .bss.gRxPacket1     board.o
    0x202005de   0x00006028   0x00000002   PAD
    0x202005e0        -       0x000000bc   Zero   RW          117    .bss.gTIMER_0Backup  ti_msp_dl_config.o
    0x2020069c        -       0x00000001   Zero   RW           62    .bss.gray_ping.ct   empty.o
    0x2020069d   0x00006028   0x00000003   PAD
    0x202006a0        -       0x00000020   Zero   RW           68    .bss.pid_line       empty.o
    0x202006c0        -       0x00000020   Zero   RW         1161    .bss.pid_location   pid.o
    0x202006e0        -       0x00000020   Zero   RW         1163    .bss.pid_location2  pid.o
    0x20200700        -       0x00000020   Zero   RW         1162    .bss.pid_speed      pid.o
    0x20200720        -       0x00000020   Zero   RW         1164    .bss.pid_speed2     pid.o
    0x20200740        -       0x00000020   Zero   RW         1165    .bss.pid_turn       pid.o
    0x20200760        -       0x00000020   Zero   RW         1166    .bss.pid_turn_speed  pid.o
    0x20200780        -       0x00000080   Zero   RW          171    .bss.recv0_buff     board.o
    0x20200800        -       0x00000001   Zero   RW          173    .bss.recv0_flag     board.o
    0x20200801   0x00006028   0x00000001   PAD
    0x20200802        -       0x00000002   Zero   RW          172    .bss.recv0_length   board.o
    0x20200804        -       0x00000006   Zero   RW          181    .bss.rx_buffer      board.o
    0x2020080a   0x00006028   0x00000002   PAD
    0x2020080c        -       0x00000004   Zero   RW           69    .bss.task4.ct       empty.o
    0x20200810        -       0x00000001   Zero   RW           53    .bss.task_num       empty.o
    0x20200811   0x00006028   0x00000003   PAD
    0x20200814        -       0x00000004   Zero   RW           54    .bss.turns          empty.o
    0x20200818        -       0x00000004   Zero   RW           71    .bss.updateAngle.turns  empty.o
    0x2020081c        -       0x00000004   Zero   RW           52    .bss.utick          empty.o
    0x20200820        -       0x00000004   Zero   RW           65    .bss.yaw            empty.o
    0x20200824        -       0x00000004   Zero   RW           66    .bss.yaw_offset     empty.o
    0x20200828        -       0x00000100   Zero   RW           81    HEAP                startup_mspm0g350x_uvision.o
    0x20200928        -       0x00000100   Zero   RW           80    STACK               startup_mspm0g350x_uvision.o



  Load Region LR_BCR (Base: 0x41c00000, Size: 0x00000000, Max: 0x00000100, ABSOLUTE)

    Execution Region BCR_CONFIG (Exec base: 0x41c00000, Load base: 0x41c00000, Size: 0x00000000, Max: 0x00000080, ABSOLUTE)

    **** No section assigned to this execution region ****



  Load Region LR_BSL (Base: 0x41c00100, Size: 0x00000000, Max: 0x00000100, ABSOLUTE)

    Execution Region BSL_CONFIG (Exec base: 0x41c00100, Load base: 0x41c00100, Size: 0x00000000, Max: 0x00000080, ABSOLUTE)

    **** No section assigned to this execution region ****


==============================================================================

Image component sizes


      Code (inc. data)   RO Data    RW Data    ZI Data      Debug   Object Name

       718         64          0          0        233      16596   board.o
        10          0          0          0          0        580   dl_common.o
        68          4          0          0          0       4265   dl_dma.o
       520        188          0          0          0      31248   dl_timer.o
        90          8          0          0          0      14263   dl_uart.o
      4676        702        145          8         78      29686   empty.o
         0          0          0          0          4     169101   im948_cmd.o
       136         12          0          0          0       7257   motor.o
      1268         32          0          0          0      15898   myiic.o
      4362         36       6632          0       1152      27780   oled.o
       418         64          0          0        192       2613   pid.o
        48         22        192          0        512        680   startup_mspm0g350x_uvision.o
       896        192         82          0        308      33606   ti_msp_dl_config.o

    ----------------------------------------------------------------------
     13218       1324       7095          8       2496     353573   Object Totals
         0          0         32          0          0          0   (incl. Generated)
         8          0         12          0         17          0   (incl. Padding)

    ----------------------------------------------------------------------

      Code (inc. data)   RO Data    RW Data    ZI Data      Debug   Library Member Name

         8          0          0          0          0         68   __main.o
       312          6         17          0          0         76   __printf_flags_wp.o
        14          0          0          0          0         60   __printf_wp.o
         0          0          0          0          0          0   __rtentry.o
        12          0          0          0          0          0   __rtentry2.o
         6          0          0          0          0          0   __rtentry4.o
        60          8          0          0          0          0   __scatter.o
        26          0          0          0          0          0   __scatter_copy.o
        28          0          0          0          0          0   __scatter_zi.o
        10          0          0          0          0          0   _printf_c.o
        46          0          0          0          0        100   _printf_char.o
        48          6          0          0          0         88   _printf_char_common.o
        40          6          0          0          0         72   _printf_char_file.o
        10          0          0          0          0          0   _printf_d.o
       108         18          0          0          0         76   _printf_dec.o
        88          4         40          0          0         72   _printf_hex_int.o
       176          0          0          0          0         84   _printf_intcommon.o
        78          0          0          0          0        100   _printf_pad.o
         2          0          0          0          0          0   _printf_percent.o
         4          0          0          0          0          0   _printf_percent_end.o
        82          0          0          0          0         72   _printf_str.o
        10          0          0          0          0          0   _printf_x.o
        10          0          0          0          0         60   _sputc.o
      1006          4          0          0          0        184   aeabi_sdivfast.o
        16          0          0          0          0         68   exit.o
         8          0          0          0          0         60   ferror.o
         6          0          0          0          0        136   heapauxi.o
         2          0          0          0          0          0   libinit.o
         2          0          0          0          0          0   libinit2.o
         2          0          0          0          0          0   libshutdown.o
         2          0          0          0          0          0   libshutdown2.o
         8          4          0          0         96         68   libspace.o
        28          6          0          0          0         84   noretval__2printf.o
        40          4          0          0          0         84   noretval__2sprintf.o
        44          6          0          0          0         68   puts.o
       186          0          0          0          0        144   rt_memcpy.o
         2          0          0          0          0          0   rtexit.o
        10          0          0          0          0          0   rtexit2.o
        40          0          0          0          0         60   rtudiv10.o
        62          0          0          0          0         80   sys_stackheap_outer.o
        46          0          0          0          0         60   cmpret.o
        48          0          0          0          0        136   dcmp.o
       160          6          0          0          0         76   dcmpin.o
       100          4          0          0          0         92   dlef.o
        20          6          0          0          0         68   dnan2.o
        84          4          0          0          0         60   f2d.o
       348          8          0          0          0        160   faddsub.o
        48          0          0          0          0        136   fcmp.o
       100          4          0          0          0         68   fcmpin.o
        76          0          0          0          0         68   ffixi.o
        94          0          0          0          0         92   fflti.o
        84          4          0          0          0         76   fgef.o
        84          4          0          0          0         76   flef.o
       176          4          0          0          0         80   fmul.o
        16          6          0          0          0         68   fnan2.o
        94          0          0          0          0         68   retnan.o
         0          0          0          0          0          0   usenofp.o

    ----------------------------------------------------------------------
      4238        126         57          0         96       3348   Library Totals
        18          4          0          0          0          0   (incl. Padding)

    ----------------------------------------------------------------------

      Code (inc. data)   RO Data    RW Data    ZI Data      Debug   Library Name

      2642         72         57          0         96       1964   c_p.l
      1578         50          0          0          0       1384   fz_ps.l

    ----------------------------------------------------------------------
      4238        126         57          0         96       3348   Library Totals

    ----------------------------------------------------------------------

==============================================================================


      Code (inc. data)   RO Data    RW Data    ZI Data      Debug   

     17456       1450       7152          8       2592     354937   Grand Totals
     17456       1450       7152          8       2592     354937   ELF Image Totals
     17456       1450       7152          8          0          0   ROM Totals

==============================================================================

    Total RO  Size (Code + RO Data)                24608 (  24.03kB)
    Total RW  Size (RW Data + ZI Data)              2600 (   2.54kB)
    Total ROM Size (Code + RO Data + RW Data)      24616 (  24.04kB)

==============================================================================

